     1                                  ;***********************************************************
     2                                  ;  マクロ
     3                                  ;***********************************************************
     4                                  %include "../include/define.s"
     1                              <1> BOOT_SIZE equ (1024 * 8)
     2                              <1> KERNEL_SIZE equ (1024 * 8)
     3                              <1> 
     4                              <1> BOOT_LOAD equ 0x7C00
     5                              <1> BOOT_END equ (BOOT_LOAD + BOOT_SIZE)
     6                              <1> 
     7                              <1> KERNEL_LOAD equ 0x0010_1000
     8                              <1> 
     9                              <1> SECT_SIZE equ (512)
    10                              <1> 
    11                              <1> BOOT_SECT equ (BOOT_SIZE / SECT_SIZE)
    12                              <1> KERNEL_SECT equ (KERNEL_SIZE / SECT_SIZE)
    13                              <1> 
    14                              <1> E820_RECORD_SIZE equ 20
     5                                  %include "../include/macro.s"
     1                              <1> %macro cdecl 1-*.nolist
     2                              <1>     %rep %0 - 1
     3                              <1>         push %{-1:-1}
     4                              <1>         %rotate -1
     5                              <1>     %endrep
     6                              <1>     %rotate -1
     7                              <1> 
     8                              <1>     call %1
     9                              <1> 
    10                              <1>     %if 1 < %0
    11                              <1>         add sp, (__BITS__ >> 3) * (%0 - 1)
    12                              <1>     %endif
    13                              <1> %endmacro
    14                              <1> 
    15                              <1> struc drive
    16 00000000 <res 00000002>      <1>     .no resw 1      ; ドライブ番号
    17 00000002 <res 00000002>      <1>     .cyln resw 1    ; シリンダ
    18 00000004 <res 00000002>      <1>     .head resw 1    ; ヘッド
    19 00000006 <res 00000002>      <1>     .sect resw 1    ; セクタ
    20                              <1> endstruc
     6                                  
     7                                          ORG KERNEL_LOAD
     8                                  
     9                                  [BITS 32]
    10                                  ;***********************************************************
    11                                  ;  エントリポイント
    12                                  ;***********************************************************
    13                                  kernel:
    14                                          ;------------------------------------------
    15                                          ; フォントアドレスを取得
    16                                          ;------------------------------------------
    17 00000000 BE007E0000                      mov esi, BOOT_LOAD + SECT_SIZE
    18 00000005 0FB706                          movzx eax, word[esi + 0]
    19 00000008 0FB75E02                        movzx ebx, word[esi + 2]
    20 0000000C C1E004                          shl eax, 4
    21 0000000F 01D8                            add eax, ebx
    22 00000011 A3[4C010000]                    mov [FONT_ADR], eax
    23                                  
    24                                          ;------------------------------------------
    25                                          ; フォントの一覧表示
    26                                          ;------------------------------------------
    27 00000016 6A0D6A3FE8A8020000-             cdecl draw_font, 63, 13
    27 0000001F 6683C408           
    28 00000023 6A046A3FE829030000-             cdecl draw_color_bar, 63, 4
    28 0000002C 6683C408           
    29                                  
    30                                          ;------------------------------------------
    31                                          ; 文字列を描画
    32                                          ;------------------------------------------
    33 00000030 68[39010000]680F01-             cdecl draw_str, 25, 14, 0x010F, .s0
    33 00000038 00006A0E6A19E8C902-
    33 00000041 00006683C410       
    34                                  
    35                                          ;------------------------------------------
    36                                          ; ピクセルの描画
    37                                          ;------------------------------------------
    38 00000047 6A016A046A08E87D03-             cdecl draw_pixel, 8, 4, 0x01
    38 00000050 00006683C40C       
    39 00000056 6A016A056A09E86E03-             cdecl draw_pixel, 9, 5, 0x01
    39 0000005F 00006683C40C       
    40 00000065 6A026A066A0AE85F03-             cdecl draw_pixel, 10, 6, 0x02
    40 0000006E 00006683C40C       
    41 00000074 6A026A076A0BE85003-             cdecl draw_pixel, 11, 7, 0x02
    41 0000007D 00006683C40C       
    42 00000083 6A036A086A0CE84103-             cdecl draw_pixel, 12, 8, 0x03
    42 0000008C 00006683C40C       
    43 00000092 6A036A096A0DE83203-             cdecl draw_pixel, 13, 9, 0x03
    43 0000009B 00006683C40C       
    44 000000A1 6A046A0A6A0EE82303-             cdecl draw_pixel, 14, 10, 0x04
    44 000000AA 00006683C40C       
    45 000000B0 6A046A0B6A0FE81403-             cdecl draw_pixel, 15, 11, 0x04
    45 000000B9 00006683C40C       
    46                                  
    47 000000BF 6A036A046A0FE80503-             cdecl draw_pixel, 15, 4, 0x03
    47 000000C8 00006683C40C       
    48 000000CE 6A036A056A0EE8F602-             cdecl draw_pixel, 14, 5, 0x03
    48 000000D7 00006683C40C       
    49 000000DD 6A046A066A0DE8E702-             cdecl draw_pixel, 13, 6, 0x04
    49 000000E6 00006683C40C       
    50 000000EC 6A046A076A0CE8D802-             cdecl draw_pixel, 12, 7, 0x04
    50 000000F5 00006683C40C       
    51 000000FB 6A016A086A0BE8C902-             cdecl draw_pixel, 11, 8, 0x01
    51 00000104 00006683C40C       
    52 0000010A 6A016A096A0AE8BA02-             cdecl draw_pixel, 10, 9, 0x01
    52 00000113 00006683C40C       
    53 00000119 6A026A0A6A09E8AB02-             cdecl draw_pixel, 9, 10, 0x02
    53 00000122 00006683C40C       
    54 00000128 6A026A0B6A08E89C02-             cdecl draw_pixel, 8, 11, 0x02
    54 00000131 00006683C40C       
    55                                  
    56                                          ;------------------------------------------
    57                                          ; 処理の終了
    58                                          ;------------------------------------------
    59 00000137 EBFE                            jmp $
    60                                  
    61 00000139 2048656C6C6F2C206B-     .s0:    db " Hello, kernel! ", 0
    61 00000142 65726E656C212000   
    62                                  
    63 0000014A 00<rept>                ALIGN 4, db 0
    64 0000014C 00000000                FONT_ADR: dd 0
    65                                  
    66                                  ;***********************************************************
    67                                  ;  モジュール
    68                                  ;***********************************************************
    69                                  %include "../modules/protect/vga.s"
     1                              <1> vga_set_read_plane:
     2                              <1>         ;-----------------------------------------
     3                              <1>         ; 【スタックフレームの構築】
     4                              <1>         ;-----------------------------------------
     5 00000150 55                  <1>         push ebp
     6 00000151 89E5                <1>         mov ebp, esp
     7                              <1> 
     8                              <1>         ;-----------------------------------------
     9                              <1>         ; 【レジスタの保存】
    10                              <1>         ;-----------------------------------------
    11 00000153 50                  <1>         push eax
    12 00000154 52                  <1>         push edx
    13                              <1> 
    14                              <1>         ;-----------------------------------------
    15                              <1>         ; 読み込みプレーンの選択
    16                              <1>         ;-----------------------------------------
    17 00000155 8A6508              <1>         mov ah, [ebp + 8]
    18 00000158 80E403              <1>         and ah, 0x03
    19 0000015B B004                <1>         mov al, 0x04
    20 0000015D 66BACE03            <1>         mov dx, 0x03CE
    21 00000161 66EF                <1>         out dx, ax
    22                              <1> 
    23                              <1>         ;-----------------------------------------
    24                              <1>         ; 【レジスタの復帰】
    25                              <1>         ;-----------------------------------------
    26 00000163 5A                  <1>         pop edx
    27 00000164 58                  <1>         pop eax
    28                              <1> 
    29                              <1>         ;-----------------------------------------
    30                              <1>         ; 【スタックフレームの破棄】
    31                              <1>         ;-----------------------------------------
    32 00000165 89EC                <1>         mov esp, ebp
    33 00000167 5D                  <1>         pop ebp
    34                              <1> 
    35 00000168 C3                  <1>         ret
    36                              <1> 
    37                              <1> vga_set_write_plane:
    38                              <1>         ;-----------------------------------------
    39                              <1>         ; 【スタックフレームの構築】
    40                              <1>         ;-----------------------------------------
    41 00000169 55                  <1>         push ebp
    42 0000016A 89E5                <1>         mov ebp, esp
    43                              <1> 
    44                              <1>         ;-----------------------------------------
    45                              <1>         ; 【レジスタの保存】
    46                              <1>         ;-----------------------------------------
    47 0000016C 50                  <1>         push eax
    48 0000016D 52                  <1>         push edx
    49                              <1> 
    50                              <1>         ;-----------------------------------------
    51                              <1>         ; 書き込みプレーンの選択
    52                              <1>         ;-----------------------------------------
    53 0000016E 8A6508              <1>         mov ah, [ebp + 8]
    54 00000171 80E40F              <1>         and ah, 0x0F
    55 00000174 B002                <1>         mov al, 0x02
    56 00000176 66BAC403            <1>         mov dx, 0x03C4
    57 0000017A 66EF                <1>         out dx, ax
    58                              <1> 
    59                              <1>         ;-----------------------------------------
    60                              <1>         ; 【レジスタの復帰】
    61                              <1>         ;-----------------------------------------
    62 0000017C 5A                  <1>         pop edx
    63 0000017D 58                  <1>         pop eax
    64                              <1> 
    65                              <1>         ;-----------------------------------------
    66                              <1>         ; 【スタックフレームの破棄】
    67                              <1>         ;-----------------------------------------
    68 0000017E 89EC                <1>         mov esp, ebp
    69 00000180 5D                  <1>         pop ebp
    70                              <1> 
    71 00000181 C3                  <1>         ret
    72                              <1> 
    73                              <1> vram_font_copy:
    74                              <1>         ;-----------------------------------------
    75                              <1>         ; 【スタックフレームの構築】
    76                              <1>         ;-----------------------------------------
    77 00000182 55                  <1>         push ebp
    78 00000183 89E5                <1>         mov ebp, esp
    79                              <1> 
    80                              <1>         ;-----------------------------------------
    81                              <1>         ; 【レジスタの保存】
    82                              <1>         ;-----------------------------------------
    83 00000185 50                  <1>         push eax
    84 00000186 53                  <1>         push ebx
    85 00000187 51                  <1>         push ecx
    86 00000188 52                  <1>         push edx
    87 00000189 56                  <1>         push esi
    88 0000018A 57                  <1>         push edi
    89                              <1> 
    90                              <1>         ;-----------------------------------------
    91                              <1>         ; マスクデータの作成
    92                              <1>         ;-----------------------------------------
    93 0000018B 8B7508              <1>         mov esi, [ebp + 8]
    94 0000018E 8B7D0C              <1>         mov edi, [ebp + 12]
    95 00000191 0FB64510            <1>         movzx eax, byte [ebp + 16]
    96 00000195 0FB75D14            <1>         movzx ebx, word [ebp + 20]
    97                              <1> 
    98 00000199 84C7                <1>         test bh, al
    99 0000019B 0F94C6              <1>         setz dh
   100 0000019E FECE                <1>         dec dh
   101                              <1> 
   102 000001A0 84C3                <1>         test bl, al
   103 000001A2 0F94C2              <1>         setz dl
   104 000001A5 FECA                <1>         dec dl
   105                              <1> 
   106                              <1>         ;-----------------------------------------
   107                              <1>         ; 16ドットフォントのコピー
   108                              <1>         ;-----------------------------------------
   109 000001A7 FC                  <1>         cld
   110                              <1> 
   111 000001A8 B910000000          <1>         mov ecx, 16
   112                              <1> .10L:
   113                              <1> 
   114                              <1>         ;-----------------------------------------
   115                              <1>         ; フォントマスクの作成
   116                              <1>         ;-----------------------------------------
   117 000001AD AC                  <1>         lodsb
   118 000001AE 88C4                <1>         mov ah, al
   119 000001B0 F6D4                <1>         not ah
   120                              <1> 
   121                              <1>         ;-----------------------------------------
   122                              <1>         ; 前景色
   123                              <1>         ;-----------------------------------------
   124 000001B2 20D0                <1>         and al, dl
   125                              <1> 
   126                              <1>         ;-----------------------------------------
   127                              <1>         ; 背景色
   128                              <1>         ;-----------------------------------------
   129 000001B4 F7C310000000        <1>         test ebx, 0x0010
   130 000001BA 7404                <1>         jz .11F
   131 000001BC 2227                <1>         and ah, [edi]
   132 000001BE EB02                <1>         jmp .11E
   133                              <1> .11F:
   134 000001C0 20F4                <1>         and ah, dh
   135                              <1> .11E:
   136                              <1> 
   137                              <1>         ;-----------------------------------------
   138                              <1>         ; 前景色と背景色をコピー
   139                              <1>         ;-----------------------------------------
   140 000001C2 08E0                <1>         or al, ah
   141                              <1> 
   142                              <1>         ;-----------------------------------------
   143                              <1>         ; 新しい値を出力
   144                              <1>         ;-----------------------------------------
   145 000001C4 8807                <1>         mov [edi], al
   146                              <1> 
   147 000001C6 83C750              <1>         add edi, 80
   148 000001C9 E2E2                <1>         loop .10L
   149                              <1> .10E:
   150                              <1> 
   151                              <1>         ;-----------------------------------------
   152                              <1>         ; 【レジスタの復帰】
   153                              <1>         ;-----------------------------------------
   154 000001CB 5F                  <1>         pop edi
   155 000001CC 5E                  <1>         pop esi
   156 000001CD 5A                  <1>         pop edx
   157 000001CE 59                  <1>         pop ecx
   158 000001CF 5B                  <1>         pop ebx
   159 000001D0 58                  <1>         pop eax
   160                              <1> 
   161                              <1>         ;-----------------------------------------
   162                              <1>         ; 【スタックフレームの破棄】
   163                              <1>         ;-----------------------------------------
   164 000001D1 89EC                <1>         mov esp, ebp
   165 000001D3 5D                  <1>         pop ebp
   166                              <1> 
   167 000001D4 C3                  <1>         ret
   168                              <1> 
   169                              <1> vram_bit_copy:
   170                              <1>         ;-----------------------------------------
   171                              <1>         ; 【スタックフレームの構築】
   172                              <1>         ;-----------------------------------------
   173 000001D5 55                  <1>         push ebp
   174 000001D6 89E5                <1>         mov ebp, esp
   175                              <1> 
   176                              <1>         ;-----------------------------------------
   177                              <1>         ; 【レジスタの保存】
   178                              <1>         ;-----------------------------------------
   179 000001D8 50                  <1>         push eax
   180 000001D9 53                  <1>         push ebx
   181 000001DA 57                  <1>         push edi
   182                              <1> 
   183                              <1>         ;-----------------------------------------
   184                              <1>         ; ビットのコピー
   185                              <1>         ;-----------------------------------------
   186 000001DB 8B7D0C              <1>         mov edi, [ebp + 12]
   187 000001DE 0FB64510            <1>         movzx eax, byte [ebp + 16]
   188 000001E2 0FB75D14            <1>         movzx ebx, word [ebp + 20]
   189                              <1> 
   190 000001E6 84C3                <1>         test bl, al
   191 000001E8 0F94C3              <1>         setz bl
   192 000001EB FECB                <1>         dec bl
   193                              <1> 
   194                              <1>         ;-----------------------------------------
   195                              <1>         ; 反転処理
   196                              <1>         ;-----------------------------------------
   197 000001ED 8A4508              <1>         mov al, [ebp + 8]
   198 000001F0 88C4                <1>         mov ah, al
   199 000001F2 F6D4                <1>         not ah
   200                              <1> 
   201                              <1>         ;-----------------------------------------
   202                              <1>         ; 描画処理
   203                              <1>         ;-----------------------------------------
   204 000001F4 2227                <1>         and ah, [edi]
   205 000001F6 20D8                <1>         and al, bl
   206 000001F8 08E0                <1>         or al, ah
   207 000001FA 8807                <1>         mov [edi], al
   208                              <1> 
   209                              <1>         ;-----------------------------------------
   210                              <1>         ; 【レジスタの復帰】
   211                              <1>         ;-----------------------------------------
   212 000001FC 5F                  <1>         pop edi
   213 000001FD 5B                  <1>         pop ebx
   214 000001FE 58                  <1>         pop eax
   215                              <1> 
   216                              <1>         ;-----------------------------------------
   217                              <1>         ; 【スタックフレームの破棄】
   218                              <1>         ;-----------------------------------------
   219 000001FF 89EC                <1>         mov esp, ebp
   220 00000201 5D                  <1>         pop ebp
   221                              <1> 
   222 00000202 C3                  <1>         ret
    70                                  %include "../modules/protect/draw_char.s"
     1                              <1> draw_char:
     2                              <1>         ;-----------------------------------------
     3                              <1>         ; 【スタックフレームの構築】
     4                              <1>         ;-----------------------------------------
     5 00000203 55                  <1>         push ebp
     6 00000204 89E5                <1>         mov ebp, esp
     7                              <1> 
     8                              <1>         ;-----------------------------------------
     9                              <1>         ; 【レジスタの保存】
    10                              <1>         ;-----------------------------------------
    11 00000206 50                  <1>         push	eax
    12 00000207 53                  <1>         push	ebx
    13 00000208 51                  <1>         push	ecx
    14 00000209 52                  <1>         push	edx
    15 0000020A 56                  <1>         push	esi
    16 0000020B 57                  <1>         push	edi
    17                              <1> 
    18                              <1>         ;-----------------------------------------
    19                              <1>         ; コピー元フォントアドレスを設定
    20                              <1>         ;-----------------------------------------
    21 0000020C 0FB67514            <1>         movzx esi, byte [ebp + 20]
    22 00000210 C1E604              <1>         shl esi, 4
    23 00000213 0335[4C010000]      <1>         add esi, [FONT_ADR]
    24                              <1> 
    25                              <1>         ;-----------------------------------------
    26                              <1>         ; コピー先アドレスを取得
    27                              <1>         ; Adr = 0xA0000 + (640 / 8 * 16) * y + x
    28                              <1>         ;-----------------------------------------
    29 00000219 8B7D0C              <1>         mov edi, [ebp + 12]
    30 0000021C C1E708              <1>         shl edi, 8
    31 0000021F 8DBCBF00000A00      <1>         lea edi, [edi * 4 + edi + 0xA0000]
    32 00000226 037D08              <1>         add edi, [ebp + 8]
    33                              <1> 
    34                              <1>         ;-----------------------------------------
    35                              <1>         ; 1文字分のフォントを出力
    36                              <1>         ;-----------------------------------------
    37 00000229 0FB75D10            <1>         movzx ebx, word[ebp + 16]
    38                              <1> 
    39 0000022D 6A03E81CFFFFFF6683- <1>         cdecl vga_set_read_plane, 0x03
    39 00000236 C404                <1>
    40 00000238 6A08E82AFFFFFF6683- <1>         cdecl vga_set_write_plane, 0x08
    40 00000241 C404                <1>
    41 00000243 536A085756E835FFFF- <1>         cdecl vram_font_copy, esi, edi, 0x08, ebx
    41 0000024C FF6683C410          <1>
    42                              <1> 
    43 00000251 6A02E8F8FEFFFF6683- <1>         cdecl vga_set_read_plane, 0x02
    43 0000025A C404                <1>
    44 0000025C 6A04E806FFFFFF6683- <1>         cdecl vga_set_write_plane, 0x04
    44 00000265 C404                <1>
    45 00000267 536A045756E811FFFF- <1>         cdecl vram_font_copy, esi, edi, 0x04, ebx
    45 00000270 FF6683C410          <1>
    46                              <1> 
    47 00000275 6A01E8D4FEFFFF6683- <1>         cdecl vga_set_read_plane, 0x01
    47 0000027E C404                <1>
    48 00000280 6A02E8E2FEFFFF6683- <1>         cdecl vga_set_write_plane, 0x02
    48 00000289 C404                <1>
    49 0000028B 536A025756E8EDFEFF- <1>         cdecl vram_font_copy, esi, edi, 0x02, ebx
    49 00000294 FF6683C410          <1>
    50                              <1> 
    51 00000299 6A00E8B0FEFFFF6683- <1>         cdecl vga_set_read_plane, 0x00
    51 000002A2 C404                <1>
    52 000002A4 6A01E8BEFEFFFF6683- <1>         cdecl vga_set_write_plane, 0x01
    52 000002AD C404                <1>
    53 000002AF 536A015756E8C9FEFF- <1>         cdecl vram_font_copy, esi, edi, 0x01, ebx
    53 000002B8 FF6683C410          <1>
    54                              <1> 
    55                              <1>         ;-----------------------------------------
    56                              <1>         ; 【レジスタの復帰】
    57                              <1>         ;-----------------------------------------
    58 000002BD 5F                  <1>         pop edi
    59 000002BE 5E                  <1>         pop esi
    60 000002BF 5A                  <1>         pop edx
    61 000002C0 59                  <1>         pop ecx
    62 000002C1 5B                  <1>         pop ebx
    63 000002C2 58                  <1>         pop eax
    64                              <1> 
    65                              <1>         ;-----------------------------------------
    66                              <1>         ; 【スタックフレームの破棄】
    67                              <1>         ;-----------------------------------------
    68 000002C3 89EC                <1>         mov esp, ebp
    69 000002C5 5D                  <1>         pop ebp
    70                              <1> 
    71 000002C6 C3                  <1>         ret
    71                                  %include "../modules/protect/draw_font.s"
     1                              <1> draw_font:
     2                              <1>         ;-----------------------------------------
     3                              <1>         ; 【スタックフレームの構築】
     4                              <1>         ;-----------------------------------------
     5 000002C7 55                  <1>         push ebp
     6 000002C8 89E5                <1>         mov ebp, esp
     7                              <1> 
     8                              <1>         ;-----------------------------------------
     9                              <1>         ; 【レジスタの保存】
    10                              <1>         ;-----------------------------------------
    11 000002CA 50                  <1>         push	eax
    12 000002CB 53                  <1>         push	ebx
    13 000002CC 51                  <1>         push	ecx
    14 000002CD 52                  <1>         push	edx
    15 000002CE 56                  <1>         push	esi
    16 000002CF 57                  <1>         push	edi
    17                              <1> 
    18                              <1>         ;-----------------------------------------
    19                              <1>         ; 基準となる位置をレジスタに保存
    20                              <1>         ;-----------------------------------------
    21 000002D0 8B7508              <1>         mov esi, [ebp + 8]
    22 000002D3 8B7D0C              <1>         mov edi, [ebp + 12]
    23                              <1> 
    24                              <1>         ;-----------------------------------------
    25                              <1>         ; フォントを一覧表示する
    26                              <1>         ;-----------------------------------------
    27 000002D6 B900000000          <1>         mov ecx, 0
    28                              <1> .10L:
    29 000002DB 81F900010000        <1>         cmp ecx, 256
    30 000002E1 731F                <1>         jae .10E
    31                              <1> 
    32 000002E3 89C8                <1>         mov eax, ecx
    33 000002E5 83E00F              <1>         and eax, 0x0F
    34 000002E8 01F0                <1>         add eax, esi
    35                              <1> 
    36 000002EA 89CB                <1>         mov ebx, ecx
    37 000002EC C1EB04              <1>         shr ebx, 4
    38 000002EF 01FB                <1>         add ebx, edi
    39                              <1> 
    40 000002F1 516A075350E808FFFF- <1>         cdecl draw_char, eax, ebx, 0x07, ecx
    40 000002FA FF6683C410          <1>
    41                              <1> 
    42 000002FF 41                  <1>         inc ecx
    43 00000300 EBD9                <1>         jmp .10L
    44                              <1> .10E:
    45                              <1> 
    46                              <1>         ;-----------------------------------------
    47                              <1>         ; 【レジスタの復帰】
    48                              <1>         ;-----------------------------------------
    49 00000302 5F                  <1>         pop edi
    50 00000303 5E                  <1>         pop esi
    51 00000304 5A                  <1>         pop edx
    52 00000305 59                  <1>         pop ecx
    53 00000306 5B                  <1>         pop ebx
    54 00000307 58                  <1>         pop eax
    55                              <1> 
    56                              <1>         ;-----------------------------------------
    57                              <1>         ; 【スタックフレームの破棄】
    58                              <1>         ;-----------------------------------------
    59 00000308 89EC                <1>         mov esp, ebp
    60 0000030A 5D                  <1>         pop ebp
    61                              <1> 
    62 0000030B C3                  <1>         ret
    72                                  %include "../modules/protect/draw_str.s"
     1                              <1> draw_str:
     2                              <1>         ;-----------------------------------------
     3                              <1>         ; 【スタックフレームの構築】
     4                              <1>         ;-----------------------------------------
     5 0000030C 55                  <1>         push ebp
     6 0000030D 89E5                <1>         mov ebp, esp
     7                              <1> 
     8                              <1>         ;-----------------------------------------
     9                              <1>         ; 【レジスタの保存】
    10                              <1>         ;-----------------------------------------
    11 0000030F 50                  <1>         push	eax
    12 00000310 53                  <1>         push	ebx
    13 00000311 51                  <1>         push	ecx
    14 00000312 52                  <1>         push	edx
    15 00000313 56                  <1>         push	esi
    16                              <1> 
    17                              <1>         ;-----------------------------------------
    18                              <1>         ; 文字列を描画する
    19                              <1>         ;-----------------------------------------
    20 00000314 8B4D08              <1>         mov ecx, [ebp + 8]
    21 00000317 8B550C              <1>         mov edx, [ebp + 12]
    22 0000031A 0FB75D10            <1>         movzx ebx, word [ebp + 16]
    23 0000031E 8B7514              <1>         mov esi, [ebp + 20]
    24                              <1> 
    25 00000321 FC                  <1>         cld
    26                              <1> .10L:
    27 00000322 AC                  <1>         lodsb
    28 00000323 3C00                <1>         cmp al, 0
    29 00000325 7425                <1>         je .10E
    30                              <1> 
    31 00000327 50535251E8D3FEFFFF- <1>         cdecl draw_char, ecx, edx, ebx, eax
    31 00000330 6683C410            <1>
    32                              <1> 
    33 00000334 41                  <1>         inc ecx
    34 00000335 83F950              <1>         cmp ecx, 80
    35 00000338 7C10                <1>         jl .12E
    36 0000033A B900000000          <1>         mov ecx, 0
    37 0000033F 42                  <1>         inc edx
    38 00000340 83FA1E              <1>         cmp edx, 30
    39 00000343 7C05                <1>         jl .12E
    40 00000345 BA00000000          <1>         mov edx, 0
    41                              <1> .12E:
    42 0000034A EBD6                <1>         jmp .10L
    43                              <1> .10E:
    44                              <1> 
    45                              <1>         ;-----------------------------------------
    46                              <1>         ; 【レジスタの復帰】
    47                              <1>         ;-----------------------------------------
    48 0000034C 5E                  <1>         pop esi
    49 0000034D 5A                  <1>         pop edx
    50 0000034E 59                  <1>         pop ecx
    51 0000034F 5B                  <1>         pop ebx
    52 00000350 58                  <1>         pop eax
    53                              <1> 
    54                              <1>         ;-----------------------------------------
    55                              <1>         ; 【スタックフレームの破棄】
    56                              <1>         ;-----------------------------------------
    57 00000351 89EC                <1>         mov esp, ebp
    58 00000353 5D                  <1>         pop ebp
    59                              <1> 
    60 00000354 C3                  <1>         ret
    73                                  %include "../modules/protect/draw_color_bar.s"
     1                              <1> draw_color_bar:
     2                              <1>         ;-----------------------------------------
     3                              <1>         ; 【スタックフレームの構築】
     4                              <1>         ;-----------------------------------------
     5 00000355 55                  <1>         push ebp
     6 00000356 89E5                <1>         mov ebp, esp
     7                              <1> 
     8                              <1>         ;-----------------------------------------
     9                              <1>         ; 【レジスタの保存】
    10                              <1>         ;-----------------------------------------
    11 00000358 50                  <1>         push	eax
    12 00000359 53                  <1>         push	ebx
    13 0000035A 51                  <1>         push	ecx
    14 0000035B 52                  <1>         push	edx
    15 0000035C 56                  <1>         push	esi
    16 0000035D 57                  <1>         push	edi
    17                              <1> 
    18                              <1>         ;-----------------------------------------
    19                              <1>         ; 基準となる位置をレジスタに保存
    20                              <1>         ;-----------------------------------------
    21 0000035E 8B7508              <1>         mov esi, [ebp + 8]
    22 00000361 8B7D0C              <1>         mov edi, [ebp + 12]
    23                              <1> 
    24                              <1>         ;-----------------------------------------
    25                              <1>         ; カラーバーを表示
    26                              <1>         ;-----------------------------------------
    27 00000364 B900000000          <1>         mov ecx, 0
    28                              <1> .10L:
    29 00000369 83F910              <1>         cmp ecx, 16
    30 0000036C 732E                <1>         jae .10E
    31                              <1> 
    32 0000036E 89C8                <1>         mov eax, ecx
    33 00000370 83E001              <1>         and eax, 0x01
    34 00000373 C1E003              <1>         shl eax, 3
    35 00000376 01F0                <1>         add eax, esi
    36                              <1> 
    37 00000378 89CB                <1>         mov ebx, ecx
    38 0000037A D1EB                <1>         shr ebx, 1
    39 0000037C 01FB                <1>         add ebx, edi
    40                              <1> 
    41 0000037E 89CA                <1>         mov edx, ecx
    42 00000380 D1E2                <1>         shl edx, 1
    43 00000382 8B92[AF030000]      <1>         mov edx, [.t0 + edx]
    44                              <1> 
    45 00000388 68[A6030000]525350- <1>         cdecl draw_str, eax, ebx, edx, .s0
    45 00000390 E877FFFFFF6683C410  <1>
    46                              <1> 
    47 00000399 41                  <1>         inc ecx
    48 0000039A EBCD                <1>         jmp .10L
    49                              <1> .10E:
    50                              <1> 
    51                              <1>         ;-----------------------------------------
    52                              <1>         ; 【レジスタの復帰】
    53                              <1>         ;-----------------------------------------
    54 0000039C 5F                  <1>         pop edi
    55 0000039D 5E                  <1>         pop esi
    56 0000039E 5A                  <1>         pop edx
    57 0000039F 59                  <1>         pop ecx
    58 000003A0 5B                  <1>         pop ebx
    59 000003A1 58                  <1>         pop eax
    60                              <1> 
    61                              <1>         ;-----------------------------------------
    62                              <1>         ; 【スタックフレームの破棄】
    63                              <1>         ;-----------------------------------------
    64 000003A2 89EC                <1>         mov esp, ebp
    65 000003A4 5D                  <1>         pop ebp
    66                              <1> 
    67 000003A5 C3                  <1>         ret
    68                              <1> 
    69 000003A6 202020202020202000  <1> .s0:    db '        ', 0
    70 000003AF 00000008            <1> .t0:    dw 0x0000, 0x0800
    71 000003B3 00010009            <1>         dw 0x0100, 0x0900
    72 000003B7 0002000A            <1>         dw 0x0200, 0x0A00
    73 000003BB 0003000B            <1>         dw 0x0300, 0x0B00
    74 000003BF 0004000C            <1>         dw 0x0400, 0x0C00
    75 000003C3 0005000D            <1>         dw 0x0500, 0x0D00
    76 000003C7 0006000E            <1>         dw 0x0600, 0x0E00
    77 000003CB 0007000F            <1>         dw 0x0700, 0x0F00
    74                                  %include "../modules/protect/draw_pixel.s"
     1                              <1> draw_pixel:
     2                              <1>         ;-----------------------------------------
     3                              <1>         ; 【スタックフレームの構築】
     4                              <1>         ;-----------------------------------------
     5 000003CF 55                  <1>         push ebp
     6 000003D0 89E5                <1>         mov ebp, esp
     7                              <1> 
     8                              <1>         ;-----------------------------------------
     9                              <1>         ; 【レジスタの保存】
    10                              <1>         ;-----------------------------------------
    11 000003D2 50                  <1>         push	eax
    12 000003D3 53                  <1>         push	ebx
    13 000003D4 51                  <1>         push	ecx
    14 000003D5 57                  <1>         push	edi
    15                              <1> 
    16                              <1>         ;-----------------------------------------
    17                              <1>         ; Y座標を80倍する(640/8)
    18                              <1>         ;-----------------------------------------
    19 000003D6 8B7D0C              <1>         mov edi, [ebp + 12]
    20 000003D9 C1E704              <1>         shl edi, 4
    21 000003DC 8DBCBF00000A00      <1>         lea edi, [edi * 4 + edi + 0xA_0000]
    22                              <1> 
    23                              <1>         ;-----------------------------------------
    24                              <1>         ; X座標を1/8して加算
    25                              <1>         ;-----------------------------------------
    26 000003E3 8B5D08              <1>         mov ebx, [ebp + 8]
    27 000003E6 89D9                <1>         mov ecx, ebx
    28 000003E8 C1EB03              <1>         shr ebx, 3
    29 000003EB 01DF                <1>         add edi, ebx
    30                              <1> 
    31                              <1>         ;-----------------------------------------
    32                              <1>         ; X座標を8で割った余りからビット位置を計算
    33                              <1>         ; (0=0x80, 1=0x40, ..., 7=0x01)
    34                              <1>         ;-----------------------------------------
    35 000003ED 83E107              <1>         and ecx, 0x07
    36 000003F0 BB80000000          <1>         mov ebx, 0x80
    37 000003F5 D3EB                <1>         shr ebx, cl
    38                              <1> 
    39                              <1>         ;-----------------------------------------
    40                              <1>         ; 色指定
    41                              <1>         ;-----------------------------------------
    42 000003F7 8B4D10              <1>         mov ecx, [ebp + 16]
    43                              <1> 
    44                              <1>         ;-----------------------------------------
    45                              <1>         ; プレーンごとに出力
    46                              <1>         ;-----------------------------------------
    47 000003FA 6A03E84FFDFFFF6683- <1>         cdecl vga_set_read_plane, 0x03
    47 00000403 C404                <1>
    48 00000405 6A08E85DFDFFFF6683- <1>         cdecl vga_set_write_plane, 0x08
    48 0000040E C404                <1>
    49 00000410 516A085753E8BBFDFF- <1>         cdecl vram_bit_copy, ebx, edi, 0x08, ecx
    49 00000419 FF6683C410          <1>
    50                              <1> 
    51 0000041E 6A02E82BFDFFFF6683- <1>         cdecl vga_set_read_plane, 0x02
    51 00000427 C404                <1>
    52 00000429 6A04E839FDFFFF6683- <1>         cdecl vga_set_write_plane, 0x04
    52 00000432 C404                <1>
    53 00000434 516A045753E897FDFF- <1>         cdecl vram_bit_copy, ebx, edi, 0x04, ecx
    53 0000043D FF6683C410          <1>
    54                              <1> 
    55 00000442 6A01E807FDFFFF6683- <1>         cdecl vga_set_read_plane, 0x01
    55 0000044B C404                <1>
    56 0000044D 6A02E815FDFFFF6683- <1>         cdecl vga_set_write_plane, 0x02
    56 00000456 C404                <1>
    57 00000458 516A025753E873FDFF- <1>         cdecl vram_bit_copy, ebx, edi, 0x02, ecx
    57 00000461 FF6683C410          <1>
    58                              <1> 
    59 00000466 6A00E8E3FCFFFF6683- <1>         cdecl vga_set_read_plane, 0x00
    59 0000046F C404                <1>
    60 00000471 6A01E8F1FCFFFF6683- <1>         cdecl vga_set_write_plane, 0x01
    60 0000047A C404                <1>
    61 0000047C 516A015753E84FFDFF- <1>         cdecl vram_bit_copy, ebx, edi, 0x01, ecx
    61 00000485 FF6683C410          <1>
    62                              <1> 
    63                              <1>         ;-----------------------------------------
    64                              <1>         ; 【レジスタの復帰】
    65                              <1>         ;-----------------------------------------
    66 0000048A 5F                  <1>         pop edi
    67 0000048B 59                  <1>         pop ecx
    68 0000048C 5B                  <1>         pop ebx
    69 0000048D 58                  <1>         pop eax
    70                              <1> 
    71                              <1>         ;-----------------------------------------
    72                              <1>         ; 【スタックフレームの破棄】
    73                              <1>         ;-----------------------------------------
    74 0000048E 89EC                <1>         mov esp, ebp
    75 00000490 5D                  <1>         pop ebp
    76                              <1> 
    77 00000491 C3                  <1>         ret
    78                              <1> 
    79 00000492 202020202020202000  <1> .s0:    db '        ', 0
    80 0000049B 00000008            <1> .t0:    dw 0x0000, 0x0800
    81 0000049F 00010009            <1>         dw 0x0100, 0x0900
    82 000004A3 0002000A            <1>         dw 0x0200, 0x0A00
    83 000004A7 0003000B            <1>         dw 0x0300, 0x0B00
    84 000004AB 0004000C            <1>         dw 0x0400, 0x0C00
    85 000004AF 0005000D            <1>         dw 0x0500, 0x0D00
    86 000004B3 0006000E            <1>         dw 0x0600, 0x0E00
    87 000004B7 0007000F            <1>         dw 0x0700, 0x0F00
    75                                  
    76                                  ;***********************************************************
    77                                  ;  パディング
    78                                  ;***********************************************************
    79 000004BB 00<rept>                        times KERNEL_SIZE - ($ - $$) db 0
