     1                                  ;***********************************************************
     2                                  ;  マクロ
     3                                  ;***********************************************************
     4                                  %include "../include/define.s"
     1                              <1> BOOT_SIZE equ (1024 * 8)
     2                              <1> KERNEL_SIZE equ (1024 * 8)
     3                              <1> 
     4                              <1> BOOT_LOAD equ 0x7C00
     5                              <1> BOOT_END equ (BOOT_LOAD + BOOT_SIZE)
     6                              <1> 
     7                              <1> KERNEL_LOAD equ 0x0010_1000
     8                              <1> 
     9                              <1> SECT_SIZE equ (512)
    10                              <1> 
    11                              <1> BOOT_SECT equ (BOOT_SIZE / SECT_SIZE)
    12                              <1> KERNEL_SECT equ (KERNEL_SIZE / SECT_SIZE)
    13                              <1> 
    14                              <1> E820_RECORD_SIZE equ 20
     5                                  %include "../include/macro.s"
     1                              <1> %macro cdecl 1-*.nolist
     2                              <1>     %rep %0 - 1
     3                              <1>         push %{-1:-1}
     4                              <1>         %rotate -1
     5                              <1>     %endrep
     6                              <1>     %rotate -1
     7                              <1> 
     8                              <1>     call %1
     9                              <1> 
    10                              <1>     %if 1 < %0
    11                              <1>         add sp, (__BITS__ >> 3) * (%0 - 1)
    12                              <1>     %endif
    13                              <1> %endmacro
    14                              <1> 
    15                              <1> struc drive
    16 00000000 <res 00000002>      <1>     .no resw 1      ; ドライブ番号
    17 00000002 <res 00000002>      <1>     .cyln resw 1    ; シリンダ
    18 00000004 <res 00000002>      <1>     .head resw 1    ; ヘッド
    19 00000006 <res 00000002>      <1>     .sect resw 1    ; セクタ
    20                              <1> endstruc
     6                                  
     7                                          ORG KERNEL_LOAD
     8                                  
     9                                  [BITS 32]
    10                                  ;***********************************************************
    11                                  ;  エントリポイント
    12                                  ;***********************************************************
    13                                  kernel:
    14                                          ;------------------------------------------
    15                                          ; フォントアドレスを取得
    16                                          ;------------------------------------------
    17 00000000 BE007E0000                      mov esi, BOOT_LOAD + SECT_SIZE
    18 00000005 0FB706                          movzx eax, word[esi + 0]
    19 00000008 0FB75E02                        movzx ebx, word[esi + 2]
    20 0000000C C1E004                          shl eax, 4
    21 0000000F 01D8                            add eax, ebx
    22 00000011 A3[90000000]                    mov [FONT_ADR], eax
    23                                  
    24                                          ;------------------------------------------
    25                                          ; 文字の表示
    26                                          ;------------------------------------------
    27 00000016 6A41680F0100006A00-             cdecl	draw_char, 0, 0, 0x010F, 'A'
    27 0000001F 6A00E8F30000006683-
    27 00000028 C410               
    28 0000002A 6A42680F0100006A00-             cdecl	draw_char, 1, 0, 0x010F, 'B'
    28 00000033 6A01E8DF0000006683-
    28 0000003C C410               
    29 0000003E 6A43680F0100006A00-             cdecl	draw_char, 2, 0, 0x010F, 'C'
    29 00000047 6A02E8CB0000006683-
    29 00000050 C410               
    30                                  
    31 00000052 6A3068020400006A00-             cdecl	draw_char, 0, 0, 0x0402, '0'
    31 0000005B 6A00E8B70000006683-
    31 00000064 C410               
    32 00000066 6A3168120200006A00-             cdecl	draw_char, 1, 0, 0x0212, '1'
    32 0000006F 6A01E8A30000006683-
    32 00000078 C410               
    33 0000007A 6A5F68120200006A00-             cdecl	draw_char, 2, 0, 0x0212, '_'
    33 00000083 6A02E88F0000006683-
    33 0000008C C410               
    34                                  
    35                                          ;------------------------------------------
    36                                          ; 処理の終了
    37                                          ;------------------------------------------
    38 0000008E EBFE                            jmp $
    39                                  
    40                                  ALIGN 4, db 0
    41 00000090 00000000                FONT_ADR: dd 0
    42                                  
    43                                  ;***********************************************************
    44                                  ;  モジュール
    45                                  ;***********************************************************
    46                                  %include "../modules/protect/vga.s"
     1                              <1> vga_set_read_plane:
     2                              <1>         ;-----------------------------------------
     3                              <1>         ; 【スタックフレームの構築】
     4                              <1>         ;-----------------------------------------
     5 00000094 55                  <1>         push ebp
     6 00000095 89E5                <1>         mov ebp, esp
     7                              <1> 
     8                              <1>         ;-----------------------------------------
     9                              <1>         ; 【レジスタの保存】
    10                              <1>         ;-----------------------------------------
    11 00000097 50                  <1>         push eax
    12 00000098 52                  <1>         push edx
    13                              <1> 
    14                              <1>         ;-----------------------------------------
    15                              <1>         ; 読み込みプレーンの選択
    16                              <1>         ;-----------------------------------------
    17 00000099 8A6508              <1>         mov ah, [ebp + 8]
    18 0000009C 80E403              <1>         and ah, 0x03
    19 0000009F B004                <1>         mov al, 0x04
    20 000000A1 66BACE03            <1>         mov dx, 0x03CE
    21 000000A5 66EF                <1>         out dx, ax
    22                              <1> 
    23                              <1>         ;-----------------------------------------
    24                              <1>         ; 【レジスタの復帰】
    25                              <1>         ;-----------------------------------------
    26 000000A7 5A                  <1>         pop edx
    27 000000A8 58                  <1>         pop eax
    28                              <1> 
    29                              <1>         ;-----------------------------------------
    30                              <1>         ; 【スタックフレームの破棄】
    31                              <1>         ;-----------------------------------------
    32 000000A9 89EC                <1>         mov esp, ebp
    33 000000AB 5D                  <1>         pop ebp
    34                              <1> 
    35 000000AC C3                  <1>         ret
    36                              <1> 
    37                              <1> vga_set_write_plane:
    38                              <1>         ;-----------------------------------------
    39                              <1>         ; 【スタックフレームの構築】
    40                              <1>         ;-----------------------------------------
    41 000000AD 55                  <1>         push ebp
    42 000000AE 89E5                <1>         mov ebp, esp
    43                              <1> 
    44                              <1>         ;-----------------------------------------
    45                              <1>         ; 【レジスタの保存】
    46                              <1>         ;-----------------------------------------
    47 000000B0 50                  <1>         push eax
    48 000000B1 52                  <1>         push edx
    49                              <1> 
    50                              <1>         ;-----------------------------------------
    51                              <1>         ; 書き込みプレーンの選択
    52                              <1>         ;-----------------------------------------
    53 000000B2 8A6508              <1>         mov ah, [ebp + 8]
    54 000000B5 80E40F              <1>         and ah, 0x0F
    55 000000B8 B002                <1>         mov al, 0x02
    56 000000BA 66BAC403            <1>         mov dx, 0x03C4
    57 000000BE 66EF                <1>         out dx, ax
    58                              <1> 
    59                              <1>         ;-----------------------------------------
    60                              <1>         ; 【レジスタの復帰】
    61                              <1>         ;-----------------------------------------
    62 000000C0 5A                  <1>         pop edx
    63 000000C1 58                  <1>         pop eax
    64                              <1> 
    65                              <1>         ;-----------------------------------------
    66                              <1>         ; 【スタックフレームの破棄】
    67                              <1>         ;-----------------------------------------
    68 000000C2 89EC                <1>         mov esp, ebp
    69 000000C4 5D                  <1>         pop ebp
    70                              <1> 
    71 000000C5 C3                  <1>         ret
    72                              <1> 
    73                              <1> vram_font_copy:
    74                              <1>         ;-----------------------------------------
    75                              <1>         ; 【スタックフレームの構築】
    76                              <1>         ;-----------------------------------------
    77 000000C6 55                  <1>         push ebp
    78 000000C7 89E5                <1>         mov ebp, esp
    79                              <1> 
    80                              <1>         ;-----------------------------------------
    81                              <1>         ; 【レジスタの保存】
    82                              <1>         ;-----------------------------------------
    83 000000C9 50                  <1>         push eax
    84 000000CA 53                  <1>         push ebx
    85 000000CB 51                  <1>         push ecx
    86 000000CC 52                  <1>         push edx
    87 000000CD 56                  <1>         push esi
    88 000000CE 57                  <1>         push edi
    89                              <1> 
    90                              <1>         ;-----------------------------------------
    91                              <1>         ; マスクデータの作成
    92                              <1>         ;-----------------------------------------
    93 000000CF 8B7508              <1>         mov esi, [ebp + 8]
    94 000000D2 8B7D0C              <1>         mov edi, [ebp + 12]
    95 000000D5 0FB64510            <1>         movzx eax, byte [ebp + 16]
    96 000000D9 0FB75D14            <1>         movzx ebx, word [ebp + 20]
    97                              <1> 
    98 000000DD 84C7                <1>         test bh, al
    99 000000DF 0F94C6              <1>         setz dh
   100 000000E2 FECE                <1>         dec dh
   101                              <1> 
   102 000000E4 84C3                <1>         test bl, al
   103 000000E6 0F94C2              <1>         setz dl
   104 000000E9 FECA                <1>         dec dl
   105                              <1> 
   106                              <1>         ;-----------------------------------------
   107                              <1>         ; 16ドットフォントのコピー
   108                              <1>         ;-----------------------------------------
   109 000000EB FC                  <1>         cld
   110                              <1> 
   111 000000EC B910000000          <1>         mov ecx, 16
   112                              <1> .10L:
   113                              <1>         ;-----------------------------------------
   114                              <1>         ; フォントマスクの作成
   115                              <1>         ;-----------------------------------------
   116 000000F1 AC                  <1>         lodsb
   117 000000F2 88C4                <1>         mov ah, al
   118 000000F4 F6D4                <1>         not ah
   119                              <1> 
   120                              <1>         ;-----------------------------------------
   121                              <1>         ; 前景色
   122                              <1>         ;-----------------------------------------
   123 000000F6 20D0                <1>         and al, dl
   124                              <1> 
   125                              <1>         ;-----------------------------------------
   126                              <1>         ; 背景色
   127                              <1>         ;-----------------------------------------
   128 000000F8 F7C310000000        <1>         test ebx, 0x0010
   129 000000FE 7404                <1>         jz .11F
   130 00000100 2227                <1>         and ah, [edi]
   131 00000102 EB02                <1>         jmp .11E
   132                              <1> .11F:
   133 00000104 20F4                <1>         and ah, dh
   134                              <1> .11E:
   135                              <1>         ;-----------------------------------------
   136                              <1>         ; 前景色と背景色をコピー
   137                              <1>         ;-----------------------------------------
   138 00000106 08E0                <1>         or al, ah
   139                              <1> 
   140                              <1>         ;-----------------------------------------
   141                              <1>         ; 新しい値を出力
   142                              <1>         ;-----------------------------------------
   143 00000108 8807                <1>         mov [edi], al
   144                              <1> 
   145 0000010A 83C750              <1>         add edi, 80
   146 0000010D E2E2                <1>         loop .10L
   147                              <1> .10E:
   148                              <1> 
   149                              <1>         ;-----------------------------------------
   150                              <1>         ; 【レジスタの復帰】
   151                              <1>         ;-----------------------------------------
   152 0000010F 5F                  <1>         pop edi
   153 00000110 5E                  <1>         pop esi
   154 00000111 5A                  <1>         pop edx
   155 00000112 59                  <1>         pop ecx
   156 00000113 5B                  <1>         pop ebx
   157 00000114 58                  <1>         pop eax
   158                              <1> 
   159                              <1>         ;-----------------------------------------
   160                              <1>         ; 【スタックフレームの破棄】
   161                              <1>         ;-----------------------------------------
   162 00000115 89EC                <1>         mov esp, ebp
   163 00000117 5D                  <1>         pop ebp
   164                              <1> 
   165 00000118 C3                  <1>         ret
    47                                  %include "../modules/protect/draw_char.s"
     1                              <1> draw_char:
     2                              <1>         ;-----------------------------------------
     3                              <1>         ; 【スタックフレームの構築】
     4                              <1>         ;-----------------------------------------
     5 00000119 55                  <1>         push ebp
     6 0000011A 89E5                <1>         mov ebp, esp
     7                              <1> 
     8                              <1>         ;-----------------------------------------
     9                              <1>         ; 【レジスタの保存】
    10                              <1>         ;-----------------------------------------
    11 0000011C 50                  <1>         push	eax
    12 0000011D 53                  <1>         push	ebx
    13 0000011E 51                  <1>         push	ecx
    14 0000011F 52                  <1>         push	edx
    15 00000120 56                  <1>         push	esi
    16 00000121 57                  <1>         push	edi
    17                              <1> 
    18                              <1>         ;-----------------------------------------
    19                              <1>         ; コピー元フォントアドレスを設定
    20                              <1>         ;-----------------------------------------
    21 00000122 0FB67514            <1>         movzx esi, byte [ebp + 20]
    22 00000126 C1E604              <1>         shl esi, 4
    23 00000129 0335[90000000]      <1>         add esi, [FONT_ADR]
    24                              <1> 
    25                              <1>         ;-----------------------------------------
    26                              <1>         ; コピー先アドレスを取得
    27                              <1>         ; Adr = 0xA0000 + (640 / 8 * 16) * y + x
    28                              <1>         ;-----------------------------------------
    29 0000012F 8B7D0C              <1>         mov edi, [ebp + 12]
    30 00000132 C1E708              <1>         shl edi, 8
    31 00000135 8DBCBF00000A00      <1>         lea edi, [edi * 4 + edi + 0xA0000]
    32 0000013C 037D08              <1>         add edi, [ebp + 8]
    33                              <1> 
    34                              <1>         ;-----------------------------------------
    35                              <1>         ; 1文字分のフォントを出力
    36                              <1>         ;-----------------------------------------
    37 0000013F 0FB75D10            <1>         movzx ebx, word[ebp + 16]
    38                              <1> 
    39 00000143 6A03E84AFFFFFF6683- <1>         cdecl	vga_set_read_plane, 0x03
    39 0000014C C404                <1>
    40 0000014E 6A08E858FFFFFF6683- <1>         cdecl	vga_set_write_plane, 0x08
    40 00000157 C404                <1>
    41 00000159 536A085756E863FFFF- <1>         cdecl	vram_font_copy, esi, edi, 0x08, ebx
    41 00000162 FF6683C410          <1>
    42                              <1> 
    43 00000167 6A02E826FFFFFF6683- <1>         cdecl	vga_set_read_plane, 0x02
    43 00000170 C404                <1>
    44 00000172 6A04E834FFFFFF6683- <1>         cdecl	vga_set_write_plane, 0x04
    44 0000017B C404                <1>
    45 0000017D 536A045756E83FFFFF- <1>         cdecl	vram_font_copy, esi, edi, 0x04, ebx
    45 00000186 FF6683C410          <1>
    46                              <1> 
    47 0000018B 6A01E802FFFFFF6683- <1>         cdecl	vga_set_read_plane, 0x01
    47 00000194 C404                <1>
    48 00000196 6A02E810FFFFFF6683- <1>         cdecl	vga_set_write_plane, 0x02
    48 0000019F C404                <1>
    49 000001A1 536A025756E81BFFFF- <1>         cdecl	vram_font_copy, esi, edi, 0x02, ebx
    49 000001AA FF6683C410          <1>
    50                              <1> 
    51 000001AF 6A00E8DEFEFFFF6683- <1>         cdecl	vga_set_read_plane, 0x00
    51 000001B8 C404                <1>
    52 000001BA 6A01E8ECFEFFFF6683- <1>         cdecl	vga_set_write_plane, 0x01
    52 000001C3 C404                <1>
    53 000001C5 536A015756E8F7FEFF- <1>         cdecl	vram_font_copy, esi, edi, 0x01, ebx
    53 000001CE FF6683C410          <1>
    54                              <1> 
    55                              <1>         ;-----------------------------------------
    56                              <1>         ; 【レジスタの復帰】
    57                              <1>         ;-----------------------------------------
    58 000001D3 5A                  <1>         pop edx
    59 000001D4 58                  <1>         pop eax
    60                              <1> 
    61                              <1>         ;-----------------------------------------
    62                              <1>         ; 【スタックフレームの破棄】
    63                              <1>         ;-----------------------------------------
    64 000001D5 89EC                <1>         mov esp, ebp
    65 000001D7 5D                  <1>         pop ebp
    66                              <1> 
    67 000001D8 C3                  <1>         ret
    48                                  
    49                                  ;***********************************************************
    50                                  ;  パディング
    51                                  ;***********************************************************
    52 000001D9 00<rept>                        times KERNEL_SIZE - ($ - $$) db 0
