     1                                  ;***********************************************************
     2                                  ;  マクロ
     3                                  ;***********************************************************
     4                                  %include "../include/define.s"
     1                              <1> BOOT_SIZE equ (1024 * 8)
     2                              <1> KERNEL_SIZE equ (1024 * 8)
     3                              <1> 
     4                              <1> BOOT_LOAD equ 0x7C00
     5                              <1> BOOT_END equ (BOOT_LOAD + BOOT_SIZE)
     6                              <1> 
     7                              <1> KERNEL_LOAD equ 0x0010_1000
     8                              <1> 
     9                              <1> SECT_SIZE equ (512)
    10                              <1> 
    11                              <1> BOOT_SECT equ (BOOT_SIZE / SECT_SIZE)
    12                              <1> KERNEL_SECT equ (KERNEL_SIZE / SECT_SIZE)
    13                              <1> 
    14                              <1> E820_RECORD_SIZE equ 20
     5                                  %include "../include/macro.s"
     1                              <1> %macro cdecl 1-*.nolist
     2                              <1>     %rep %0 - 1
     3                              <1>         push %{-1:-1}
     4                              <1>         %rotate -1
     5                              <1>     %endrep
     6                              <1>     %rotate -1
     7                              <1> 
     8                              <1>     call %1
     9                              <1> 
    10                              <1>     %if 1 < %0
    11                              <1>         add sp, (__BITS__ >> 3) * (%0 - 1)
    12                              <1>     %endif
    13                              <1> %endmacro
    14                              <1> 
    15                              <1> struc drive
    16 00000000 <res 00000002>      <1>     .no resw 1      ; ドライブ番号
    17 00000002 <res 00000002>      <1>     .cyln resw 1    ; シリンダ
    18 00000004 <res 00000002>      <1>     .head resw 1    ; ヘッド
    19 00000006 <res 00000002>      <1>     .sect resw 1    ; セクタ
    20                              <1> endstruc
     6                                  
     7                                          ORG KERNEL_LOAD
     8                                  
     9                                  [BITS 32]
    10                                  ;***********************************************************
    11                                  ;  エントリポイント
    12                                  ;***********************************************************
    13                                  kernel:
    14                                          ;------------------------------------------
    15                                          ; フォントアドレスを取得
    16                                          ;------------------------------------------
    17 00000000 BE007E0000                      mov esi, BOOT_LOAD + SECT_SIZE
    18 00000005 0FB706                          movzx eax, word[esi + 0]
    19 00000008 0FB75E02                        movzx ebx, word[esi + 2]
    20 0000000C C1E004                          shl eax, 4
    21 0000000F 01D8                            add eax, ebx
    22 00000011 A3[B4010000]                    mov [FONT_ADR], eax
    23                                  
    24                                          ;------------------------------------------
    25                                          ; フォントの一覧表示
    26                                          ;------------------------------------------
    27 00000016 6A0D6A3FE810030000-             cdecl draw_font, 63, 13
    27 0000001F 6683C408           
    28 00000023 6A046A3FE891030000-             cdecl draw_color_bar, 63, 4
    28 0000002C 6683C408           
    29                                  
    30                                          ;------------------------------------------
    31                                          ; 文字列を描画
    32                                          ;------------------------------------------
    33 00000030 68[A3010000]680F01-             cdecl draw_str, 25, 14, 0x010F, .s0
    33 00000038 00006A0E6A19E83103-
    33 00000041 00006683C410       
    34                                  
    35                                          ;------------------------------------------
    36                                          ; 線を描画
    37                                          ;------------------------------------------
    38 00000047 6A0F6A006A006A646A-             cdecl draw_line, 100, 100, 0, 0, 0x0F
    38 00000050 64E8CD0400006683C4-
    38 00000059 14                 
    39 0000005A 6A0F6A0068C8000000-             cdecl draw_line, 100, 100, 200, 0, 0x0F
    39 00000063 6A646A64E8B7040000-
    39 0000006C 6683C414           
    40 00000070 6A0F68C800000068C8-             cdecl draw_line, 100, 100, 200, 200, 0x0F
    40 00000079 0000006A646A64E89E-
    40 00000082 0400006683C414     
    41 00000089 6A0F68C80000006A00-             cdecl draw_line, 100, 100, 0, 200, 0x0F
    41 00000092 6A646A64E888040000-
    41 0000009B 6683C414           
    42                                  
    43 0000009F 6A026A006A326A646A-             cdecl draw_line, 100, 100, 50, 0, 0x02
    43 000000A8 64E8750400006683C4-
    43 000000B1 14                 
    44 000000B2 6A036A006896000000-             cdecl draw_line, 100, 100, 150, 0, 0x03
    44 000000BB 6A646A64E85F040000-
    44 000000C4 6683C414           
    45 000000C8 6A0468C80000006896-             cdecl draw_line, 100, 100, 150, 200, 0x04
    45 000000D1 0000006A646A64E846-
    45 000000DA 0400006683C414     
    46 000000E1 6A0568C80000006A32-             cdecl draw_line, 100, 100, 50, 200, 0x05
    46 000000EA 6A646A64E830040000-
    46 000000F3 6683C414           
    47                                  
    48 000000F7 6A026A326A006A646A-             cdecl draw_line, 100, 100, 0, 50, 0x02
    48 00000100 64E81D0400006683C4-
    48 00000109 14                 
    49 0000010A 6A036A3268C8000000-             cdecl draw_line, 100, 100, 200, 50, 0x03
    49 00000113 6A646A64E807040000-
    49 0000011C 6683C414           
    50 00000120 6A04689600000068C8-             cdecl draw_line, 100, 100, 200, 150, 0x04
    50 00000129 0000006A646A64E8EE-
    50 00000132 0300006683C414     
    51 00000139 6A0568960000006A00-             cdecl draw_line, 100, 100, 0, 150, 0x05
    51 00000142 6A646A64E8D8030000-
    51 0000014B 6683C414           
    52                                  
    53 0000014F 6A0F6A006A646A646A-             cdecl draw_line, 100, 100, 100, 0, 0x0F
    53 00000158 64E8C50300006683C4-
    53 00000161 14                 
    54 00000162 6A0F6A6468C8000000-             cdecl draw_line, 100, 100, 200, 100, 0x0F
    54 0000016B 6A646A64E8AF030000-
    54 00000174 6683C414           
    55 00000178 6A0F68C80000006A64-             cdecl draw_line, 100, 100, 100, 200, 0x0F
    55 00000181 6A646A64E899030000-
    55 0000018A 6683C414           
    56 0000018E 6A0F6A646A006A646A-             cdecl draw_line, 100, 100, 0, 100, 0x0F
    56 00000197 64E8860300006683C4-
    56 000001A0 14                 
    57                                  
    58                                          ;------------------------------------------
    59                                          ; 処理の終了
    60                                          ;------------------------------------------
    61 000001A1 EBFE                            jmp $
    62                                  
    63 000001A3 2048656C6C6F2C206B-     .s0:    db " Hello, kernel! ", 0
    63 000001AC 65726E656C212000   
    64                                  
    65                                  ALIGN 4, db 0
    66 000001B4 00000000                FONT_ADR: dd 0
    67                                  
    68                                  ;***********************************************************
    69                                  ;  モジュール
    70                                  ;***********************************************************
    71                                  %include "../modules/protect/vga.s"
     1                              <1> vga_set_read_plane:
     2                              <1>         ;-----------------------------------------
     3                              <1>         ; 【スタックフレームの構築】
     4                              <1>         ;-----------------------------------------
     5 000001B8 55                  <1>         push ebp
     6 000001B9 89E5                <1>         mov ebp, esp
     7                              <1> 
     8                              <1>         ;-----------------------------------------
     9                              <1>         ; 【レジスタの保存】
    10                              <1>         ;-----------------------------------------
    11 000001BB 50                  <1>         push eax
    12 000001BC 52                  <1>         push edx
    13                              <1> 
    14                              <1>         ;-----------------------------------------
    15                              <1>         ; 読み込みプレーンの選択
    16                              <1>         ;-----------------------------------------
    17 000001BD 8A6508              <1>         mov ah, [ebp + 8]
    18 000001C0 80E403              <1>         and ah, 0x03
    19 000001C3 B004                <1>         mov al, 0x04
    20 000001C5 66BACE03            <1>         mov dx, 0x03CE
    21 000001C9 66EF                <1>         out dx, ax
    22                              <1> 
    23                              <1>         ;-----------------------------------------
    24                              <1>         ; 【レジスタの復帰】
    25                              <1>         ;-----------------------------------------
    26 000001CB 5A                  <1>         pop edx
    27 000001CC 58                  <1>         pop eax
    28                              <1> 
    29                              <1>         ;-----------------------------------------
    30                              <1>         ; 【スタックフレームの破棄】
    31                              <1>         ;-----------------------------------------
    32 000001CD 89EC                <1>         mov esp, ebp
    33 000001CF 5D                  <1>         pop ebp
    34                              <1> 
    35 000001D0 C3                  <1>         ret
    36                              <1> 
    37                              <1> vga_set_write_plane:
    38                              <1>         ;-----------------------------------------
    39                              <1>         ; 【スタックフレームの構築】
    40                              <1>         ;-----------------------------------------
    41 000001D1 55                  <1>         push ebp
    42 000001D2 89E5                <1>         mov ebp, esp
    43                              <1> 
    44                              <1>         ;-----------------------------------------
    45                              <1>         ; 【レジスタの保存】
    46                              <1>         ;-----------------------------------------
    47 000001D4 50                  <1>         push eax
    48 000001D5 52                  <1>         push edx
    49                              <1> 
    50                              <1>         ;-----------------------------------------
    51                              <1>         ; 書き込みプレーンの選択
    52                              <1>         ;-----------------------------------------
    53 000001D6 8A6508              <1>         mov ah, [ebp + 8]
    54 000001D9 80E40F              <1>         and ah, 0x0F
    55 000001DC B002                <1>         mov al, 0x02
    56 000001DE 66BAC403            <1>         mov dx, 0x03C4
    57 000001E2 66EF                <1>         out dx, ax
    58                              <1> 
    59                              <1>         ;-----------------------------------------
    60                              <1>         ; 【レジスタの復帰】
    61                              <1>         ;-----------------------------------------
    62 000001E4 5A                  <1>         pop edx
    63 000001E5 58                  <1>         pop eax
    64                              <1> 
    65                              <1>         ;-----------------------------------------
    66                              <1>         ; 【スタックフレームの破棄】
    67                              <1>         ;-----------------------------------------
    68 000001E6 89EC                <1>         mov esp, ebp
    69 000001E8 5D                  <1>         pop ebp
    70                              <1> 
    71 000001E9 C3                  <1>         ret
    72                              <1> 
    73                              <1> vram_font_copy:
    74                              <1>         ;-----------------------------------------
    75                              <1>         ; 【スタックフレームの構築】
    76                              <1>         ;-----------------------------------------
    77 000001EA 55                  <1>         push ebp
    78 000001EB 89E5                <1>         mov ebp, esp
    79                              <1> 
    80                              <1>         ;-----------------------------------------
    81                              <1>         ; 【レジスタの保存】
    82                              <1>         ;-----------------------------------------
    83 000001ED 50                  <1>         push eax
    84 000001EE 53                  <1>         push ebx
    85 000001EF 51                  <1>         push ecx
    86 000001F0 52                  <1>         push edx
    87 000001F1 56                  <1>         push esi
    88 000001F2 57                  <1>         push edi
    89                              <1> 
    90                              <1>         ;-----------------------------------------
    91                              <1>         ; マスクデータの作成
    92                              <1>         ;-----------------------------------------
    93 000001F3 8B7508              <1>         mov esi, [ebp + 8]
    94 000001F6 8B7D0C              <1>         mov edi, [ebp + 12]
    95 000001F9 0FB64510            <1>         movzx eax, byte [ebp + 16]
    96 000001FD 0FB75D14            <1>         movzx ebx, word [ebp + 20]
    97                              <1> 
    98 00000201 84C7                <1>         test bh, al
    99 00000203 0F94C6              <1>         setz dh
   100 00000206 FECE                <1>         dec dh
   101                              <1> 
   102 00000208 84C3                <1>         test bl, al
   103 0000020A 0F94C2              <1>         setz dl
   104 0000020D FECA                <1>         dec dl
   105                              <1> 
   106                              <1>         ;-----------------------------------------
   107                              <1>         ; 16ドットフォントのコピー
   108                              <1>         ;-----------------------------------------
   109 0000020F FC                  <1>         cld
   110                              <1> 
   111 00000210 B910000000          <1>         mov ecx, 16
   112                              <1> .10L:
   113                              <1> 
   114                              <1>         ;-----------------------------------------
   115                              <1>         ; フォントマスクの作成
   116                              <1>         ;-----------------------------------------
   117 00000215 AC                  <1>         lodsb
   118 00000216 88C4                <1>         mov ah, al
   119 00000218 F6D4                <1>         not ah
   120                              <1> 
   121                              <1>         ;-----------------------------------------
   122                              <1>         ; 前景色
   123                              <1>         ;-----------------------------------------
   124 0000021A 20D0                <1>         and al, dl
   125                              <1> 
   126                              <1>         ;-----------------------------------------
   127                              <1>         ; 背景色
   128                              <1>         ;-----------------------------------------
   129 0000021C F7C310000000        <1>         test ebx, 0x0010
   130 00000222 7404                <1>         jz .11F
   131 00000224 2227                <1>         and ah, [edi]
   132 00000226 EB02                <1>         jmp .11E
   133                              <1> .11F:
   134 00000228 20F4                <1>         and ah, dh
   135                              <1> .11E:
   136                              <1> 
   137                              <1>         ;-----------------------------------------
   138                              <1>         ; 前景色と背景色をコピー
   139                              <1>         ;-----------------------------------------
   140 0000022A 08E0                <1>         or al, ah
   141                              <1> 
   142                              <1>         ;-----------------------------------------
   143                              <1>         ; 新しい値を出力
   144                              <1>         ;-----------------------------------------
   145 0000022C 8807                <1>         mov [edi], al
   146                              <1> 
   147 0000022E 83C750              <1>         add edi, 80
   148 00000231 E2E2                <1>         loop .10L
   149                              <1> .10E:
   150                              <1> 
   151                              <1>         ;-----------------------------------------
   152                              <1>         ; 【レジスタの復帰】
   153                              <1>         ;-----------------------------------------
   154 00000233 5F                  <1>         pop edi
   155 00000234 5E                  <1>         pop esi
   156 00000235 5A                  <1>         pop edx
   157 00000236 59                  <1>         pop ecx
   158 00000237 5B                  <1>         pop ebx
   159 00000238 58                  <1>         pop eax
   160                              <1> 
   161                              <1>         ;-----------------------------------------
   162                              <1>         ; 【スタックフレームの破棄】
   163                              <1>         ;-----------------------------------------
   164 00000239 89EC                <1>         mov esp, ebp
   165 0000023B 5D                  <1>         pop ebp
   166                              <1> 
   167 0000023C C3                  <1>         ret
   168                              <1> 
   169                              <1> vram_bit_copy:
   170                              <1>         ;-----------------------------------------
   171                              <1>         ; 【スタックフレームの構築】
   172                              <1>         ;-----------------------------------------
   173 0000023D 55                  <1>         push ebp
   174 0000023E 89E5                <1>         mov ebp, esp
   175                              <1> 
   176                              <1>         ;-----------------------------------------
   177                              <1>         ; 【レジスタの保存】
   178                              <1>         ;-----------------------------------------
   179 00000240 50                  <1>         push eax
   180 00000241 53                  <1>         push ebx
   181 00000242 57                  <1>         push edi
   182                              <1> 
   183                              <1>         ;-----------------------------------------
   184                              <1>         ; ビットのコピー
   185                              <1>         ;-----------------------------------------
   186 00000243 8B7D0C              <1>         mov edi, [ebp + 12]
   187 00000246 0FB64510            <1>         movzx eax, byte [ebp + 16]
   188 0000024A 0FB75D14            <1>         movzx ebx, word [ebp + 20]
   189                              <1> 
   190 0000024E 84C3                <1>         test bl, al
   191 00000250 0F94C3              <1>         setz bl
   192 00000253 FECB                <1>         dec bl
   193                              <1> 
   194                              <1>         ;-----------------------------------------
   195                              <1>         ; 反転処理
   196                              <1>         ;-----------------------------------------
   197 00000255 8A4508              <1>         mov al, [ebp + 8]
   198 00000258 88C4                <1>         mov ah, al
   199 0000025A F6D4                <1>         not ah
   200                              <1> 
   201                              <1>         ;-----------------------------------------
   202                              <1>         ; 描画処理
   203                              <1>         ;-----------------------------------------
   204 0000025C 2227                <1>         and ah, [edi]
   205 0000025E 20D8                <1>         and al, bl
   206 00000260 08E0                <1>         or al, ah
   207 00000262 8807                <1>         mov [edi], al
   208                              <1> 
   209                              <1>         ;-----------------------------------------
   210                              <1>         ; 【レジスタの復帰】
   211                              <1>         ;-----------------------------------------
   212 00000264 5F                  <1>         pop edi
   213 00000265 5B                  <1>         pop ebx
   214 00000266 58                  <1>         pop eax
   215                              <1> 
   216                              <1>         ;-----------------------------------------
   217                              <1>         ; 【スタックフレームの破棄】
   218                              <1>         ;-----------------------------------------
   219 00000267 89EC                <1>         mov esp, ebp
   220 00000269 5D                  <1>         pop ebp
   221                              <1> 
   222 0000026A C3                  <1>         ret
    72                                  %include "../modules/protect/draw_char.s"
     1                              <1> draw_char:
     2                              <1>         ;-----------------------------------------
     3                              <1>         ; 【スタックフレームの構築】
     4                              <1>         ;-----------------------------------------
     5 0000026B 55                  <1>         push ebp
     6 0000026C 89E5                <1>         mov ebp, esp
     7                              <1> 
     8                              <1>         ;-----------------------------------------
     9                              <1>         ; 【レジスタの保存】
    10                              <1>         ;-----------------------------------------
    11 0000026E 50                  <1>         push eax
    12 0000026F 53                  <1>         push ebx
    13 00000270 51                  <1>         push ecx
    14 00000271 52                  <1>         push edx
    15 00000272 56                  <1>         push esi
    16 00000273 57                  <1>         push edi
    17                              <1> 
    18                              <1>         ;-----------------------------------------
    19                              <1>         ; コピー元フォントアドレスを設定
    20                              <1>         ;-----------------------------------------
    21 00000274 0FB67514            <1>         movzx esi, byte [ebp + 20]
    22 00000278 C1E604              <1>         shl esi, 4
    23 0000027B 0335[B4010000]      <1>         add esi, [FONT_ADR]
    24                              <1> 
    25                              <1>         ;-----------------------------------------
    26                              <1>         ; コピー先アドレスを取得
    27                              <1>         ; Adr = 0xA0000 + (640 / 8 * 16) * y + x
    28                              <1>         ;-----------------------------------------
    29 00000281 8B7D0C              <1>         mov edi, [ebp + 12]
    30 00000284 C1E708              <1>         shl edi, 8
    31 00000287 8DBCBF00000A00      <1>         lea edi, [edi * 4 + edi + 0xA0000]
    32 0000028E 037D08              <1>         add edi, [ebp + 8]
    33                              <1> 
    34                              <1>         ;-----------------------------------------
    35                              <1>         ; 1文字分のフォントを出力
    36                              <1>         ;-----------------------------------------
    37 00000291 0FB75D10            <1>         movzx ebx, word[ebp + 16]
    38                              <1> 
    39 00000295 6A03E81CFFFFFF6683- <1>         cdecl vga_set_read_plane, 0x03
    39 0000029E C404                <1>
    40 000002A0 6A08E82AFFFFFF6683- <1>         cdecl vga_set_write_plane, 0x08
    40 000002A9 C404                <1>
    41 000002AB 536A085756E835FFFF- <1>         cdecl vram_font_copy, esi, edi, 0x08, ebx
    41 000002B4 FF6683C410          <1>
    42                              <1> 
    43 000002B9 6A02E8F8FEFFFF6683- <1>         cdecl vga_set_read_plane, 0x02
    43 000002C2 C404                <1>
    44 000002C4 6A04E806FFFFFF6683- <1>         cdecl vga_set_write_plane, 0x04
    44 000002CD C404                <1>
    45 000002CF 536A045756E811FFFF- <1>         cdecl vram_font_copy, esi, edi, 0x04, ebx
    45 000002D8 FF6683C410          <1>
    46                              <1> 
    47 000002DD 6A01E8D4FEFFFF6683- <1>         cdecl vga_set_read_plane, 0x01
    47 000002E6 C404                <1>
    48 000002E8 6A02E8E2FEFFFF6683- <1>         cdecl vga_set_write_plane, 0x02
    48 000002F1 C404                <1>
    49 000002F3 536A025756E8EDFEFF- <1>         cdecl vram_font_copy, esi, edi, 0x02, ebx
    49 000002FC FF6683C410          <1>
    50                              <1> 
    51 00000301 6A00E8B0FEFFFF6683- <1>         cdecl vga_set_read_plane, 0x00
    51 0000030A C404                <1>
    52 0000030C 6A01E8BEFEFFFF6683- <1>         cdecl vga_set_write_plane, 0x01
    52 00000315 C404                <1>
    53 00000317 536A015756E8C9FEFF- <1>         cdecl vram_font_copy, esi, edi, 0x01, ebx
    53 00000320 FF6683C410          <1>
    54                              <1> 
    55                              <1>         ;-----------------------------------------
    56                              <1>         ; 【レジスタの復帰】
    57                              <1>         ;-----------------------------------------
    58 00000325 5F                  <1>         pop edi
    59 00000326 5E                  <1>         pop esi
    60 00000327 5A                  <1>         pop edx
    61 00000328 59                  <1>         pop ecx
    62 00000329 5B                  <1>         pop ebx
    63 0000032A 58                  <1>         pop eax
    64                              <1> 
    65                              <1>         ;-----------------------------------------
    66                              <1>         ; 【スタックフレームの破棄】
    67                              <1>         ;-----------------------------------------
    68 0000032B 89EC                <1>         mov esp, ebp
    69 0000032D 5D                  <1>         pop ebp
    70                              <1> 
    71 0000032E C3                  <1>         ret
    73                                  %include "../modules/protect/draw_font.s"
     1                              <1> draw_font:
     2                              <1>         ;-----------------------------------------
     3                              <1>         ; 【スタックフレームの構築】
     4                              <1>         ;-----------------------------------------
     5 0000032F 55                  <1>         push ebp
     6 00000330 89E5                <1>         mov ebp, esp
     7                              <1> 
     8                              <1>         ;-----------------------------------------
     9                              <1>         ; 【レジスタの保存】
    10                              <1>         ;-----------------------------------------
    11 00000332 50                  <1>         push eax
    12 00000333 53                  <1>         push ebx
    13 00000334 51                  <1>         push ecx
    14 00000335 52                  <1>         push edx
    15 00000336 56                  <1>         push esi
    16 00000337 57                  <1>         push edi
    17                              <1> 
    18                              <1>         ;-----------------------------------------
    19                              <1>         ; 基準となる位置をレジスタに保存
    20                              <1>         ;-----------------------------------------
    21 00000338 8B7508              <1>         mov esi, [ebp + 8]
    22 0000033B 8B7D0C              <1>         mov edi, [ebp + 12]
    23                              <1> 
    24                              <1>         ;-----------------------------------------
    25                              <1>         ; フォントを一覧表示する
    26                              <1>         ;-----------------------------------------
    27 0000033E B900000000          <1>         mov ecx, 0
    28                              <1> .10L:
    29 00000343 81F900010000        <1>         cmp ecx, 256
    30 00000349 731F                <1>         jae .10E
    31                              <1> 
    32 0000034B 89C8                <1>         mov eax, ecx
    33 0000034D 83E00F              <1>         and eax, 0x0F
    34 00000350 01F0                <1>         add eax, esi
    35                              <1> 
    36 00000352 89CB                <1>         mov ebx, ecx
    37 00000354 C1EB04              <1>         shr ebx, 4
    38 00000357 01FB                <1>         add ebx, edi
    39                              <1> 
    40 00000359 516A075350E808FFFF- <1>         cdecl draw_char, eax, ebx, 0x07, ecx
    40 00000362 FF6683C410          <1>
    41                              <1> 
    42 00000367 41                  <1>         inc ecx
    43 00000368 EBD9                <1>         jmp .10L
    44                              <1> .10E:
    45                              <1> 
    46                              <1>         ;-----------------------------------------
    47                              <1>         ; 【レジスタの復帰】
    48                              <1>         ;-----------------------------------------
    49 0000036A 5F                  <1>         pop edi
    50 0000036B 5E                  <1>         pop esi
    51 0000036C 5A                  <1>         pop edx
    52 0000036D 59                  <1>         pop ecx
    53 0000036E 5B                  <1>         pop ebx
    54 0000036F 58                  <1>         pop eax
    55                              <1> 
    56                              <1>         ;-----------------------------------------
    57                              <1>         ; 【スタックフレームの破棄】
    58                              <1>         ;-----------------------------------------
    59 00000370 89EC                <1>         mov esp, ebp
    60 00000372 5D                  <1>         pop ebp
    61                              <1> 
    62 00000373 C3                  <1>         ret
    74                                  %include "../modules/protect/draw_str.s"
     1                              <1> draw_str:
     2                              <1>         ;-----------------------------------------
     3                              <1>         ; 【スタックフレームの構築】
     4                              <1>         ;-----------------------------------------
     5 00000374 55                  <1>         push ebp
     6 00000375 89E5                <1>         mov ebp, esp
     7                              <1> 
     8                              <1>         ;-----------------------------------------
     9                              <1>         ; 【レジスタの保存】
    10                              <1>         ;-----------------------------------------
    11 00000377 50                  <1>         push eax
    12 00000378 53                  <1>         push ebx
    13 00000379 51                  <1>         push ecx
    14 0000037A 52                  <1>         push edx
    15 0000037B 56                  <1>         push esi
    16                              <1> 
    17                              <1>         ;-----------------------------------------
    18                              <1>         ; 文字列を描画する
    19                              <1>         ;-----------------------------------------
    20 0000037C 8B4D08              <1>         mov ecx, [ebp + 8]
    21 0000037F 8B550C              <1>         mov edx, [ebp + 12]
    22 00000382 0FB75D10            <1>         movzx ebx, word [ebp + 16]
    23 00000386 8B7514              <1>         mov esi, [ebp + 20]
    24                              <1> 
    25 00000389 FC                  <1>         cld
    26                              <1> .10L:
    27 0000038A AC                  <1>         lodsb
    28 0000038B 3C00                <1>         cmp al, 0
    29 0000038D 7425                <1>         je .10E
    30                              <1> 
    31 0000038F 50535251E8D3FEFFFF- <1>         cdecl draw_char, ecx, edx, ebx, eax
    31 00000398 6683C410            <1>
    32                              <1> 
    33 0000039C 41                  <1>         inc ecx
    34 0000039D 83F950              <1>         cmp ecx, 80
    35 000003A0 7C10                <1>         jl .12E
    36 000003A2 B900000000          <1>         mov ecx, 0
    37 000003A7 42                  <1>         inc edx
    38 000003A8 83FA1E              <1>         cmp edx, 30
    39 000003AB 7C05                <1>         jl .12E
    40 000003AD BA00000000          <1>         mov edx, 0
    41                              <1> .12E:
    42 000003B2 EBD6                <1>         jmp .10L
    43                              <1> .10E:
    44                              <1> 
    45                              <1>         ;-----------------------------------------
    46                              <1>         ; 【レジスタの復帰】
    47                              <1>         ;-----------------------------------------
    48 000003B4 5E                  <1>         pop esi
    49 000003B5 5A                  <1>         pop edx
    50 000003B6 59                  <1>         pop ecx
    51 000003B7 5B                  <1>         pop ebx
    52 000003B8 58                  <1>         pop eax
    53                              <1> 
    54                              <1>         ;-----------------------------------------
    55                              <1>         ; 【スタックフレームの破棄】
    56                              <1>         ;-----------------------------------------
    57 000003B9 89EC                <1>         mov esp, ebp
    58 000003BB 5D                  <1>         pop ebp
    59                              <1> 
    60 000003BC C3                  <1>         ret
    75                                  %include "../modules/protect/draw_color_bar.s"
     1                              <1> draw_color_bar:
     2                              <1>         ;-----------------------------------------
     3                              <1>         ; 【スタックフレームの構築】
     4                              <1>         ;-----------------------------------------
     5 000003BD 55                  <1>         push ebp
     6 000003BE 89E5                <1>         mov ebp, esp
     7                              <1> 
     8                              <1>         ;-----------------------------------------
     9                              <1>         ; 【レジスタの保存】
    10                              <1>         ;-----------------------------------------
    11 000003C0 50                  <1>         push eax
    12 000003C1 53                  <1>         push ebx
    13 000003C2 51                  <1>         push ecx
    14 000003C3 52                  <1>         push edx
    15 000003C4 56                  <1>         push esi
    16 000003C5 57                  <1>         push edi
    17                              <1> 
    18                              <1>         ;-----------------------------------------
    19                              <1>         ; 基準となる位置をレジスタに保存
    20                              <1>         ;-----------------------------------------
    21 000003C6 8B7508              <1>         mov esi, [ebp + 8]
    22 000003C9 8B7D0C              <1>         mov edi, [ebp + 12]
    23                              <1> 
    24                              <1>         ;-----------------------------------------
    25                              <1>         ; カラーバーを表示
    26                              <1>         ;-----------------------------------------
    27 000003CC B900000000          <1>         mov ecx, 0
    28                              <1> .10L:
    29 000003D1 83F910              <1>         cmp ecx, 16
    30 000003D4 732E                <1>         jae .10E
    31                              <1> 
    32 000003D6 89C8                <1>         mov eax, ecx
    33 000003D8 83E001              <1>         and eax, 0x01
    34 000003DB C1E003              <1>         shl eax, 3
    35 000003DE 01F0                <1>         add eax, esi
    36                              <1> 
    37 000003E0 89CB                <1>         mov ebx, ecx
    38 000003E2 D1EB                <1>         shr ebx, 1
    39 000003E4 01FB                <1>         add ebx, edi
    40                              <1> 
    41 000003E6 89CA                <1>         mov edx, ecx
    42 000003E8 D1E2                <1>         shl edx, 1
    43 000003EA 8B92[17040000]      <1>         mov edx, [.t0 + edx]
    44                              <1> 
    45 000003F0 68[0E040000]525350- <1>         cdecl draw_str, eax, ebx, edx, .s0
    45 000003F8 E877FFFFFF6683C410  <1>
    46                              <1> 
    47 00000401 41                  <1>         inc ecx
    48 00000402 EBCD                <1>         jmp .10L
    49                              <1> .10E:
    50                              <1> 
    51                              <1>         ;-----------------------------------------
    52                              <1>         ; 【レジスタの復帰】
    53                              <1>         ;-----------------------------------------
    54 00000404 5F                  <1>         pop edi
    55 00000405 5E                  <1>         pop esi
    56 00000406 5A                  <1>         pop edx
    57 00000407 59                  <1>         pop ecx
    58 00000408 5B                  <1>         pop ebx
    59 00000409 58                  <1>         pop eax
    60                              <1> 
    61                              <1>         ;-----------------------------------------
    62                              <1>         ; 【スタックフレームの破棄】
    63                              <1>         ;-----------------------------------------
    64 0000040A 89EC                <1>         mov esp, ebp
    65 0000040C 5D                  <1>         pop ebp
    66                              <1> 
    67 0000040D C3                  <1>         ret
    68                              <1> 
    69 0000040E 202020202020202000  <1> .s0:    db '        ', 0
    70 00000417 00000008            <1> .t0:    dw 0x0000, 0x0800
    71 0000041B 00010009            <1>         dw 0x0100, 0x0900
    72 0000041F 0002000A            <1>         dw 0x0200, 0x0A00
    73 00000423 0003000B            <1>         dw 0x0300, 0x0B00
    74 00000427 0004000C            <1>         dw 0x0400, 0x0C00
    75 0000042B 0005000D            <1>         dw 0x0500, 0x0D00
    76 0000042F 0006000E            <1>         dw 0x0600, 0x0E00
    77 00000433 0007000F            <1>         dw 0x0700, 0x0F00
    76                                  %include "../modules/protect/draw_pixel.s"
     1                              <1> draw_pixel:
     2                              <1>         ;-----------------------------------------
     3                              <1>         ; 【スタックフレームの構築】
     4                              <1>         ;-----------------------------------------
     5 00000437 55                  <1>         push ebp
     6 00000438 89E5                <1>         mov ebp, esp
     7                              <1> 
     8                              <1>         ;-----------------------------------------
     9                              <1>         ; 【レジスタの保存】
    10                              <1>         ;-----------------------------------------
    11 0000043A 50                  <1>         push eax
    12 0000043B 53                  <1>         push ebx
    13 0000043C 51                  <1>         push ecx
    14 0000043D 57                  <1>         push edi
    15                              <1> 
    16                              <1>         ;-----------------------------------------
    17                              <1>         ; Y座標を80倍する(640/8)
    18                              <1>         ;-----------------------------------------
    19 0000043E 8B7D0C              <1>         mov edi, [ebp + 12]
    20 00000441 C1E704              <1>         shl edi, 4
    21 00000444 8DBCBF00000A00      <1>         lea edi, [edi * 4 + edi + 0xA_0000]
    22                              <1> 
    23                              <1>         ;-----------------------------------------
    24                              <1>         ; X座標を1/8して加算
    25                              <1>         ;-----------------------------------------
    26 0000044B 8B5D08              <1>         mov ebx, [ebp + 8]
    27 0000044E 89D9                <1>         mov ecx, ebx
    28 00000450 C1EB03              <1>         shr ebx, 3
    29 00000453 01DF                <1>         add edi, ebx
    30                              <1> 
    31                              <1>         ;-----------------------------------------
    32                              <1>         ; X座標を8で割った余りからビット位置を計算
    33                              <1>         ; (0=0x80, 1=0x40, ..., 7=0x01)
    34                              <1>         ;-----------------------------------------
    35 00000455 83E107              <1>         and ecx, 0x07
    36 00000458 BB80000000          <1>         mov ebx, 0x80
    37 0000045D D3EB                <1>         shr ebx, cl
    38                              <1> 
    39                              <1>         ;-----------------------------------------
    40                              <1>         ; 色指定
    41                              <1>         ;-----------------------------------------
    42 0000045F 8B4D10              <1>         mov ecx, [ebp + 16]
    43                              <1> 
    44                              <1>         ;-----------------------------------------
    45                              <1>         ; プレーンごとに出力
    46                              <1>         ;-----------------------------------------
    47 00000462 6A03E84FFDFFFF6683- <1>         cdecl vga_set_read_plane, 0x03
    47 0000046B C404                <1>
    48 0000046D 6A08E85DFDFFFF6683- <1>         cdecl vga_set_write_plane, 0x08
    48 00000476 C404                <1>
    49 00000478 516A085753E8BBFDFF- <1>         cdecl vram_bit_copy, ebx, edi, 0x08, ecx
    49 00000481 FF6683C410          <1>
    50                              <1> 
    51 00000486 6A02E82BFDFFFF6683- <1>         cdecl vga_set_read_plane, 0x02
    51 0000048F C404                <1>
    52 00000491 6A04E839FDFFFF6683- <1>         cdecl vga_set_write_plane, 0x04
    52 0000049A C404                <1>
    53 0000049C 516A045753E897FDFF- <1>         cdecl vram_bit_copy, ebx, edi, 0x04, ecx
    53 000004A5 FF6683C410          <1>
    54                              <1> 
    55 000004AA 6A01E807FDFFFF6683- <1>         cdecl vga_set_read_plane, 0x01
    55 000004B3 C404                <1>
    56 000004B5 6A02E815FDFFFF6683- <1>         cdecl vga_set_write_plane, 0x02
    56 000004BE C404                <1>
    57 000004C0 516A025753E873FDFF- <1>         cdecl vram_bit_copy, ebx, edi, 0x02, ecx
    57 000004C9 FF6683C410          <1>
    58                              <1> 
    59 000004CE 6A00E8E3FCFFFF6683- <1>         cdecl vga_set_read_plane, 0x00
    59 000004D7 C404                <1>
    60 000004D9 6A01E8F1FCFFFF6683- <1>         cdecl vga_set_write_plane, 0x01
    60 000004E2 C404                <1>
    61 000004E4 516A015753E84FFDFF- <1>         cdecl vram_bit_copy, ebx, edi, 0x01, ecx
    61 000004ED FF6683C410          <1>
    62                              <1> 
    63                              <1>         ;-----------------------------------------
    64                              <1>         ; 【レジスタの復帰】
    65                              <1>         ;-----------------------------------------
    66 000004F2 5F                  <1>         pop edi
    67 000004F3 59                  <1>         pop ecx
    68 000004F4 5B                  <1>         pop ebx
    69 000004F5 58                  <1>         pop eax
    70                              <1> 
    71                              <1>         ;-----------------------------------------
    72                              <1>         ; 【スタックフレームの破棄】
    73                              <1>         ;-----------------------------------------
    74 000004F6 89EC                <1>         mov esp, ebp
    75 000004F8 5D                  <1>         pop ebp
    76                              <1> 
    77 000004F9 C3                  <1>         ret
    78                              <1> 
    79 000004FA 202020202020202000  <1> .s0:    db '        ', 0
    80 00000503 00000008            <1> .t0:    dw 0x0000, 0x0800
    81 00000507 00010009            <1>         dw 0x0100, 0x0900
    82 0000050B 0002000A            <1>         dw 0x0200, 0x0A00
    83 0000050F 0003000B            <1>         dw 0x0300, 0x0B00
    84 00000513 0004000C            <1>         dw 0x0400, 0x0C00
    85 00000517 0005000D            <1>         dw 0x0500, 0x0D00
    86 0000051B 0006000E            <1>         dw 0x0600, 0x0E00
    87 0000051F 0007000F            <1>         dw 0x0700, 0x0F00
    77                                  %include "../modules/protect/draw_line.s"
     1                              <1> draw_line:
     2                              <1>         ;-----------------------------------------
     3                              <1>         ; 【スタックフレームの構築】
     4                              <1>         ;-----------------------------------------
     5 00000523 55                  <1>         push ebp
     6 00000524 89E5                <1>         mov ebp, esp
     7                              <1> 
     8 00000526 6A00                <1>         push dword 0
     9 00000528 6A00                <1>         push dword 0
    10 0000052A 6A00                <1>         push dword 0
    11 0000052C 6A00                <1>         push dword 0
    12 0000052E 6A00                <1>         push dword 0
    13 00000530 6A00                <1>         push dword 0
    14 00000532 6A00                <1>         push dword 0
    15                              <1> 
    16                              <1>         ;-----------------------------------------
    17                              <1>         ; 【レジスタの保存】
    18                              <1>         ;-----------------------------------------
    19 00000534 50                  <1>         push eax
    20 00000535 53                  <1>         push ebx
    21 00000536 51                  <1>         push ecx
    22 00000537 52                  <1>         push edx
    23 00000538 56                  <1>         push esi
    24 00000539 57                  <1>         push edi
    25                              <1> 
    26                              <1>         ;-----------------------------------------
    27                              <1>         ; 幅を計算(X軸)
    28                              <1>         ;-----------------------------------------
    29 0000053A 8B4508              <1>         mov eax, [ebp + 8]
    30 0000053D 8B5D10              <1>         mov ebx, [ebp +16]
    31 00000540 29C3                <1>         sub ebx, eax
    32 00000542 7D09                <1>         jge .10F
    33                              <1> 
    34 00000544 F7DB                <1>         neg ebx
    35 00000546 BEFFFFFFFF          <1>         mov esi, -1
    36 0000054B EB05                <1>         jmp .10E
    37                              <1> .10F:
    38 0000054D BE01000000          <1>         mov esi, 1
    39                              <1> .10E:
    40                              <1> 
    41                              <1>         ;-----------------------------------------
    42                              <1>         ; 高さを計算(Y軸)
    43                              <1>         ;-----------------------------------------
    44 00000552 8B4D0C              <1>         mov ecx, [ebp + 12]
    45 00000555 8B5514              <1>         mov edx, [ebp + 20]
    46 00000558 29CA                <1>         sub edx, ecx
    47 0000055A 7D09                <1>         jge .20F
    48                              <1> 
    49 0000055C F7DA                <1>         neg edx
    50 0000055E BFFFFFFFFF          <1>         mov edi, -1
    51 00000563 EB05                <1>         jmp .20E
    52                              <1> .20F:
    53 00000565 BF01000000          <1>         mov edi, 1
    54                              <1> .20E:
    55                              <1> 
    56                              <1>         ;-----------------------------------------
    57                              <1>         ; X軸
    58                              <1>         ;-----------------------------------------
    59 0000056A 8945F8              <1>         mov [ebp - 8], eax
    60 0000056D 895DF4              <1>         mov [ebp - 12], ebx
    61 00000570 8975F0              <1>         mov [ebp - 16], esi
    62                              <1> 
    63                              <1>         ;-----------------------------------------
    64                              <1>         ; Y軸
    65                              <1>         ;-----------------------------------------
    66 00000573 894DEC              <1>         mov [ebp - 20], ecx
    67 00000576 8955E8              <1>         mov [ebp - 24], edx
    68 00000579 897DE4              <1>         mov [ebp - 28], edi
    69                              <1> 
    70                              <1>         ;-----------------------------------------
    71                              <1>         ; 基準軸を決める
    72                              <1>         ;-----------------------------------------
    73 0000057C 39D3                <1>         cmp ebx, edx
    74 0000057E 7F08                <1>         jg .22F
    75                              <1> 
    76 00000580 8D75EC              <1>         lea esi, [ebp - 20]
    77 00000583 8D7DF8              <1>         lea edi, [ebp - 8]
    78                              <1> 
    79 00000586 EB06                <1>         jmp .22E
    80                              <1> .22F:
    81 00000588 8D75F8              <1>         lea esi, [ebp - 8]
    82 0000058B 8D7DEC              <1>         lea edi, [ebp - 20]
    83                              <1> .22E:
    84                              <1> 
    85                              <1>         ;-----------------------------------------
    86                              <1>         ; 繰り返し回数(基準軸のドット数)
    87                              <1>         ;-----------------------------------------
    88 0000058E 8B4EFC              <1>         mov ecx, [esi - 4]
    89 00000591 83F900              <1>         cmp ecx, 0
    90 00000594 7505                <1>         jnz .30E
    91 00000596 B901000000          <1>         mov ecx, 1
    92                              <1> .30E:
    93                              <1> 
    94                              <1>         ;-----------------------------------------
    95                              <1>         ; 線を描画
    96                              <1>         ;-----------------------------------------
    97                              <1> .50L:
    98 0000059B FF7518FF75ECFF75F8- <1>         cdecl draw_pixel, dword [ebp - 8], dword [ebp - 20], dword [ebp + 24]
    98 000005A4 E88EFEFFFF6683C40C  <1>
    99                              <1> 
   100 000005AD 8B46F8              <1>         mov eax, [esi - 8]
   101 000005B0 0106                <1>         add [esi - 0], eax
   102                              <1> 
   103 000005B2 8B45FC              <1>         mov eax, [ebp - 4]
   104 000005B5 0347FC              <1>         add eax, [edi - 4]
   105 000005B8 8B5EFC              <1>         mov ebx, [esi - 4]
   106                              <1> 
   107 000005BB 39D8                <1>         cmp eax, ebx
   108 000005BD 7C07                <1>         jl .52E
   109 000005BF 29D8                <1>         sub eax, ebx
   110                              <1> 
   111 000005C1 8B5FF8              <1>         mov ebx, [edi - 8]
   112 000005C4 011F                <1>         add [edi - 0], ebx
   113                              <1> .52E:
   114 000005C6 8945FC              <1>         mov [ebp - 4], eax
   115                              <1> 
   116 000005C9 E2D0                <1>         loop .50L
   117                              <1> .50E:
   118                              <1> 
   119                              <1>         ;-----------------------------------------
   120                              <1>         ; 【レジスタの復帰】
   121                              <1>         ;-----------------------------------------
   122 000005CB 5F                  <1>         pop edi
   123 000005CC 5E                  <1>         pop esi
   124 000005CD 5A                  <1>         pop edx
   125 000005CE 59                  <1>         pop ecx
   126 000005CF 5B                  <1>         pop ebx
   127 000005D0 58                  <1>         pop eax
   128                              <1> 
   129                              <1>         ;-----------------------------------------
   130                              <1>         ; 【スタックフレームの破棄】
   131                              <1>         ;-----------------------------------------
   132 000005D1 89EC                <1>         mov esp, ebp
   133 000005D3 5D                  <1>         pop ebp
   134                              <1> 
   135 000005D4 C3                  <1>         ret
   136                              <1> 
   137 000005D5 202020202020202000  <1> .s0:    db '        ', 0
   138 000005DE 00000008            <1> .t0:    dw 0x0000, 0x0800
   139 000005E2 00010009            <1>         dw 0x0100, 0x0900
   140 000005E6 0002000A            <1>         dw 0x0200, 0x0A00
   141 000005EA 0003000B            <1>         dw 0x0300, 0x0B00
   142 000005EE 0004000C            <1>         dw 0x0400, 0x0C00
   143 000005F2 0005000D            <1>         dw 0x0500, 0x0D00
   144 000005F6 0006000E            <1>         dw 0x0600, 0x0E00
   145 000005FA 0007000F            <1>         dw 0x0700, 0x0F00
    78                                  
    79                                  ;***********************************************************
    80                                  ;  パディング
    81                                  ;***********************************************************
    82 000005FE 00<rept>                        times KERNEL_SIZE - ($ - $$) db 0
