     1                                  ;***********************************************************
     2                                  ;  マクロ
     3                                  ;***********************************************************
     4                                  %include "../include/define.s"
     1                              <1> BOOT_SIZE equ (1024 * 8)
     2                              <1> KERNEL_SIZE equ (1024 * 8)
     3                              <1> 
     4                              <1> BOOT_LOAD equ 0x7C00
     5                              <1> BOOT_END equ (BOOT_LOAD + BOOT_SIZE)
     6                              <1> 
     7                              <1> KERNEL_LOAD equ 0x0010_1000
     8                              <1> 
     9                              <1> SECT_SIZE equ (512)
    10                              <1> 
    11                              <1> BOOT_SECT equ (BOOT_SIZE / SECT_SIZE)
    12                              <1> KERNEL_SECT equ (KERNEL_SIZE / SECT_SIZE)
    13                              <1> 
    14                              <1> E820_RECORD_SIZE equ 20
     5                                  %include "../include/macro.s"
     1                              <1> %macro cdecl 1-*.nolist
     2                              <1>     %rep %0 - 1
     3                              <1>         push %{-1:-1}
     4                              <1>         %rotate -1
     5                              <1>     %endrep
     6                              <1>     %rotate -1
     7                              <1> 
     8                              <1>     call %1
     9                              <1> 
    10                              <1>     %if 1 < %0
    11                              <1>         add sp, (__BITS__ >> 3) * (%0 - 1)
    12                              <1>     %endif
    13                              <1> %endmacro
    14                              <1> 
    15                              <1> struc drive
    16 00000000 <res 00000002>      <1>     .no resw 1      ; ドライブ番号
    17 00000002 <res 00000002>      <1>     .cyln resw 1    ; シリンダ
    18 00000004 <res 00000002>      <1>     .head resw 1    ; ヘッド
    19 00000006 <res 00000002>      <1>     .sect resw 1    ; セクタ
    20                              <1> endstruc
     6                                  
     7                                          ORG KERNEL_LOAD
     8                                  
     9                                  [BITS 32]
    10                                  ;***********************************************************
    11                                  ;  エントリポイント
    12                                  ;***********************************************************
    13                                  kernel:
    14                                          ;------------------------------------------
    15                                          ; フォントアドレスを取得
    16                                          ;------------------------------------------
    17 00000000 BE007E0000                      mov esi, BOOT_LOAD + SECT_SIZE
    18 00000005 0FB706                          movzx eax, word[esi + 0]
    19 00000008 0FB75E02                        movzx ebx, word[esi + 2]
    20 0000000C C1E004                          shl eax, 4
    21 0000000F 01D8                            add eax, ebx
    22 00000011 A3[68000000]                    mov [FONT_ADR], eax
    23                                  
    24                                          ;------------------------------------------
    25                                          ; フォントの一覧表示
    26                                          ;------------------------------------------
    27 00000016 6A0D6A3FE8C8010000-             cdecl draw_font, 63, 13
    27 0000001F 6683C408           
    28 00000023 6A046A3FE849020000-             cdecl draw_color_bar, 63, 4
    28 0000002C 6683C408           
    29                                  
    30                                          ;------------------------------------------
    31                                          ; 文字列を描画
    32                                          ;------------------------------------------
    33 00000030 68[56000000]680F01-             cdecl draw_str, 25, 14, 0x010F, .s0
    33 00000038 00006A0E6A19E8E901-
    33 00000041 00006683C410       
    34                                  
    35                                          ;------------------------------------------
    36                                          ; デフォルト割り込み処理の呼び出し
    37                                          ;------------------------------------------
    38 00000047 6844332211                      push 0x11223344
    39 0000004C 9C                              pushf
    40 0000004D 9A[5E060000]0800                call 0x0008:int_default
    41                                  
    42                                          ;------------------------------------------
    43                                          ; 処理の終了
    44                                          ;------------------------------------------
    45 00000054 EBFE                            jmp $
    46                                  
    47 00000056 2048656C6C6F2C206B-     .s0:    db " Hello, kernel! ", 0
    47 0000005F 65726E656C212000   
    48                                  
    49 00000067 00                      ALIGN 4, db 0
    50 00000068 00000000                FONT_ADR: dd 0
    51 0000006C 00000000                RTC_TIME: dd 0
    52                                  
    53                                  ;***********************************************************
    54                                  ;  モジュール
    55                                  ;***********************************************************
    56                                  %include "../modules/protect/vga.s"
     1                              <1> vga_set_read_plane:
     2                              <1>         ;-----------------------------------------
     3                              <1>         ; 【スタックフレームの構築】
     4                              <1>         ;-----------------------------------------
     5 00000070 55                  <1>         push ebp
     6 00000071 89E5                <1>         mov ebp, esp
     7                              <1> 
     8                              <1>         ;-----------------------------------------
     9                              <1>         ; 【レジスタの保存】
    10                              <1>         ;-----------------------------------------
    11 00000073 50                  <1>         push eax
    12 00000074 52                  <1>         push edx
    13                              <1> 
    14                              <1>         ;-----------------------------------------
    15                              <1>         ; 読み込みプレーンの選択
    16                              <1>         ;-----------------------------------------
    17 00000075 8A6508              <1>         mov ah, [ebp + 8]
    18 00000078 80E403              <1>         and ah, 0x03
    19 0000007B B004                <1>         mov al, 0x04
    20 0000007D 66BACE03            <1>         mov dx, 0x03CE
    21 00000081 66EF                <1>         out dx, ax
    22                              <1> 
    23                              <1>         ;-----------------------------------------
    24                              <1>         ; 【レジスタの復帰】
    25                              <1>         ;-----------------------------------------
    26 00000083 5A                  <1>         pop edx
    27 00000084 58                  <1>         pop eax
    28                              <1> 
    29                              <1>         ;-----------------------------------------
    30                              <1>         ; 【スタックフレームの破棄】
    31                              <1>         ;-----------------------------------------
    32 00000085 89EC                <1>         mov esp, ebp
    33 00000087 5D                  <1>         pop ebp
    34                              <1> 
    35 00000088 C3                  <1>         ret
    36                              <1> 
    37                              <1> vga_set_write_plane:
    38                              <1>         ;-----------------------------------------
    39                              <1>         ; 【スタックフレームの構築】
    40                              <1>         ;-----------------------------------------
    41 00000089 55                  <1>         push ebp
    42 0000008A 89E5                <1>         mov ebp, esp
    43                              <1> 
    44                              <1>         ;-----------------------------------------
    45                              <1>         ; 【レジスタの保存】
    46                              <1>         ;-----------------------------------------
    47 0000008C 50                  <1>         push eax
    48 0000008D 52                  <1>         push edx
    49                              <1> 
    50                              <1>         ;-----------------------------------------
    51                              <1>         ; 書き込みプレーンの選択
    52                              <1>         ;-----------------------------------------
    53 0000008E 8A6508              <1>         mov ah, [ebp + 8]
    54 00000091 80E40F              <1>         and ah, 0x0F
    55 00000094 B002                <1>         mov al, 0x02
    56 00000096 66BAC403            <1>         mov dx, 0x03C4
    57 0000009A 66EF                <1>         out dx, ax
    58                              <1> 
    59                              <1>         ;-----------------------------------------
    60                              <1>         ; 【レジスタの復帰】
    61                              <1>         ;-----------------------------------------
    62 0000009C 5A                  <1>         pop edx
    63 0000009D 58                  <1>         pop eax
    64                              <1> 
    65                              <1>         ;-----------------------------------------
    66                              <1>         ; 【スタックフレームの破棄】
    67                              <1>         ;-----------------------------------------
    68 0000009E 89EC                <1>         mov esp, ebp
    69 000000A0 5D                  <1>         pop ebp
    70                              <1> 
    71 000000A1 C3                  <1>         ret
    72                              <1> 
    73                              <1> vram_font_copy:
    74                              <1>         ;-----------------------------------------
    75                              <1>         ; 【スタックフレームの構築】
    76                              <1>         ;-----------------------------------------
    77 000000A2 55                  <1>         push ebp
    78 000000A3 89E5                <1>         mov ebp, esp
    79                              <1> 
    80                              <1>         ;-----------------------------------------
    81                              <1>         ; 【レジスタの保存】
    82                              <1>         ;-----------------------------------------
    83 000000A5 50                  <1>         push eax
    84 000000A6 53                  <1>         push ebx
    85 000000A7 51                  <1>         push ecx
    86 000000A8 52                  <1>         push edx
    87 000000A9 56                  <1>         push esi
    88 000000AA 57                  <1>         push edi
    89                              <1> 
    90                              <1>         ;-----------------------------------------
    91                              <1>         ; マスクデータの作成
    92                              <1>         ;-----------------------------------------
    93 000000AB 8B7508              <1>         mov esi, [ebp + 8]
    94 000000AE 8B7D0C              <1>         mov edi, [ebp + 12]
    95 000000B1 0FB64510            <1>         movzx eax, byte [ebp + 16]
    96 000000B5 0FB75D14            <1>         movzx ebx, word [ebp + 20]
    97                              <1> 
    98 000000B9 84C7                <1>         test bh, al
    99 000000BB 0F94C6              <1>         setz dh
   100 000000BE FECE                <1>         dec dh
   101                              <1> 
   102 000000C0 84C3                <1>         test bl, al
   103 000000C2 0F94C2              <1>         setz dl
   104 000000C5 FECA                <1>         dec dl
   105                              <1> 
   106                              <1>         ;-----------------------------------------
   107                              <1>         ; 16ドットフォントのコピー
   108                              <1>         ;-----------------------------------------
   109 000000C7 FC                  <1>         cld
   110                              <1> 
   111 000000C8 B910000000          <1>         mov ecx, 16
   112                              <1> .10L:
   113                              <1> 
   114                              <1>         ;-----------------------------------------
   115                              <1>         ; フォントマスクの作成
   116                              <1>         ;-----------------------------------------
   117 000000CD AC                  <1>         lodsb
   118 000000CE 88C4                <1>         mov ah, al
   119 000000D0 F6D4                <1>         not ah
   120                              <1> 
   121                              <1>         ;-----------------------------------------
   122                              <1>         ; 前景色
   123                              <1>         ;-----------------------------------------
   124 000000D2 20D0                <1>         and al, dl
   125                              <1> 
   126                              <1>         ;-----------------------------------------
   127                              <1>         ; 背景色
   128                              <1>         ;-----------------------------------------
   129 000000D4 F7C310000000        <1>         test ebx, 0x0010
   130 000000DA 7404                <1>         jz .11F
   131 000000DC 2227                <1>         and ah, [edi]
   132 000000DE EB02                <1>         jmp .11E
   133                              <1> .11F:
   134 000000E0 20F4                <1>         and ah, dh
   135                              <1> .11E:
   136                              <1> 
   137                              <1>         ;-----------------------------------------
   138                              <1>         ; 前景色と背景色をコピー
   139                              <1>         ;-----------------------------------------
   140 000000E2 08E0                <1>         or al, ah
   141                              <1> 
   142                              <1>         ;-----------------------------------------
   143                              <1>         ; 新しい値を出力
   144                              <1>         ;-----------------------------------------
   145 000000E4 8807                <1>         mov [edi], al
   146                              <1> 
   147 000000E6 83C750              <1>         add edi, 80
   148 000000E9 E2E2                <1>         loop .10L
   149                              <1> .10E:
   150                              <1> 
   151                              <1>         ;-----------------------------------------
   152                              <1>         ; 【レジスタの復帰】
   153                              <1>         ;-----------------------------------------
   154 000000EB 5F                  <1>         pop edi
   155 000000EC 5E                  <1>         pop esi
   156 000000ED 5A                  <1>         pop edx
   157 000000EE 59                  <1>         pop ecx
   158 000000EF 5B                  <1>         pop ebx
   159 000000F0 58                  <1>         pop eax
   160                              <1> 
   161                              <1>         ;-----------------------------------------
   162                              <1>         ; 【スタックフレームの破棄】
   163                              <1>         ;-----------------------------------------
   164 000000F1 89EC                <1>         mov esp, ebp
   165 000000F3 5D                  <1>         pop ebp
   166                              <1> 
   167 000000F4 C3                  <1>         ret
   168                              <1> 
   169                              <1> vram_bit_copy:
   170                              <1>         ;-----------------------------------------
   171                              <1>         ; 【スタックフレームの構築】
   172                              <1>         ;-----------------------------------------
   173 000000F5 55                  <1>         push ebp
   174 000000F6 89E5                <1>         mov ebp, esp
   175                              <1> 
   176                              <1>         ;-----------------------------------------
   177                              <1>         ; 【レジスタの保存】
   178                              <1>         ;-----------------------------------------
   179 000000F8 50                  <1>         push eax
   180 000000F9 53                  <1>         push ebx
   181 000000FA 57                  <1>         push edi
   182                              <1> 
   183                              <1>         ;-----------------------------------------
   184                              <1>         ; ビットのコピー
   185                              <1>         ;-----------------------------------------
   186 000000FB 8B7D0C              <1>         mov edi, [ebp + 12]
   187 000000FE 0FB64510            <1>         movzx eax, byte [ebp + 16]
   188 00000102 0FB75D14            <1>         movzx ebx, word [ebp + 20]
   189                              <1> 
   190 00000106 84C3                <1>         test bl, al
   191 00000108 0F94C3              <1>         setz bl
   192 0000010B FECB                <1>         dec bl
   193                              <1> 
   194                              <1>         ;-----------------------------------------
   195                              <1>         ; 反転処理
   196                              <1>         ;-----------------------------------------
   197 0000010D 8A4508              <1>         mov al, [ebp + 8]
   198 00000110 88C4                <1>         mov ah, al
   199 00000112 F6D4                <1>         not ah
   200                              <1> 
   201                              <1>         ;-----------------------------------------
   202                              <1>         ; 描画処理
   203                              <1>         ;-----------------------------------------
   204 00000114 2227                <1>         and ah, [edi]
   205 00000116 20D8                <1>         and al, bl
   206 00000118 08E0                <1>         or al, ah
   207 0000011A 8807                <1>         mov [edi], al
   208                              <1> 
   209                              <1>         ;-----------------------------------------
   210                              <1>         ; 【レジスタの復帰】
   211                              <1>         ;-----------------------------------------
   212 0000011C 5F                  <1>         pop edi
   213 0000011D 5B                  <1>         pop ebx
   214 0000011E 58                  <1>         pop eax
   215                              <1> 
   216                              <1>         ;-----------------------------------------
   217                              <1>         ; 【スタックフレームの破棄】
   218                              <1>         ;-----------------------------------------
   219 0000011F 89EC                <1>         mov esp, ebp
   220 00000121 5D                  <1>         pop ebp
   221                              <1> 
   222 00000122 C3                  <1>         ret
    57                                  %include "../modules/protect/draw_char.s"
     1                              <1> draw_char:
     2                              <1>         ;-----------------------------------------
     3                              <1>         ; 【スタックフレームの構築】
     4                              <1>         ;-----------------------------------------
     5 00000123 55                  <1>         push ebp
     6 00000124 89E5                <1>         mov ebp, esp
     7                              <1> 
     8                              <1>         ;-----------------------------------------
     9                              <1>         ; 【レジスタの保存】
    10                              <1>         ;-----------------------------------------
    11 00000126 50                  <1>         push eax
    12 00000127 53                  <1>         push ebx
    13 00000128 51                  <1>         push ecx
    14 00000129 52                  <1>         push edx
    15 0000012A 56                  <1>         push esi
    16 0000012B 57                  <1>         push edi
    17                              <1> 
    18                              <1>         ;-----------------------------------------
    19                              <1>         ; コピー元フォントアドレスを設定
    20                              <1>         ;-----------------------------------------
    21 0000012C 0FB67514            <1>         movzx esi, byte [ebp + 20]
    22 00000130 C1E604              <1>         shl esi, 4
    23 00000133 0335[68000000]      <1>         add esi, [FONT_ADR]
    24                              <1> 
    25                              <1>         ;-----------------------------------------
    26                              <1>         ; コピー先アドレスを取得
    27                              <1>         ; Adr = 0xA0000 + (640 / 8 * 16) * y + x
    28                              <1>         ;-----------------------------------------
    29 00000139 8B7D0C              <1>         mov edi, [ebp + 12]
    30 0000013C C1E708              <1>         shl edi, 8
    31 0000013F 8DBCBF00000A00      <1>         lea edi, [edi * 4 + edi + 0xA0000]
    32 00000146 037D08              <1>         add edi, [ebp + 8]
    33                              <1> 
    34                              <1>         ;-----------------------------------------
    35                              <1>         ; 1文字分のフォントを出力
    36                              <1>         ;-----------------------------------------
    37 00000149 0FB75D10            <1>         movzx ebx, word[ebp + 16]
    38                              <1> 
    39 0000014D 6A03E81CFFFFFF6683- <1>         cdecl vga_set_read_plane, 0x03
    39 00000156 C404                <1>
    40 00000158 6A08E82AFFFFFF6683- <1>         cdecl vga_set_write_plane, 0x08
    40 00000161 C404                <1>
    41 00000163 536A085756E835FFFF- <1>         cdecl vram_font_copy, esi, edi, 0x08, ebx
    41 0000016C FF6683C410          <1>
    42                              <1> 
    43 00000171 6A02E8F8FEFFFF6683- <1>         cdecl vga_set_read_plane, 0x02
    43 0000017A C404                <1>
    44 0000017C 6A04E806FFFFFF6683- <1>         cdecl vga_set_write_plane, 0x04
    44 00000185 C404                <1>
    45 00000187 536A045756E811FFFF- <1>         cdecl vram_font_copy, esi, edi, 0x04, ebx
    45 00000190 FF6683C410          <1>
    46                              <1> 
    47 00000195 6A01E8D4FEFFFF6683- <1>         cdecl vga_set_read_plane, 0x01
    47 0000019E C404                <1>
    48 000001A0 6A02E8E2FEFFFF6683- <1>         cdecl vga_set_write_plane, 0x02
    48 000001A9 C404                <1>
    49 000001AB 536A025756E8EDFEFF- <1>         cdecl vram_font_copy, esi, edi, 0x02, ebx
    49 000001B4 FF6683C410          <1>
    50                              <1> 
    51 000001B9 6A00E8B0FEFFFF6683- <1>         cdecl vga_set_read_plane, 0x00
    51 000001C2 C404                <1>
    52 000001C4 6A01E8BEFEFFFF6683- <1>         cdecl vga_set_write_plane, 0x01
    52 000001CD C404                <1>
    53 000001CF 536A015756E8C9FEFF- <1>         cdecl vram_font_copy, esi, edi, 0x01, ebx
    53 000001D8 FF6683C410          <1>
    54                              <1> 
    55                              <1>         ;-----------------------------------------
    56                              <1>         ; 【レジスタの復帰】
    57                              <1>         ;-----------------------------------------
    58 000001DD 5F                  <1>         pop edi
    59 000001DE 5E                  <1>         pop esi
    60 000001DF 5A                  <1>         pop edx
    61 000001E0 59                  <1>         pop ecx
    62 000001E1 5B                  <1>         pop ebx
    63 000001E2 58                  <1>         pop eax
    64                              <1> 
    65                              <1>         ;-----------------------------------------
    66                              <1>         ; 【スタックフレームの破棄】
    67                              <1>         ;-----------------------------------------
    68 000001E3 89EC                <1>         mov esp, ebp
    69 000001E5 5D                  <1>         pop ebp
    70                              <1> 
    71 000001E6 C3                  <1>         ret
    58                                  %include "../modules/protect/draw_font.s"
     1                              <1> draw_font:
     2                              <1>         ;-----------------------------------------
     3                              <1>         ; 【スタックフレームの構築】
     4                              <1>         ;-----------------------------------------
     5 000001E7 55                  <1>         push ebp
     6 000001E8 89E5                <1>         mov ebp, esp
     7                              <1> 
     8                              <1>         ;-----------------------------------------
     9                              <1>         ; 【レジスタの保存】
    10                              <1>         ;-----------------------------------------
    11 000001EA 50                  <1>         push eax
    12 000001EB 53                  <1>         push ebx
    13 000001EC 51                  <1>         push ecx
    14 000001ED 52                  <1>         push edx
    15 000001EE 56                  <1>         push esi
    16 000001EF 57                  <1>         push edi
    17                              <1> 
    18                              <1>         ;-----------------------------------------
    19                              <1>         ; 基準となる位置をレジスタに保存
    20                              <1>         ;-----------------------------------------
    21 000001F0 8B7508              <1>         mov esi, [ebp + 8]
    22 000001F3 8B7D0C              <1>         mov edi, [ebp + 12]
    23                              <1> 
    24                              <1>         ;-----------------------------------------
    25                              <1>         ; フォントを一覧表示する
    26                              <1>         ;-----------------------------------------
    27 000001F6 B900000000          <1>         mov ecx, 0
    28                              <1> .10L:
    29 000001FB 81F900010000        <1>         cmp ecx, 256
    30 00000201 731F                <1>         jae .10E
    31                              <1> 
    32 00000203 89C8                <1>         mov eax, ecx
    33 00000205 83E00F              <1>         and eax, 0x0F
    34 00000208 01F0                <1>         add eax, esi
    35                              <1> 
    36 0000020A 89CB                <1>         mov ebx, ecx
    37 0000020C C1EB04              <1>         shr ebx, 4
    38 0000020F 01FB                <1>         add ebx, edi
    39                              <1> 
    40 00000211 516A075350E808FFFF- <1>         cdecl draw_char, eax, ebx, 0x07, ecx
    40 0000021A FF6683C410          <1>
    41                              <1> 
    42 0000021F 41                  <1>         inc ecx
    43 00000220 EBD9                <1>         jmp .10L
    44                              <1> .10E:
    45                              <1> 
    46                              <1>         ;-----------------------------------------
    47                              <1>         ; 【レジスタの復帰】
    48                              <1>         ;-----------------------------------------
    49 00000222 5F                  <1>         pop edi
    50 00000223 5E                  <1>         pop esi
    51 00000224 5A                  <1>         pop edx
    52 00000225 59                  <1>         pop ecx
    53 00000226 5B                  <1>         pop ebx
    54 00000227 58                  <1>         pop eax
    55                              <1> 
    56                              <1>         ;-----------------------------------------
    57                              <1>         ; 【スタックフレームの破棄】
    58                              <1>         ;-----------------------------------------
    59 00000228 89EC                <1>         mov esp, ebp
    60 0000022A 5D                  <1>         pop ebp
    61                              <1> 
    62 0000022B C3                  <1>         ret
    59                                  %include "../modules/protect/draw_str.s"
     1                              <1> draw_str:
     2                              <1>         ;-----------------------------------------
     3                              <1>         ; 【スタックフレームの構築】
     4                              <1>         ;-----------------------------------------
     5 0000022C 55                  <1>         push ebp
     6 0000022D 89E5                <1>         mov ebp, esp
     7                              <1> 
     8                              <1>         ;-----------------------------------------
     9                              <1>         ; 【レジスタの保存】
    10                              <1>         ;-----------------------------------------
    11 0000022F 50                  <1>         push eax
    12 00000230 53                  <1>         push ebx
    13 00000231 51                  <1>         push ecx
    14 00000232 52                  <1>         push edx
    15 00000233 56                  <1>         push esi
    16                              <1> 
    17                              <1>         ;-----------------------------------------
    18                              <1>         ; 文字列を描画する
    19                              <1>         ;-----------------------------------------
    20 00000234 8B4D08              <1>         mov ecx, [ebp + 8]
    21 00000237 8B550C              <1>         mov edx, [ebp + 12]
    22 0000023A 0FB75D10            <1>         movzx ebx, word [ebp + 16]
    23 0000023E 8B7514              <1>         mov esi, [ebp + 20]
    24                              <1> 
    25 00000241 FC                  <1>         cld
    26                              <1> .10L:
    27 00000242 AC                  <1>         lodsb
    28 00000243 3C00                <1>         cmp al, 0
    29 00000245 7425                <1>         je .10E
    30                              <1> 
    31 00000247 50535251E8D3FEFFFF- <1>         cdecl draw_char, ecx, edx, ebx, eax
    31 00000250 6683C410            <1>
    32                              <1> 
    33 00000254 41                  <1>         inc ecx
    34 00000255 83F950              <1>         cmp ecx, 80
    35 00000258 7C10                <1>         jl .12E
    36 0000025A B900000000          <1>         mov ecx, 0
    37 0000025F 42                  <1>         inc edx
    38 00000260 83FA1E              <1>         cmp edx, 30
    39 00000263 7C05                <1>         jl .12E
    40 00000265 BA00000000          <1>         mov edx, 0
    41                              <1> .12E:
    42 0000026A EBD6                <1>         jmp .10L
    43                              <1> .10E:
    44                              <1> 
    45                              <1>         ;-----------------------------------------
    46                              <1>         ; 【レジスタの復帰】
    47                              <1>         ;-----------------------------------------
    48 0000026C 5E                  <1>         pop esi
    49 0000026D 5A                  <1>         pop edx
    50 0000026E 59                  <1>         pop ecx
    51 0000026F 5B                  <1>         pop ebx
    52 00000270 58                  <1>         pop eax
    53                              <1> 
    54                              <1>         ;-----------------------------------------
    55                              <1>         ; 【スタックフレームの破棄】
    56                              <1>         ;-----------------------------------------
    57 00000271 89EC                <1>         mov esp, ebp
    58 00000273 5D                  <1>         pop ebp
    59                              <1> 
    60 00000274 C3                  <1>         ret
    60                                  %include "../modules/protect/draw_color_bar.s"
     1                              <1> draw_color_bar:
     2                              <1>         ;-----------------------------------------
     3                              <1>         ; 【スタックフレームの構築】
     4                              <1>         ;-----------------------------------------
     5 00000275 55                  <1>         push ebp
     6 00000276 89E5                <1>         mov ebp, esp
     7                              <1> 
     8                              <1>         ;-----------------------------------------
     9                              <1>         ; 【レジスタの保存】
    10                              <1>         ;-----------------------------------------
    11 00000278 50                  <1>         push eax
    12 00000279 53                  <1>         push ebx
    13 0000027A 51                  <1>         push ecx
    14 0000027B 52                  <1>         push edx
    15 0000027C 56                  <1>         push esi
    16 0000027D 57                  <1>         push edi
    17                              <1> 
    18                              <1>         ;-----------------------------------------
    19                              <1>         ; 基準となる位置をレジスタに保存
    20                              <1>         ;-----------------------------------------
    21 0000027E 8B7508              <1>         mov esi, [ebp + 8]
    22 00000281 8B7D0C              <1>         mov edi, [ebp + 12]
    23                              <1> 
    24                              <1>         ;-----------------------------------------
    25                              <1>         ; カラーバーを表示
    26                              <1>         ;-----------------------------------------
    27 00000284 B900000000          <1>         mov ecx, 0
    28                              <1> .10L:
    29 00000289 83F910              <1>         cmp ecx, 16
    30 0000028C 732E                <1>         jae .10E
    31                              <1> 
    32 0000028E 89C8                <1>         mov eax, ecx
    33 00000290 83E001              <1>         and eax, 0x01
    34 00000293 C1E003              <1>         shl eax, 3
    35 00000296 01F0                <1>         add eax, esi
    36                              <1> 
    37 00000298 89CB                <1>         mov ebx, ecx
    38 0000029A D1EB                <1>         shr ebx, 1
    39 0000029C 01FB                <1>         add ebx, edi
    40                              <1> 
    41 0000029E 89CA                <1>         mov edx, ecx
    42 000002A0 D1E2                <1>         shl edx, 1
    43 000002A2 8B92[CF020000]      <1>         mov edx, [.t0 + edx]
    44                              <1> 
    45 000002A8 68[C6020000]525350- <1>         cdecl draw_str, eax, ebx, edx, .s0
    45 000002B0 E877FFFFFF6683C410  <1>
    46                              <1> 
    47 000002B9 41                  <1>         inc ecx
    48 000002BA EBCD                <1>         jmp .10L
    49                              <1> .10E:
    50                              <1> 
    51                              <1>         ;-----------------------------------------
    52                              <1>         ; 【レジスタの復帰】
    53                              <1>         ;-----------------------------------------
    54 000002BC 5F                  <1>         pop edi
    55 000002BD 5E                  <1>         pop esi
    56 000002BE 5A                  <1>         pop edx
    57 000002BF 59                  <1>         pop ecx
    58 000002C0 5B                  <1>         pop ebx
    59 000002C1 58                  <1>         pop eax
    60                              <1> 
    61                              <1>         ;-----------------------------------------
    62                              <1>         ; 【スタックフレームの破棄】
    63                              <1>         ;-----------------------------------------
    64 000002C2 89EC                <1>         mov esp, ebp
    65 000002C4 5D                  <1>         pop ebp
    66                              <1> 
    67 000002C5 C3                  <1>         ret
    68                              <1> 
    69 000002C6 202020202020202000  <1> .s0:    db '        ', 0
    70 000002CF 00000008            <1> .t0:    dw 0x0000, 0x0800
    71 000002D3 00010009            <1>         dw 0x0100, 0x0900
    72 000002D7 0002000A            <1>         dw 0x0200, 0x0A00
    73 000002DB 0003000B            <1>         dw 0x0300, 0x0B00
    74 000002DF 0004000C            <1>         dw 0x0400, 0x0C00
    75 000002E3 0005000D            <1>         dw 0x0500, 0x0D00
    76 000002E7 0006000E            <1>         dw 0x0600, 0x0E00
    77 000002EB 0007000F            <1>         dw 0x0700, 0x0F00
    61                                  %include "../modules/protect/draw_pixel.s"
     1                              <1> draw_pixel:
     2                              <1>         ;-----------------------------------------
     3                              <1>         ; 【スタックフレームの構築】
     4                              <1>         ;-----------------------------------------
     5 000002EF 55                  <1>         push ebp
     6 000002F0 89E5                <1>         mov ebp, esp
     7                              <1> 
     8                              <1>         ;-----------------------------------------
     9                              <1>         ; 【レジスタの保存】
    10                              <1>         ;-----------------------------------------
    11 000002F2 50                  <1>         push eax
    12 000002F3 53                  <1>         push ebx
    13 000002F4 51                  <1>         push ecx
    14 000002F5 57                  <1>         push edi
    15                              <1> 
    16                              <1>         ;-----------------------------------------
    17                              <1>         ; Y座標を80倍する(640/8)
    18                              <1>         ;-----------------------------------------
    19 000002F6 8B7D0C              <1>         mov edi, [ebp + 12]
    20 000002F9 C1E704              <1>         shl edi, 4
    21 000002FC 8DBCBF00000A00      <1>         lea edi, [edi * 4 + edi + 0xA_0000]
    22                              <1> 
    23                              <1>         ;-----------------------------------------
    24                              <1>         ; X座標を1/8して加算
    25                              <1>         ;-----------------------------------------
    26 00000303 8B5D08              <1>         mov ebx, [ebp + 8]
    27 00000306 89D9                <1>         mov ecx, ebx
    28 00000308 C1EB03              <1>         shr ebx, 3
    29 0000030B 01DF                <1>         add edi, ebx
    30                              <1> 
    31                              <1>         ;-----------------------------------------
    32                              <1>         ; X座標を8で割った余りからビット位置を計算
    33                              <1>         ; (0=0x80, 1=0x40, ..., 7=0x01)
    34                              <1>         ;-----------------------------------------
    35 0000030D 83E107              <1>         and ecx, 0x07
    36 00000310 BB80000000          <1>         mov ebx, 0x80
    37 00000315 D3EB                <1>         shr ebx, cl
    38                              <1> 
    39                              <1>         ;-----------------------------------------
    40                              <1>         ; 色指定
    41                              <1>         ;-----------------------------------------
    42 00000317 8B4D10              <1>         mov ecx, [ebp + 16]
    43                              <1> 
    44                              <1>         ;-----------------------------------------
    45                              <1>         ; プレーンごとに出力
    46                              <1>         ;-----------------------------------------
    47 0000031A 6A03E84FFDFFFF6683- <1>         cdecl vga_set_read_plane, 0x03
    47 00000323 C404                <1>
    48 00000325 6A08E85DFDFFFF6683- <1>         cdecl vga_set_write_plane, 0x08
    48 0000032E C404                <1>
    49 00000330 516A085753E8BBFDFF- <1>         cdecl vram_bit_copy, ebx, edi, 0x08, ecx
    49 00000339 FF6683C410          <1>
    50                              <1> 
    51 0000033E 6A02E82BFDFFFF6683- <1>         cdecl vga_set_read_plane, 0x02
    51 00000347 C404                <1>
    52 00000349 6A04E839FDFFFF6683- <1>         cdecl vga_set_write_plane, 0x04
    52 00000352 C404                <1>
    53 00000354 516A045753E897FDFF- <1>         cdecl vram_bit_copy, ebx, edi, 0x04, ecx
    53 0000035D FF6683C410          <1>
    54                              <1> 
    55 00000362 6A01E807FDFFFF6683- <1>         cdecl vga_set_read_plane, 0x01
    55 0000036B C404                <1>
    56 0000036D 6A02E815FDFFFF6683- <1>         cdecl vga_set_write_plane, 0x02
    56 00000376 C404                <1>
    57 00000378 516A025753E873FDFF- <1>         cdecl vram_bit_copy, ebx, edi, 0x02, ecx
    57 00000381 FF6683C410          <1>
    58                              <1> 
    59 00000386 6A00E8E3FCFFFF6683- <1>         cdecl vga_set_read_plane, 0x00
    59 0000038F C404                <1>
    60 00000391 6A01E8F1FCFFFF6683- <1>         cdecl vga_set_write_plane, 0x01
    60 0000039A C404                <1>
    61 0000039C 516A015753E84FFDFF- <1>         cdecl vram_bit_copy, ebx, edi, 0x01, ecx
    61 000003A5 FF6683C410          <1>
    62                              <1> 
    63                              <1>         ;-----------------------------------------
    64                              <1>         ; 【レジスタの復帰】
    65                              <1>         ;-----------------------------------------
    66 000003AA 5F                  <1>         pop edi
    67 000003AB 59                  <1>         pop ecx
    68 000003AC 5B                  <1>         pop ebx
    69 000003AD 58                  <1>         pop eax
    70                              <1> 
    71                              <1>         ;-----------------------------------------
    72                              <1>         ; 【スタックフレームの破棄】
    73                              <1>         ;-----------------------------------------
    74 000003AE 89EC                <1>         mov esp, ebp
    75 000003B0 5D                  <1>         pop ebp
    76                              <1> 
    77 000003B1 C3                  <1>         ret
    78                              <1> 
    79 000003B2 202020202020202000  <1> .s0:    db '        ', 0
    80 000003BB 00000008            <1> .t0:    dw 0x0000, 0x0800
    81 000003BF 00010009            <1>         dw 0x0100, 0x0900
    82 000003C3 0002000A            <1>         dw 0x0200, 0x0A00
    83 000003C7 0003000B            <1>         dw 0x0300, 0x0B00
    84 000003CB 0004000C            <1>         dw 0x0400, 0x0C00
    85 000003CF 0005000D            <1>         dw 0x0500, 0x0D00
    86 000003D3 0006000E            <1>         dw 0x0600, 0x0E00
    87 000003D7 0007000F            <1>         dw 0x0700, 0x0F00
    62                                  %include "../modules/protect/draw_line.s"
     1                              <1> draw_line:
     2                              <1>         ;-----------------------------------------
     3                              <1>         ; 【スタックフレームの構築】
     4                              <1>         ;-----------------------------------------
     5 000003DB 55                  <1>         push ebp
     6 000003DC 89E5                <1>         mov ebp, esp
     7                              <1> 
     8 000003DE 6A00                <1>         push dword 0
     9 000003E0 6A00                <1>         push dword 0
    10 000003E2 6A00                <1>         push dword 0
    11 000003E4 6A00                <1>         push dword 0
    12 000003E6 6A00                <1>         push dword 0
    13 000003E8 6A00                <1>         push dword 0
    14 000003EA 6A00                <1>         push dword 0
    15                              <1> 
    16                              <1>         ;-----------------------------------------
    17                              <1>         ; 【レジスタの保存】
    18                              <1>         ;-----------------------------------------
    19 000003EC 50                  <1>         push eax
    20 000003ED 53                  <1>         push ebx
    21 000003EE 51                  <1>         push ecx
    22 000003EF 52                  <1>         push edx
    23 000003F0 56                  <1>         push esi
    24 000003F1 57                  <1>         push edi
    25                              <1> 
    26                              <1>         ;-----------------------------------------
    27                              <1>         ; 幅を計算(X軸)
    28                              <1>         ;-----------------------------------------
    29 000003F2 8B4508              <1>         mov eax, [ebp + 8]
    30 000003F5 8B5D10              <1>         mov ebx, [ebp +16]
    31 000003F8 29C3                <1>         sub ebx, eax
    32 000003FA 7D09                <1>         jge .10F
    33                              <1> 
    34 000003FC F7DB                <1>         neg ebx
    35 000003FE BEFFFFFFFF          <1>         mov esi, -1
    36 00000403 EB05                <1>         jmp .10E
    37                              <1> .10F:
    38 00000405 BE01000000          <1>         mov esi, 1
    39                              <1> .10E:
    40                              <1> 
    41                              <1>         ;-----------------------------------------
    42                              <1>         ; 高さを計算(Y軸)
    43                              <1>         ;-----------------------------------------
    44 0000040A 8B4D0C              <1>         mov ecx, [ebp + 12]
    45 0000040D 8B5514              <1>         mov edx, [ebp + 20]
    46 00000410 29CA                <1>         sub edx, ecx
    47 00000412 7D09                <1>         jge .20F
    48                              <1> 
    49 00000414 F7DA                <1>         neg edx
    50 00000416 BFFFFFFFFF          <1>         mov edi, -1
    51 0000041B EB05                <1>         jmp .20E
    52                              <1> .20F:
    53 0000041D BF01000000          <1>         mov edi, 1
    54                              <1> .20E:
    55                              <1> 
    56                              <1>         ;-----------------------------------------
    57                              <1>         ; X軸
    58                              <1>         ;-----------------------------------------
    59 00000422 8945F8              <1>         mov [ebp - 8], eax
    60 00000425 895DF4              <1>         mov [ebp - 12], ebx
    61 00000428 8975F0              <1>         mov [ebp - 16], esi
    62                              <1> 
    63                              <1>         ;-----------------------------------------
    64                              <1>         ; Y軸
    65                              <1>         ;-----------------------------------------
    66 0000042B 894DEC              <1>         mov [ebp - 20], ecx
    67 0000042E 8955E8              <1>         mov [ebp - 24], edx
    68 00000431 897DE4              <1>         mov [ebp - 28], edi
    69                              <1> 
    70                              <1>         ;-----------------------------------------
    71                              <1>         ; 基準軸を決める
    72                              <1>         ;-----------------------------------------
    73 00000434 39D3                <1>         cmp ebx, edx
    74 00000436 7F08                <1>         jg .22F
    75                              <1> 
    76 00000438 8D75EC              <1>         lea esi, [ebp - 20]
    77 0000043B 8D7DF8              <1>         lea edi, [ebp - 8]
    78                              <1> 
    79 0000043E EB06                <1>         jmp .22E
    80                              <1> .22F:
    81 00000440 8D75F8              <1>         lea esi, [ebp - 8]
    82 00000443 8D7DEC              <1>         lea edi, [ebp - 20]
    83                              <1> .22E:
    84                              <1> 
    85                              <1>         ;-----------------------------------------
    86                              <1>         ; 繰り返し回数(基準軸のドット数)
    87                              <1>         ;-----------------------------------------
    88 00000446 8B4EFC              <1>         mov ecx, [esi - 4]
    89 00000449 83F900              <1>         cmp ecx, 0
    90 0000044C 7505                <1>         jnz .30E
    91 0000044E B901000000          <1>         mov ecx, 1
    92                              <1> .30E:
    93                              <1> 
    94                              <1>         ;-----------------------------------------
    95                              <1>         ; 線を描画
    96                              <1>         ;-----------------------------------------
    97                              <1> .50L:
    98 00000453 FF7518FF75ECFF75F8- <1>         cdecl draw_pixel, dword [ebp - 8], dword [ebp - 20], dword [ebp + 24]
    98 0000045C E88EFEFFFF6683C40C  <1>
    99                              <1> 
   100 00000465 8B46F8              <1>         mov eax, [esi - 8]
   101 00000468 0106                <1>         add [esi - 0], eax
   102                              <1> 
   103 0000046A 8B45FC              <1>         mov eax, [ebp - 4]
   104 0000046D 0347FC              <1>         add eax, [edi - 4]
   105 00000470 8B5EFC              <1>         mov ebx, [esi - 4]
   106                              <1> 
   107 00000473 39D8                <1>         cmp eax, ebx
   108 00000475 7C07                <1>         jl .52E
   109 00000477 29D8                <1>         sub eax, ebx
   110                              <1> 
   111 00000479 8B5FF8              <1>         mov ebx, [edi - 8]
   112 0000047C 011F                <1>         add [edi - 0], ebx
   113                              <1> .52E:
   114 0000047E 8945FC              <1>         mov [ebp - 4], eax
   115                              <1> 
   116 00000481 E2D0                <1>         loop .50L
   117                              <1> .50E:
   118                              <1> 
   119                              <1>         ;-----------------------------------------
   120                              <1>         ; 【レジスタの復帰】
   121                              <1>         ;-----------------------------------------
   122 00000483 5F                  <1>         pop edi
   123 00000484 5E                  <1>         pop esi
   124 00000485 5A                  <1>         pop edx
   125 00000486 59                  <1>         pop ecx
   126 00000487 5B                  <1>         pop ebx
   127 00000488 58                  <1>         pop eax
   128                              <1> 
   129                              <1>         ;-----------------------------------------
   130                              <1>         ; 【スタックフレームの破棄】
   131                              <1>         ;-----------------------------------------
   132 00000489 89EC                <1>         mov esp, ebp
   133 0000048B 5D                  <1>         pop ebp
   134                              <1> 
   135 0000048C C3                  <1>         ret
   136                              <1> 
   137 0000048D 202020202020202000  <1> .s0:    db '        ', 0
   138 00000496 00000008            <1> .t0:    dw 0x0000, 0x0800
   139 0000049A 00010009            <1>         dw 0x0100, 0x0900
   140 0000049E 0002000A            <1>         dw 0x0200, 0x0A00
   141 000004A2 0003000B            <1>         dw 0x0300, 0x0B00
   142 000004A6 0004000C            <1>         dw 0x0400, 0x0C00
   143 000004AA 0005000D            <1>         dw 0x0500, 0x0D00
   144 000004AE 0006000E            <1>         dw 0x0600, 0x0E00
   145 000004B2 0007000F            <1>         dw 0x0700, 0x0F00
    63                                  %include "../modules/protect/draw_rect.s"
     1                              <1> draw_rect:
     2                              <1>         ;-----------------------------------------
     3                              <1>         ; 【スタックフレームの構築】
     4                              <1>         ;-----------------------------------------
     5 000004B6 55                  <1>         push ebp
     6 000004B7 89E5                <1>         mov ebp, esp
     7                              <1> 
     8                              <1>         ;-----------------------------------------
     9                              <1>         ; 【レジスタの保存】
    10                              <1>         ;-----------------------------------------
    11 000004B9 50                  <1>         push eax
    12 000004BA 53                  <1>         push ebx
    13 000004BB 51                  <1>         push ecx
    14 000004BC 52                  <1>         push edx
    15 000004BD 56                  <1>         push esi
    16                              <1> 
    17                              <1>         ;-----------------------------------------
    18                              <1>         ; 引数の取得
    19                              <1>         ;-----------------------------------------
    20 000004BE 8B4508              <1>         mov eax, [ebp + 8]
    21 000004C1 8B5D0C              <1>         mov ebx, [ebp +12]
    22 000004C4 8B4D10              <1>         mov ecx, [ebp +16]
    23 000004C7 8B5514              <1>         mov edx, [ebp +20]
    24 000004CA 8B7518              <1>         mov esi, [ebp +24]
    25                              <1> 
    26                              <1>         ;-----------------------------------------
    27                              <1>         ; 座標軸の大小を確定
    28                              <1>         ;-----------------------------------------
    29 000004CD 39C8                <1>         cmp eax, ecx
    30 000004CF 7C01                <1>         jl .10E
    31 000004D1 91                  <1>         xchg eax, ecx
    32                              <1> .10E:
    33 000004D2 39D3                <1>         cmp ebx, edx
    34 000004D4 7C02                <1>         jl .20E
    35 000004D6 87DA                <1>         xchg ebx, edx
    36                              <1> .20E:
    37                              <1> 
    38                              <1>         ;-----------------------------------------
    39                              <1>         ; 矩形を描画
    40                              <1>         ;-----------------------------------------
    41 000004D8 5653515350E8F9FEFF- <1>         cdecl draw_line, eax, ebx, ecx, ebx, esi
    41 000004E1 FF6683C414          <1>
    42 000004E6 5652505350E8EBFEFF- <1>         cdecl draw_line, eax, ebx, eax, edx, esi
    42 000004EF FF6683C414          <1>
    43                              <1> 
    44 000004F4 4A                  <1>         dec edx
    45 000004F5 5652515250E8DCFEFF- <1>         cdecl draw_line, eax, edx, ecx, edx, esi
    45 000004FE FF6683C414          <1>
    46 00000503 42                  <1>         inc edx
    47                              <1> 
    48 00000504 49                  <1>         dec ecx
    49 00000505 5652515351E8CCFEFF- <1>         cdecl draw_line, ecx, ebx, ecx, edx, esi
    49 0000050E FF6683C414          <1>
    50                              <1> 
    51                              <1>         ;-----------------------------------------
    52                              <1>         ; 【レジスタの復帰】
    53                              <1>         ;-----------------------------------------
    54 00000513 5E                  <1>         pop esi
    55 00000514 5A                  <1>         pop edx
    56 00000515 59                  <1>         pop ecx
    57 00000516 5B                  <1>         pop ebx
    58 00000517 58                  <1>         pop eax
    59                              <1> 
    60                              <1>         ;-----------------------------------------
    61                              <1>         ; 【スタックフレームの破棄】
    62                              <1>         ;-----------------------------------------
    63 00000518 89EC                <1>         mov esp, ebp
    64 0000051A 5D                  <1>         pop ebp
    65                              <1> 
    66 0000051B C3                  <1>         ret
    64                                  %include "../modules/protect/itoa.s"
     1                              <1> itoa:
     2                              <1>         ;---------------------------------------
     3                              <1>         ; 【スタックフレームの構築】
     4                              <1>         ;---------------------------------------
     5 0000051C 55                  <1>         push ebp
     6 0000051D 89E5                <1>         mov ebp, esp
     7                              <1> 
     8                              <1>         ;---------------------------------------
     9                              <1>         ; 【レジスタの保存】
    10                              <1>         ;---------------------------------------
    11 0000051F 50                  <1>         push eax
    12 00000520 53                  <1>         push ebx
    13 00000521 51                  <1>         push ecx
    14 00000522 52                  <1>         push edx
    15 00000523 56                  <1>         push esi
    16 00000524 57                  <1>         push edi
    17                              <1> 
    18                              <1>         ;---------------------------------------
    19                              <1>         ; 引数を取得
    20                              <1>         ;---------------------------------------
    21 00000525 678B4608            <1>         mov eax, [bp + 8]
    22 00000529 678B760C            <1>         mov esi, [bp + 12]
    23 0000052D 678B4E10            <1>         mov ecx, [bp + 16]
    24                              <1> 
    25 00000531 89F7                <1>         mov edi, esi
    26 00000533 01CF                <1>         add edi, ecx
    27 00000535 4F                  <1>         dec edi
    28                              <1> 
    29 00000536 8B5D18              <1>         mov ebx, [ebp + 24]
    30                              <1> 
    31                              <1>         ;---------------------------------------
    32                              <1>         ; 符号付き判定
    33                              <1>         ;---------------------------------------
    34 00000539 F7C301000000        <1>         test ebx, 0b0001
    35                              <1> .10Q:
    36 0000053F 7408                <1>         je .10E
    37 00000541 83F800              <1>         cmp eax, 0
    38                              <1> .12Q:
    39 00000544 7D03                <1>         jge .12E
    40 00000546 83CB02              <1>         or ebx, 0b0010
    41                              <1> .12E:
    42                              <1> .10E:
    43                              <1> 
    44                              <1>         ;---------------------------------------
    45                              <1>         ; 符号出力判定
    46                              <1>         ;---------------------------------------
    47 00000549 F7C302000000        <1>         test ebx, 0b0010
    48                              <1> .20Q:
    49 0000054F 7410                <1>         je .20E
    50 00000551 83F800              <1>         cmp eax, 0
    51                              <1> .22Q:
    52 00000554 7D07                <1>         jge .22F
    53 00000556 F7D8                <1>         neg eax
    54 00000558 C6062D              <1>         mov [esi], byte '-'
    55 0000055B EB03                <1>         jmp .22E
    56                              <1> .22F:
    57 0000055D C6062B              <1>         mov [esi], byte '+'
    58                              <1> .22E:
    59 00000560 49                  <1>         dec ecx
    60                              <1> .20E:
    61                              <1> 
    62                              <1>         ;---------------------------------------
    63                              <1>         ; ASCII 変換
    64                              <1>         ;---------------------------------------
    65 00000561 8B5D14              <1>         mov ebx, [ebp + 20]
    66                              <1> .30L:
    67 00000564 BA00000000          <1>         mov edx, 0
    68 00000569 F7F3                <1>         div ebx
    69                              <1> 
    70 0000056B 89D6                <1>         mov esi, edx
    71 0000056D 8A96[98050000]      <1>         mov dl, byte[.ascii + esi]
    72                              <1> 
    73 00000573 8817                <1>         mov [edi], dl
    74 00000575 4F                  <1>         dec edi
    75                              <1> 
    76 00000576 83F800              <1>         cmp eax, 0
    77 00000579 E0E9                <1>         loopnz .30L
    78                              <1> .30E:
    79                              <1> 
    80                              <1>         ;---------------------------------------
    81                              <1>         ; 空欄を埋める
    82                              <1>         ;---------------------------------------
    83 0000057B 83F900              <1>         cmp ecx, 0
    84                              <1> .40Q:
    85 0000057E 740E                <1>         je .40E
    86 00000580 B020                <1>         mov al, ' '
    87 00000582 66837D1804          <1>         cmp [ebp + 24], word 0b0100
    88                              <1> .42Q:
    89 00000587 7502                <1>         jne .42E
    90 00000589 B030                <1>         mov al, '0'
    91                              <1> .42E:
    92 0000058B FD                  <1>         std
    93 0000058C F3AA                <1>         rep stosb
    94                              <1> .40E:
    95                              <1> 
    96                              <1>         ;---------------------------------------
    97                              <1>         ; 【レジスタの復帰】
    98                              <1>         ;---------------------------------------
    99 0000058E 5F                  <1>         pop edi
   100 0000058F 5E                  <1>         pop esi
   101 00000590 5A                  <1>         pop edx
   102 00000591 59                  <1>         pop ecx
   103 00000592 5B                  <1>         pop ebx
   104 00000593 58                  <1>         pop eax
   105                              <1> 
   106                              <1>         ;---------------------------------------
   107                              <1>         ; 【スタックフレームの破棄】
   108                              <1>         ;---------------------------------------
   109 00000594 89EC                <1>         mov esp, ebp
   110 00000596 5D                  <1>         pop ebp
   111                              <1> 
   112 00000597 C3                  <1>         ret
   113                              <1> 
   114 00000598 303132333435363738- <1> .ascii db "0123456789ABCDEF"
   114 000005A1 39414243444546      <1>
    65                                  %include "../modules/protect/rtc.s"
     1                              <1> rtc_get_time:
     2                              <1>         ;-----------------------------------------
     3                              <1>         ; 【スタックフレームの構築】
     4                              <1>         ;-----------------------------------------
     5 000005A8 55                  <1>         push ebp
     6 000005A9 89E5                <1>         mov ebp, esp
     7                              <1> 
     8                              <1>         ;-----------------------------------------
     9                              <1>         ; 【レジスタの保存】
    10                              <1>         ;-----------------------------------------
    11 000005AB 53                  <1>         push ebx
    12                              <1> 
    13                              <1>         ;-----------------------------------------
    14                              <1>         ; RTCの読み込み
    15                              <1>         ;-----------------------------------------
    16 000005AC B00A                <1>         mov al, 0x0A
    17 000005AE E670                <1>         out 0x70, al
    18 000005B0 E471                <1>         in al, 0x71
    19 000005B2 A880                <1>         test al, 0x80
    20 000005B4 7407                <1>         je .10F
    21 000005B6 B801000000          <1>         mov eax, 1
    22 000005BB EB27                <1>         jmp .10E
    23                              <1> .10F:
    24 000005BD B004                <1>         mov al, 0x04
    25 000005BF E670                <1>         out 0x70, al
    26 000005C1 E471                <1>         in al, 0x71
    27                              <1> 
    28 000005C3 C1E008              <1>         shl eax, 8
    29                              <1> 
    30 000005C6 B002                <1>         mov al, 0x02
    31 000005C8 E670                <1>         out 0x70, al
    32 000005CA E471                <1>         in al, 0x71
    33                              <1> 
    34 000005CC C1E008              <1>         shl eax, 8
    35                              <1> 
    36 000005CF B000                <1>         mov al, 0x00
    37 000005D1 E670                <1>         out 0x70, al
    38 000005D3 E471                <1>         in al, 0x71
    39                              <1> 
    40 000005D5 25FFFFFF00          <1>         and eax, 0x00_FF_FF_FF
    41                              <1> 
    42 000005DA 8B5D08              <1>         mov ebx, [ebp + 8]
    43 000005DD 8903                <1>         mov [ebx], eax
    44                              <1> 
    45 000005DF B800000000          <1>         mov eax, 0
    46                              <1> .10E:
    47                              <1> 
    48                              <1>         ;-----------------------------------------
    49                              <1>         ; 【レジスタの復帰】
    50                              <1>         ;-----------------------------------------
    51 000005E4 5B                  <1>         pop ebx
    52                              <1> 
    53                              <1>         ;-----------------------------------------
    54                              <1>         ; 【スタックフレームの破棄】
    55                              <1>         ;-----------------------------------------
    56 000005E5 89EC                <1>         mov esp, ebp
    57 000005E7 5D                  <1>         pop ebp
    58                              <1> 
    59 000005E8 C3                  <1>         ret
    66                                  %include "../modules/protect/draw_time.s"
     1                              <1> draw_time:
     2                              <1>         ;-----------------------------------------
     3                              <1>         ; 【スタックフレームの構築】
     4                              <1>         ;-----------------------------------------
     5 000005E9 55                  <1>         push ebp
     6 000005EA 89E5                <1>         mov ebp, esp
     7                              <1> 
     8                              <1>         ;-----------------------------------------
     9                              <1>         ; 【レジスタの保存】
    10                              <1>         ;-----------------------------------------
    11 000005EC 50                  <1>         push eax
    12 000005ED 53                  <1>         push ebx
    13                              <1> 
    14                              <1>         ;-----------------------------------------
    15                              <1>         ; 時刻の表示
    16                              <1>         ;-----------------------------------------
    17 000005EE 8B4514              <1>         mov eax, [ebp + 20]
    18                              <1> 
    19 000005F1 0FB6D8              <1>         movzx ebx, al
    20 000005F4 6A046A106A0268-     <1>         cdecl itoa, ebx, .sec, 2, 16, 0b0100
    20 000005FB [5B060000]53E817FF- <1>
    20 00000603 FFFF6683C414        <1>
    21                              <1> 
    22 00000609 88E3                <1>         mov bl, ah
    23 0000060B 6A046A106A0268-     <1>         cdecl itoa, ebx, .min, 2, 16, 0b0100
    23 00000612 [58060000]53E800FF- <1>
    23 0000061A FFFF6683C414        <1>
    24                              <1> 
    25 00000620 C1E810              <1>         shr eax, 16
    26 00000623 6A046A106A0268-     <1>         cdecl itoa, eax, .hour, 2, 16, 0b0100
    26 0000062A [55060000]50E8E8FE- <1>
    26 00000632 FFFF6683C414        <1>
    27                              <1> 
    28 00000638 68[55060000]FF7510- <1>         cdecl draw_str, dword[ebp + 8], dword[ebp + 12], dword[ebp + 16], .hour
    28 00000640 FF750CFF7508E8E1FB- <1>
    28 00000649 FFFF6683C410        <1>
    29                              <1> 
    30                              <1>         ;-----------------------------------------
    31                              <1>         ; 【レジスタの復帰】
    32                              <1>         ;-----------------------------------------
    33 0000064F 5B                  <1>         pop ebx
    34 00000650 58                  <1>         pop eax
    35                              <1> 
    36                              <1>         ;-----------------------------------------
    37                              <1>         ; 【スタックフレームの破棄】
    38                              <1>         ;-----------------------------------------
    39 00000651 89EC                <1>         mov esp, ebp
    40 00000653 5D                  <1>         pop ebp
    41                              <1> 
    42 00000654 C3                  <1>         ret
    43                              <1> 
    44 00000655 5A5A3A              <1> .hour:  db "ZZ:"
    45 00000658 5A5A3A              <1> .min:   db "ZZ:"
    46 0000065B 5A5A00              <1> .sec:   db "ZZ", 0
    67                                  %include "modules/interrupt.s"
     1                              <1> int_default:
     2 0000065E 9C                  <1>         pushf
     3 0000065F 0E                  <1>         push cs
     4 00000660 68[7C060000]        <1>         push int_stop
     5                              <1> 
     6 00000665 B8[6B060000]        <1>         mov eax, .s0
     7 0000066A CF                  <1>         iret
     8                              <1> 
     9 0000066B 203C2020202053544F- <1> .s0:    db " <    STOP    > ", 0
     9 00000674 50202020203E2000    <1>
    10                              <1> 
    11                              <1> int_stop:
    12                              <1>         ;-----------------------------------------
    13                              <1>         ; EAXで示される文字列を表示
    14                              <1>         ;-----------------------------------------
    15 0000067C 50680F0600006A0F6A- <1>         cdecl draw_str, 25, 15, 0x060F, eax
    15 00000685 19E8A1FBFFFF6683C4- <1>
    15 0000068E 10                  <1>
    16                              <1> 
    17                              <1>         ;-----------------------------------------
    18                              <1>         ; スタックのデータを文字列に変換
    19                              <1>         ;-----------------------------------------
    20 0000068F 8B0424              <1>         mov eax, [esp + 0]
    21 00000692 6A046A106A0868-     <1>         cdecl itoa, eax, .p1, 8, 16, 0b0100
    21 00000699 [57070000]50E879FE- <1>
    21 000006A1 FFFF6683C414        <1>
    22                              <1> 
    23 000006A7 8B442404            <1>         mov eax, [esp + 4]
    24 000006AB 6A046A106A0868-     <1>         cdecl itoa, eax, .p2, 8, 16, 0b0100
    24 000006B2 [68070000]50E860FE- <1>
    24 000006BA FFFF6683C414        <1>
    25                              <1> 
    26 000006C0 8B442408            <1>         mov eax, [esp + 8]
    27 000006C4 6A046A106A0868-     <1>         cdecl itoa, eax, .p3, 8, 16, 0b0100
    27 000006CB [79070000]50E847FE- <1>
    27 000006D3 FFFF6683C414        <1>
    28                              <1> 
    29 000006D9 8B44240C            <1>         mov eax, [esp +12]
    30 000006DD 6A046A106A0868-     <1>         cdecl itoa, eax, .p4, 8, 16, 0b0100
    30 000006E4 [8A070000]50E82EFE- <1>
    30 000006EC FFFF6683C414        <1>
    31                              <1> 
    32                              <1>         ;-----------------------------------------
    33                              <1>         ; 文字列の表示
    34                              <1>         ;-----------------------------------------
    35 000006F2 68[50070000]68040F- <1>         cdecl draw_str, 25, 16, 0x0F04, .s1
    35 000006FA 00006A106A19E827FB- <1>
    35 00000703 FFFF6683C410        <1>
    36 00000709 68[61070000]68040F- <1>         cdecl draw_str, 25, 17, 0x0F04, .s2
    36 00000711 00006A116A19E810FB- <1>
    36 0000071A FFFF6683C410        <1>
    37 00000720 68[72070000]68040F- <1>         cdecl draw_str, 25, 18, 0x0F04, .s3
    37 00000728 00006A126A19E8F9FA- <1>
    37 00000731 FFFF6683C410        <1>
    38 00000737 68[83070000]68040F- <1>         cdecl draw_str, 25, 19, 0x0F04, .s4
    38 0000073F 00006A136A19E8E2FA- <1>
    38 00000748 FFFF6683C410        <1>
    39                              <1> 
    40                              <1>         ;-----------------------------------------
    41                              <1>         ; 無限ループ
    42                              <1>         ;-----------------------------------------
    43 0000074E EBFE                <1>         jmp $
    44                              <1> 
    45 00000750 4553502B20303A      <1> .s1:    db "ESP+ 0:"
    46 00000757 5F5F5F5F5F5F5F5F20- <1> .p1:    db "________ ", 0
    46 00000760 00                  <1>
    47 00000761 2020202B20343A      <1> .s2:    db "   + 4:"
    48 00000768 5F5F5F5F5F5F5F5F20- <1> .p2:    db "________ ", 0
    48 00000771 00                  <1>
    49 00000772 2020202B20383A      <1> .s3:    db "   + 8:"
    50 00000779 5F5F5F5F5F5F5F5F20- <1> .p3:    db "________ ", 0
    50 00000782 00                  <1>
    51 00000783 2020202B31323A      <1> .s4:    db "   +12:"
    52 0000078A 5F5F5F5F5F5F5F5F20- <1> .p4:    db "________ ", 0
    52 00000793 00                  <1>
    68                                  
    69                                  ;***********************************************************
    70                                  ;  パディング
    71                                  ;***********************************************************
    72 00000794 00<rept>                        times KERNEL_SIZE - ($ - $$) db 0
