     1                                          BOOT_LOAD equ 0x7C00
     2                                          ORG BOOT_LOAD
     3                                  
     4                                  ;***********************************************************
     5                                  ;  マクロ
     6                                  ;***********************************************************
     7                                  %include "../include/macro.s"
     1                              <1> %macro cdecl 1-*.nolist
     2                              <1>   %rep %0 - 1
     3                              <1>     push %{-1:-1}
     4                              <1>     %rotate -1
     5                              <1>   %endrep
     6                              <1>   %rotate -1
     7                              <1> 
     8                              <1>   call %1
     9                              <1> 
    10                              <1>   %if 1 < %0
    11                              <1>     add sp, (__BITS__ >> 3) * (%0 - 1)
    12                              <1>   %endif
    13                              <1> %endmacro
     8                                  
     9                                  ;***********************************************************
    10                                  ;  エントリポイント
    11                                  ;***********************************************************
    12                                  entry:
    13                                          ;---------------------------------------
    14                                          ; BPB(BIOS Parameter Block)
    15                                          ;---------------------------------------
    16 00000000 EB58                            jmp ipl
    17 00000002 90<rept>                        times 90 - ($ - $$) db 0x90
    18                                  
    19                                          ;---------------------------------------
    20                                          ; IPL(Initial Program Loader)
    21                                          ;---------------------------------------
    22                                  ipl:
    23 0000005A FA                              cli
    24                                  
    25 0000005B B80000                          mov ax, 0x0000
    26 0000005E 8ED8                            mov ds, ax
    27 00000060 8EC0                            mov es, ax
    28 00000062 8ED0                            mov ss, ax
    29 00000064 BC007C                          mov sp, BOOT_LOAD
    30                                  
    31 00000067 FB                              sti
    32                                  
    33 00000068 8816[8600]                      mov [BOOT.DRIVE], dl
    34                                  
    35                                          ;---------------------------------------
    36                                          ; 文字を表示
    37                                          ;---------------------------------------
    38 0000006C 6A58E8170083C402                cdecl putc, word 'X'
    39 00000074 6A59E80F0083C402                cdecl putc, word 'Y'
    40 0000007C 6A5AE8070083C402                cdecl putc, word 'Z'
    41                                  
    42                                          ;---------------------------------------
    43                                          ; 処理の終了
    44                                          ;---------------------------------------
    45 00000084 EBFE                            jmp $
    46                                  ALIGN 2, db 0
    47                                  BOOT:
    48 00000086 0000                    .DRIVE: dw 0
    49                                  
    50                                  ;***********************************************************
    51                                  ;  モジュール
    52                                  ;***********************************************************
    53                                  %include "../modules/real/putc.s"
     1                              <1> putc:
     2                              <1>         ;---------------------------------------
     3                              <1>         ; 【スタックフレームの構築】
     4                              <1>         ;---------------------------------------
     5 00000088 55                  <1>         push bp
     6 00000089 89E5                <1>         mov bp, sp
     7                              <1> 
     8                              <1>         ;---------------------------------------
     9                              <1>         ; 【レジスタの保存】
    10                              <1>         ;---------------------------------------
    11 0000008B 50                  <1>         push ax
    12 0000008C 53                  <1>         push bx
    13                              <1> 
    14                              <1>         ;---------------------------------------
    15                              <1>         ; 【処理の開始】
    16                              <1>         ;---------------------------------------
    17 0000008D 8A4604              <1>         mov al, [bp + 4]
    18 00000090 B40E                <1>         mov ah, 0x0E
    19 00000092 BB0000              <1>         mov bx, 0x0000
    20 00000095 CD10                <1>         int 0x10
    21                              <1> 
    22                              <1>         ;---------------------------------------
    23                              <1>         ; 【レジスタの復帰】
    24                              <1>         ;---------------------------------------
    25 00000097 5B                  <1>         pop bx
    26 00000098 58                  <1>         pop ax
    27                              <1> 
    28                              <1>         ;---------------------------------------
    29                              <1>         ; 【スタックフレームの破棄】
    30                              <1>         ;---------------------------------------
    31 00000099 89EC                <1>         mov sp, bp
    32 0000009B 5D                  <1>         pop bp
    33                              <1> 
    34 0000009C C3                  <1>         ret
    54                                  
    55                                  ;***********************************************************
    56                                  ;  ブートフラグ(先頭512バイトの終了)
    57                                  ;***********************************************************
    58 0000009D 00<rept>                        times 510 - ($ - $$) db 0x00
    59 000001FE 55AA                            db 0x55, 0xAA
