     1                                  ;***********************************************************
     2                                  ;  マクロ
     3                                  ;***********************************************************
     4                                  %include "../include/define.s"
     1                              <1> BOOT_LOAD equ 0x7C00                    ; ブートプログラムのロード位置
     2                              <1> 
     3                              <1> BOOT_SIZE equ (1024 * 8)                ; ブートコードサイズ
     4                              <1> SECT_SIZE equ (512)                     ; セクタサイズ
     5                              <1> BOOT_SECT equ (BOOT_SIZE / SECT_SIZE)   ; ブートプログラムのセクタ数
     5                                  %include "../include/macro.s"
     1                              <1> %macro cdecl 1-*.nolist
     2                              <1>     %rep %0 - 1
     3                              <1>         push %{-1:-1}
     4                              <1>         %rotate -1
     5                              <1>     %endrep
     6                              <1>     %rotate -1
     7                              <1> 
     8                              <1>     call %1
     9                              <1> 
    10                              <1>     %if 1 < %0
    11                              <1>         add sp, (__BITS__ >> 3) * (%0 - 1)
    12                              <1>     %endif
    13                              <1> %endmacro
    14                              <1> 
    15                              <1> struc drive
    16 00000000 <res 00000002>      <1>     .no resw 1      ; ドライブ番号
    17 00000002 <res 00000002>      <1>     .cyln resw 1    ; シリンダ
    18 00000004 <res 00000002>      <1>     .head resw 1    ; ヘッド
    19 00000006 <res 00000002>      <1>     .sect resw 1    ; セクタ
    20                              <1> endstruc
     6                                  
     7                                          ORG BOOT_LOAD
     8                                  
     9                                  ;***********************************************************
    10                                  ;  エントリポイント
    11                                  ;***********************************************************
    12                                  entry:
    13                                          ;------------------------------------------
    14                                          ; BPB(BIOS Parameter Block)
    15                                          ;------------------------------------------
    16 00000000 EB58                            jmp ipl
    17 00000002 90<rept>                        times 90 - ($ - $$) db 0x90
    18                                  
    19                                          ;------------------------------------------
    20                                          ; IPL(Initial Program Loader)
    21                                          ;------------------------------------------
    22                                  ipl:
    23 0000005A FA                              cli
    24                                  
    25 0000005B B80000                          mov ax, 0x0000
    26 0000005E 8ED8                            mov ds, ax
    27 00000060 8EC0                            mov es, ax
    28 00000062 8ED0                            mov ss, ax
    29 00000064 BC007C                          mov sp, BOOT_LOAD
    30                                  
    31 00000067 FB                              sti
    32                                  
    33 00000068 8816[B800]                      mov [BOOT + drive.no], dl
    34                                  
    35                                          ;------------------------------------------
    36                                          ; 文字列を表示
    37                                          ;------------------------------------------
    38 0000006C 68[9900]E84E0083C4-             cdecl puts, .s0
    38 00000074 02                 
    39                                  
    40                                          ;------------------------------------------
    41                                          ; 残りのセクタをすべて読み込む
    42                                          ;------------------------------------------
    43 00000075 BB0F00                          mov bx, BOOT_SECT - 1
    44 00000078 B9007E                          mov cx, BOOT_LOAD + SECT_SIZE
    45                                  
    46 0000007B 515368[B800]E89B00-             cdecl read_chs, BOOT, bx, cx
    46 00000083 83C406             
    47                                  
    48 00000086 39D8                            cmp ax, bx
    49                                  .10Q:
    50 00000088 740C                            jz .10E
    51                                  .10T:
    52 0000008A 68[A600]E8300083C4-             cdecl puts, .e0
    52 00000092 02                 
    53 00000093 E84900                          call reboot
    54                                  .10E:
    55                                  
    56                                          ;------------------------------------------
    57                                          ; 次のステージへ移行
    58                                          ;------------------------------------------
    59 00000096 E94C02                          jmp stage_2
    60                                  
    61                                          ;------------------------------------------
    62                                          ; データ
    63                                          ;------------------------------------------
    64 00000099 426F6F74696E672E2E-     .s0     db "Booting...", 0x0A, 0x0D, 0
    64 000000A2 2E0A0D00           
    65 000000A6 4572726F723A736563-     .e0     db "Error:sector read", 0
    65 000000AF 746F72207265616400 
    66                                  
    67                                  ;***********************************************************
    68                                  ;  ブートドライブに関する情報
    69                                  ;***********************************************************
    70                                  ALIGN 2, db 0
    71                                  BOOT:
    72                                          istruc drive
    73 000000B8 0000                                at drive.no, dw 0
    74 000000BA 0000                                at drive.cyln, dw 0
    75 000000BC 0000                                at drive.head, dw 0
    76 000000BE 0200                                at drive.sect, dw 2
    77                                          iend
    78                                  
    79                                  ;***********************************************************
    80                                  ;  モジュール
    81                                  ;***********************************************************
    82                                  %include "../modules/real/puts.s"
     1                              <1> puts:
     2                              <1>         ;---------------------------------------
     3                              <1>         ; 【スタックフレームの構築】
     4                              <1>         ;---------------------------------------
     5 000000C0 55                  <1>         push bp
     6 000000C1 89E5                <1>         mov bp, sp
     7                              <1> 
     8                              <1>         ;---------------------------------------
     9                              <1>         ; 【レジスタの保存】
    10                              <1>         ;---------------------------------------
    11 000000C3 50                  <1>         push ax
    12 000000C4 53                  <1>         push bx
    13 000000C5 56                  <1>         push si
    14                              <1> 
    15                              <1>         ;---------------------------------------
    16                              <1>         ; 引数を取得
    17                              <1>         ;---------------------------------------
    18 000000C6 8B7604              <1>         mov si, [bp + 4]
    19                              <1> 
    20                              <1>         ;---------------------------------------
    21                              <1>         ; 【処理の開始】
    22                              <1>         ;---------------------------------------
    23 000000C9 B40E                <1>         mov ah, 0x0E
    24 000000CB BB0000              <1>         mov bx, 0x0000
    25 000000CE FC                  <1>         cld
    26                              <1> .10L:
    27 000000CF AC                  <1>         lodsb
    28 000000D0 3C00                <1>         cmp al, 0
    29 000000D2 7404                <1>         je .10E
    30 000000D4 CD10                <1>         int 0x10
    31 000000D6 EBF7                <1>         jmp .10L
    32                              <1> .10E:
    33                              <1> 
    34                              <1>         ;---------------------------------------
    35                              <1>         ; 【レジスタの復帰】
    36                              <1>         ;---------------------------------------
    37 000000D8 5E                  <1>         pop si
    38 000000D9 5B                  <1>         pop bx
    39 000000DA 58                  <1>         pop ax
    40                              <1> 
    41                              <1>         ;---------------------------------------
    42                              <1>         ; 【スタックフレームの破棄】
    43                              <1>         ;---------------------------------------
    44 000000DB 89EC                <1>         mov sp, bp
    45 000000DD 5D                  <1>         pop bp
    46                              <1> 
    47 000000DE C3                  <1>         ret
    83                                  %include "../modules/real/reboot.s"
     1                              <1> reboot:
     2                              <1>         ;---------------------------------------
     3                              <1>         ; メッセージを表示
     4                              <1>         ;---------------------------------------
     5 000000DF 68[FB00]E8DBFF83C4- <1>         cdecl puts, .s0
     5 000000E7 02                  <1>
     6                              <1> 
     7                              <1>         ;---------------------------------------
     8                              <1>         ; キー入力待ち
     9                              <1>         ;---------------------------------------
    10                              <1> .10L:
    11 000000E8 B410                <1>         mov ah, 0x10
    12 000000EA CD16                <1>         int 0x16
    13                              <1> 
    14 000000EC 3C20                <1>         cmp al, ' '
    15 000000EE 75F8                <1>         jne .10L
    16                              <1> 
    17                              <1>         ;---------------------------------------
    18                              <1>         ; 改行を出力
    19                              <1>         ;---------------------------------------
    20 000000F0 68[1901]E8CAFF83C4- <1>         cdecl puts, .s1
    20 000000F8 02                  <1>
    21                              <1> 
    22                              <1>         ;---------------------------------------
    23                              <1>         ; 再起動
    24                              <1>         ;---------------------------------------
    25 000000F9 CD19                <1>         int 0x19
    26                              <1> 
    27                              <1>         ;---------------------------------------
    28                              <1>         ; 文字列データ
    29                              <1>         ;---------------------------------------
    30 000000FB 0A0D50757368205350- <1> .s0     db 0x0A, 0x0D, "Push SPACE key to reboot...", 0
    30 00000104 414345206B65792074- <1>
    30 0000010D 6F207265626F6F742E- <1>
    30 00000116 2E2E00              <1>
    31 00000119 0A0D0A0D00          <1> .s1     db 0x0A, 0x0D, 0x0A, 0x0D, 0
    84                                  %include "../modules/real/read_chs.s"
     1                              <1> read_chs:
     2                              <1>         ;-----------------------------------------
     3                              <1>         ; 【スタックフレームの構築】
     4                              <1>         ;-----------------------------------------
     5 0000011E 55                  <1>         push bp
     6 0000011F 89E5                <1>         mov bp, sp
     7 00000121 6A03                <1>         push 3
     8 00000123 6A00                <1>         push 0
     9                              <1> 
    10                              <1>         ;-----------------------------------------
    11                              <1>         ; 【レジスタの保存】
    12                              <1>         ;-----------------------------------------
    13 00000125 53                  <1>         push bx
    14 00000126 51                  <1>         push cx
    15 00000127 52                  <1>         push dx
    16 00000128 06                  <1>         push es
    17 00000129 56                  <1>         push si
    18                              <1> 
    19                              <1>         ;-----------------------------------------
    20                              <1>         ; 【処理の開始】
    21                              <1>         ;-----------------------------------------
    22 0000012A 8B7604              <1>         mov si, [bp + 4]                          ; SI = SRCバッファ
    23                              <1> 
    24                              <1>         ;-----------------------------------------
    25                              <1>         ; CXレジスタの設定
    26                              <1>         ; (BIOSコールの呼び出しに適した形に変換)
    27                              <1>         ;-----------------------------------------
    28 0000012D 8A6C02              <1>         mov ch, [si + drive.cyln + 0]
    29 00000130 8A4C03              <1>         mov cl, [si + drive.cyln + 1]
    30 00000133 C0E106              <1>         shl cl, 6
    31 00000136 8A4C06              <1>         mov cl, [si + drive.sect]
    32                              <1> 
    33                              <1>         ;-----------------------------------------
    34                              <1>         ; セクタ読み込み
    35                              <1>         ;-----------------------------------------
    36 00000139 8A6C04              <1>         mov ch, [si + drive.head]
    37 0000013C 8A14                <1>         mov dl, [si + 0]
    38 0000013E B80000              <1>         mov ax, 0x0000
    39 00000141 8EC0                <1>         mov es, ax
    40 00000143 8B5E08              <1>         mov bx, [bp + 8]
    41                              <1> .10L:
    42 00000146 B402                <1>         mov ah, 0x02
    43 00000148 8A4606              <1>         mov al, [bp + 6]
    44 0000014B CD13                <1>         int 0x13
    45 0000014D 7304                <1>         jnc .11E
    46 0000014F B000                <1>         mov al, 0
    47 00000151 EB0C                <1>         jmp .10E
    48                              <1> .11E:
    49 00000153 3C00                <1>         cmp al, 0
    50 00000155 7508                <1>         jne .10E
    51 00000157 B80000              <1>         mov ax, 0
    52 0000015A FF4EFE              <1>         dec word[bp - 2]
    53 0000015D 75E7                <1>         jnz .10L
    54                              <1> .10E:
    55 0000015F B400                <1>         mov ah, 0
    56                              <1> 
    57                              <1>         ;-----------------------------------------
    58                              <1>         ; 【レジスタの復帰】
    59                              <1>         ;-----------------------------------------
    60 00000161 5E                  <1>         pop si
    61 00000162 07                  <1>         pop es
    62 00000163 5A                  <1>         pop dx
    63 00000164 59                  <1>         pop cx
    64 00000165 5B                  <1>         pop bx
    65                              <1> 
    66                              <1>         ;-----------------------------------------
    67                              <1>         ; 【スタックフレームの破棄】
    68                              <1>         ;-----------------------------------------
    69 00000166 89EC                <1>         mov sp, bp
    70 00000168 5D                  <1>         pop bp
    71                              <1> 
    72 00000169 C3                  <1>         ret
    85                                  
    86                                  ;***********************************************************
    87                                  ;  ブートフラグ(先頭512バイトの終了)
    88                                  ;***********************************************************
    89 0000016A 00<rept>                        times 510 - ($ - $$) db 0x00
    90 000001FE 55AA                            db 0x55, 0xAA
    91                                  
    92                                  ;***********************************************************
    93                                  ;  リアルモード時に取得した情報
    94                                  ;***********************************************************
    95                                  FONT:
    96 00000200 0000                    .seg:   dw 0
    97 00000202 0000                    .off:   dw 0
    98                                  
    99                                  ;***********************************************************
   100                                  ;  モジュール(先頭512バイト以降に配置)
   101                                  ;***********************************************************
   102                                  %include "../modules/real/itoa.s"
     1                              <1> itoa:
     2                              <1>         ;---------------------------------------
     3                              <1>         ; 【スタックフレームの構築】
     4                              <1>         ;---------------------------------------
     5 00000204 55                  <1>         push bp
     6 00000205 89E5                <1>         mov bp, sp
     7                              <1> 
     8                              <1>         ;---------------------------------------
     9                              <1>         ; 【レジスタの保存】
    10                              <1>         ;---------------------------------------
    11 00000207 50                  <1>         push ax
    12 00000208 53                  <1>         push bx
    13 00000209 51                  <1>         push cx
    14 0000020A 52                  <1>         push dx
    15 0000020B 56                  <1>         push si
    16 0000020C 57                  <1>         push di
    17                              <1> 
    18                              <1>         ;---------------------------------------
    19                              <1>         ; 引数を取得
    20                              <1>         ;---------------------------------------
    21 0000020D 8B4604              <1>         mov ax, [bp + 4]                        ; val = 数値
    22 00000210 8B7606              <1>         mov si, [bp + 6]                        ; dst = バッファアドレス
    23 00000213 8B4E08              <1>         mov cx, [bp + 8]                        ; size = 残りバッファサイズ
    24                              <1> 
    25 00000216 89F7                <1>         mov di, si
    26 00000218 01CF                <1>         add di, cx                              ; dst = &dst[size - 1]
    27 0000021A 4F                  <1>         dec di
    28                              <1> 
    29 0000021B 8B5E0C              <1>         mov bx, word[bp + 12]                   ; flags = オプション
    30                              <1> 
    31                              <1>         ;---------------------------------------
    32                              <1>         ; 符号付き判定
    33                              <1>         ;---------------------------------------
    34 0000021E F7C30100            <1>         test bx, 0b0001
    35                              <1> .10Q:
    36 00000222 7408                <1>         je .10E
    37 00000224 83F800              <1>         cmp ax, 0
    38                              <1> .12Q:
    39 00000227 7D03                <1>         jge .12E
    40 00000229 83CB02              <1>         or bx, 0b0010
    41                              <1> .12E:
    42                              <1> .10E:
    43                              <1> 
    44                              <1>         ;---------------------------------------
    45                              <1>         ; 符号出力判定
    46                              <1>         ;---------------------------------------
    47 0000022C F7C30200            <1>         test bx, 0b0010
    48                              <1> .20Q:
    49 00000230 7410                <1>         je .20E
    50 00000232 83F800              <1>         cmp ax, 0
    51                              <1> .22Q:
    52 00000235 7D07                <1>         jge .22F
    53 00000237 F7D8                <1>         neg ax
    54 00000239 C6042D              <1>         mov [si], byte '-'
    55 0000023C EB03                <1>         jmp .22E
    56                              <1> .22F:
    57 0000023E C6042B              <1>         mov [si], byte '+'
    58                              <1> .22E:
    59 00000241 49                  <1>         dec cx
    60                              <1> .20E:
    61                              <1> 
    62                              <1>         ;---------------------------------------
    63                              <1>         ; ASCII 変換
    64                              <1>         ;---------------------------------------
    65 00000242 8B5E0A              <1>         mov bx, [bp + 10]
    66                              <1> .30L:
    67 00000245 BA0000              <1>         mov dx, 0
    68 00000248 F7F3                <1>         div bx
    69                              <1> 
    70 0000024A 89D6                <1>         mov si, dx
    71 0000024C 8A94[7402]          <1>         mov dl, byte[.ascii + si]
    72 00000250 8815                <1>         mov [di], dl
    73 00000252 4F                  <1>         dec di
    74                              <1> 
    75 00000253 83F800              <1>         cmp ax, 0
    76 00000256 E0ED                <1>         loopnz .30L
    77                              <1> .30E:
    78                              <1> 
    79                              <1>         ;---------------------------------------
    80                              <1>         ; 空欄を埋める
    81                              <1>         ;---------------------------------------
    82 00000258 83F900              <1>         cmp cx, 0
    83                              <1> .40Q:
    84 0000025B 740D                <1>         je .40E
    85 0000025D B020                <1>         mov al, ' '
    86 0000025F 837E0C04            <1>         cmp [bp + 12], word 0b0100
    87                              <1> .42Q:
    88 00000263 7502                <1>         jne .42E
    89 00000265 B030                <1>         mov al, '0'
    90                              <1> .42E:
    91 00000267 FD                  <1>         std
    92 00000268 F3AA                <1>         rep stosb
    93                              <1> .40E:
    94                              <1> 
    95                              <1>         ;---------------------------------------
    96                              <1>         ; 【レジスタの復帰】
    97                              <1>         ;---------------------------------------
    98 0000026A 5F                  <1>         pop di
    99 0000026B 5E                  <1>         pop si
   100 0000026C 5A                  <1>         pop dx
   101 0000026D 59                  <1>         pop cx
   102 0000026E 5B                  <1>         pop bx
   103 0000026F 58                  <1>         pop ax
   104                              <1> 
   105                              <1>         ;---------------------------------------
   106                              <1>         ; 【スタックフレームの破棄】
   107                              <1>         ;---------------------------------------
   108 00000270 89EC                <1>         mov sp, bp
   109 00000272 5D                  <1>         pop bp
   110                              <1> 
   111 00000273 C3                  <1>         ret
   112                              <1> 
   113 00000274 303132333435363738- <1> .ascii db "0123456789ABCDEF"
   113 0000027D 39414243444546      <1>
   103                                  %include "../modules/real/get_drive_param.s"
     1                              <1> get_drive_param:
     2                              <1>         ;-----------------------------------------
     3                              <1>         ; 【スタックフレームの構築】
     4                              <1>         ;-----------------------------------------
     5 00000284 55                  <1>         push bp
     6 00000285 89E5                <1>         mov bp, sp
     7                              <1> 
     8                              <1>         ;-----------------------------------------
     9                              <1>         ; 【レジスタの保存】
    10                              <1>         ;-----------------------------------------
    11 00000287 53                  <1>         push bx
    12 00000288 51                  <1>         push cx
    13 00000289 06                  <1>         push es
    14 0000028A 56                  <1>         push si
    15 0000028B 57                  <1>         push di
    16                              <1> 
    17                              <1>         ;-----------------------------------------
    18                              <1>         ; 【処理の開始】
    19                              <1>         ;-----------------------------------------
    20 0000028C 8B7604              <1>         mov si, [bp + 4]                          ; SI = SRCバッファ
    21                              <1> 
    22 0000028F B80000              <1>         mov ax, 0
    23 00000292 8EC0                <1>         mov es, ax
    24 00000294 89C7                <1>         mov di, ax
    25                              <1> 
    26 00000296 B408                <1>         mov ah, 8
    27 00000298 8A14                <1>         mov dl, [si + drive.no]
    28 0000029A CD13                <1>         int 0x13
    29                              <1> .10Q:
    30 0000029C 721B                <1>         jc .10F
    31                              <1> .10T:
    32 0000029E 88C8                <1>         mov al, cl
    33 000002A0 83E03F              <1>         and ax, 0x3F
    34                              <1> 
    35 000002A3 C0E906              <1>         shr cl, 6
    36 000002A6 C1C908              <1>         ror cx, 8
    37 000002A9 41                  <1>         inc cx
    38                              <1> 
    39 000002AA 0FB6DE              <1>         movzx bx, dh
    40 000002AD 43                  <1>         inc bx
    41                              <1> 
    42 000002AE 894C02              <1>         mov [si + drive.cyln], cx
    43 000002B1 895C04              <1>         mov [si + drive.head], bx
    44 000002B4 894406              <1>         mov [si + drive.sect], ax
    45                              <1> 
    46 000002B7 EB03                <1>         jmp .10E
    47                              <1> .10F:
    48 000002B9 B80000              <1>         mov ax, 0
    49                              <1> .10E:
    50                              <1> 
    51                              <1>         ;-----------------------------------------
    52                              <1>         ; 【レジスタの復帰】
    53                              <1>         ;-----------------------------------------
    54 000002BC 5F                  <1>         pop di
    55 000002BD 5E                  <1>         pop si
    56 000002BE 07                  <1>         pop es
    57 000002BF 59                  <1>         pop cx
    58 000002C0 5B                  <1>         pop bx
    59                              <1> 
    60                              <1>         ;-----------------------------------------
    61                              <1>         ; 【スタックフレームの破棄】
    62                              <1>         ;-----------------------------------------
    63 000002C1 89EC                <1>         mov sp, bp
    64 000002C3 5D                  <1>         pop bp
    65                              <1> 
    66 000002C4 C3                  <1>         ret
   104                                  %include "../modules/real/get_font_adr.s"
     1                              <1> get_font_adr:
     2                              <1>         ;-----------------------------------------
     3                              <1>         ; 【スタックフレームの構築】
     4                              <1>         ;-----------------------------------------
     5 000002C5 55                  <1>         push bp
     6 000002C6 89E5                <1>         mov bp, sp
     7                              <1> 
     8                              <1>         ;-----------------------------------------
     9                              <1>         ; 【レジスタの保存】
    10                              <1>         ;-----------------------------------------
    11 000002C8 50                  <1>         push ax
    12 000002C9 53                  <1>         push bx
    13 000002CA 56                  <1>         push si
    14 000002CB 06                  <1>         push es
    15 000002CC 55                  <1>         push bp
    16                              <1> 
    17                              <1>         ;-----------------------------------------
    18                              <1>         ; 引数を取得
    19                              <1>         ;-----------------------------------------
    20 000002CD 8B7604              <1>         mov si, [bp + 4]                          ; FONTアドレスの保存先
    21                              <1> 
    22                              <1>         ;-----------------------------------------
    23                              <1>         ; フォントアドレスの取得
    24                              <1>         ;-----------------------------------------
    25 000002D0 B83011              <1>         mov ax, 0x1130
    26 000002D3 B706                <1>         mov bh, 0x06
    27 000002D5 CD10                <1>         int 10h
    28                              <1> 
    29                              <1>         ;-----------------------------------------
    30                              <1>         ; FONTアドレスを保存
    31                              <1>         ;-----------------------------------------
    32 000002D7 8C04                <1>         mov [si + 0], es
    33 000002D9 896C02              <1>         mov [si + 2], bp
    34                              <1> 
    35                              <1>         ;-----------------------------------------
    36                              <1>         ; 【レジスタの復帰】
    37                              <1>         ;-----------------------------------------
    38 000002DC 5D                  <1>         pop bp
    39 000002DD 07                  <1>         pop es
    40 000002DE 5E                  <1>         pop si
    41 000002DF 5B                  <1>         pop bx
    42 000002E0 58                  <1>         pop ax
    43                              <1> 
    44                              <1>         ;-----------------------------------------
    45                              <1>         ; 【スタックフレームの破棄】
    46                              <1>         ;-----------------------------------------
    47 000002E1 89EC                <1>         mov sp, bp
    48 000002E3 5D                  <1>         pop bp
    49                              <1> 
    50 000002E4 C3                  <1>         ret
   105                                  
   106                                  ;***********************************************************
   107                                  ;  ブート処理の第2ステージ
   108                                  ;***********************************************************
   109                                  stage_2:
   110                                          ;------------------------------------------
   111                                          ; 文字列を表示
   112                                          ;------------------------------------------
   113 000002E5 68[5F03]E8D5FD83C4-             cdecl puts, .s0
   113 000002ED 02                 
   114                                  
   115                                          ;------------------------------------------
   116                                          ; ドライブ情報を取得
   117                                          ;------------------------------------------
   118 000002EE 68[B800]E890FF83C4-             cdecl get_drive_param, BOOT
   118 000002F6 02                 
   119 000002F7 83F800                          cmp ax, 0
   120                                  .10Q:
   121 000002FA 750C                            jne .10E
   122                                  .10T:
   123 000002FC 68[9603]E8BEFD83C4-             cdecl puts, .e0
   123 00000304 02                 
   124 00000305 E8D7FD                          call reboot
   125                                  .10E:
   126                                  
   127                                          ;------------------------------------------
   128                                          ; ドライブ情報を取得
   129                                          ;------------------------------------------
   130 00000308 A1[B800]                        mov ax, [BOOT + drive.no]
   131 0000030B 6A046A106A0268-                 cdecl itoa, ax, .p1, 2, 16, 0b0100
   131 00000312 [7703]50E8ECFE83C4-
   131 0000031A 0A                 
   132 0000031B A1[BA00]                        mov ax, [BOOT + drive.cyln]
   133 0000031E 6A046A106A0468-                 cdecl itoa, ax, .p2, 4, 16, 0b0100
   133 00000325 [7F03]50E8D9FE83C4-
   133 0000032D 0A                 
   134 0000032E A1[BC00]                        mov ax, [BOOT + drive.head]
   135 00000331 6A046A106A0268-                 cdecl itoa, ax, .p3, 2, 16, 0b0100
   135 00000338 [8903]50E8C6FE83C4-
   135 00000340 0A                 
   136 00000341 A1[BE00]                        mov ax, [BOOT + drive.sect]
   137 00000344 6A046A106A0268-                 cdecl itoa, ax, .p4, 2, 16, 0b0100
   137 0000034B [9103]50E8B3FE83C4-
   137 00000353 0A                 
   138 00000354 68[6E03]E866FD83C4-             cdecl puts, .s1
   138 0000035C 02                 
   139                                  
   140                                          ;------------------------------------------
   141                                          ; 次のステージへ移行
   142                                          ;------------------------------------------
   143 0000035D EB52                            jmp stage_3rd
   144                                  
   145                                          ;------------------------------------------
   146                                          ; データ
   147                                          ;------------------------------------------
   148 0000035F 326E64207374616765-     .s0     db "2nd stage...", 0x0A, 0x0D, 0
   148 00000368 2E2E2E0A0D00       
   149 0000036E 2044726976653A3078      .s1     db " Drive:0x"
   150 00000377 20202C20433A3078        .p1     db "  , C:0x"
   151 0000037F 202020202C20483A30-     .p2     db "    , H:0x"
   151 00000388 78                 
   152 00000389 20202C20533A3078        .p3     db "  , S:0x"
   153 00000391 20200A0D00              .p4     db "  ", 0x0A, 0x0D, 0
   154 00000396 43616E277420676574-     .e0     db "Can't get drive parameter.", 0
   154 0000039F 206472697665207061-
   154 000003A8 72616D657465722E00 
   155                                  
   156                                  ;***********************************************************
   157                                  ;  ブート処理の第3ステージ
   158                                  ;***********************************************************
   159                                  stage_3rd:
   160                                          ;------------------------------------------
   161                                          ; 文字列を表示
   162                                          ;------------------------------------------
   163 000003B1 68[F403]E809FD83C4-             cdecl puts, .s0
   163 000003B9 02                 
   164                                  
   165                                          ;------------------------------------------
   166                                          ; プロテクトモードで使用するフォントは、
   167                                          ; BIOSに内蔵されたものを流用する
   168                                          ;------------------------------------------
   169 000003BA 68[0002]E805FF83C4-             cdecl get_font_adr, FONT
   169 000003C2 02                 
   170                                  
   171                                          ;------------------------------------------
   172                                          ; フォントアドレスの表示
   173                                          ;------------------------------------------
   174 000003C3 6A046A106A0468-                 cdecl itoa, word[FONT.seg], .p1, 4, 16, 0b0100
   174 000003CA [1104]FF36[0002]E8-
   174 000003D1 31FE83C40A         
   175 000003D6 6A046A106A0468-                 cdecl itoa, word[FONT.off], .p2, 4, 16, 0b0100
   175 000003DD [1604]FF36[0202]E8-
   175 000003E4 1EFE83C40A         
   176 000003E9 68[0304]E8D1FC83C4-             cdecl puts, .s1
   176 000003F1 02                 
   177                                  
   178                                          ;------------------------------------------
   179                                          ; 処理の終了
   180                                          ;------------------------------------------
   181 000003F2 EBFE                            jmp $
   182                                  
   183                                          ;------------------------------------------
   184                                          ; データ
   185                                          ;------------------------------------------
   186 000003F4 337264207374616765-     .s0     db "3rd stage...", 0x0A, 0x0D, 0
   186 000003FD 2E2E2E0A0D00       
   187 00000403 20466F6E7420416464-     .s1     db " Font Address="
   187 0000040C 726573733D         
   188 00000411 5A5A5A5A3A              .p1     db "ZZZZ:"
   189 00000416 5A5A5A5A0A0D00          .p2     db "ZZZZ", 0x0A, 0x0D, 0
   190 0000041D 0A0D00                          db 0x0A, 0x0D, 0
   191                                  
   192                                  ;***********************************************************
   193                                  ;  パディング（このファイルは8Kバイトとする）
   194                                  ;***********************************************************
   195 00000420 00<rept>                        times BOOT_SIZE - ($ - $$) db 0
