     1                                  ;***********************************************************
     2                                  ;  マクロ
     3                                  ;***********************************************************
     4                                  %include "../include/define.s"
     1                              <1> BOOT_SIZE equ (1024 * 8)
     2                              <1> KERNEL_SIZE equ (1024 * 8)
     3                              <1> 
     4                              <1> BOOT_LOAD equ 0x7C00
     5                              <1> BOOT_END equ (BOOT_LOAD + BOOT_SIZE)
     6                              <1> 
     7                              <1> KERNEL_LOAD equ 0x0010_1000
     8                              <1> 
     9                              <1> SECT_SIZE equ (512)
    10                              <1> 
    11                              <1> BOOT_SECT equ (BOOT_SIZE / SECT_SIZE)
    12                              <1> KERNEL_SECT equ (KERNEL_SIZE / SECT_SIZE)
    13                              <1> 
    14                              <1> E820_RECORD_SIZE equ 20
     5                                  %include "../include/macro.s"
     1                              <1> %macro cdecl 1-*.nolist
     2                              <1>     %rep %0 - 1
     3                              <1>         push %{-1:-1}
     4                              <1>         %rotate -1
     5                              <1>     %endrep
     6                              <1>     %rotate -1
     7                              <1> 
     8                              <1>     call %1
     9                              <1> 
    10                              <1>     %if 1 < %0
    11                              <1>         add sp, (__BITS__ >> 3) * (%0 - 1)
    12                              <1>     %endif
    13                              <1> %endmacro
    14                              <1> 
    15                              <1> struc drive
    16 00000000 <res 00000002>      <1>     .no resw 1      ; ドライブ番号
    17 00000002 <res 00000002>      <1>     .cyln resw 1    ; シリンダ
    18 00000004 <res 00000002>      <1>     .head resw 1    ; ヘッド
    19 00000006 <res 00000002>      <1>     .sect resw 1    ; セクタ
    20                              <1> endstruc
     6                                  
     7                                          ORG KERNEL_LOAD
     8                                  
     9                                  [BITS 32]
    10                                  ;***********************************************************
    11                                  ;  エントリポイント
    12                                  ;***********************************************************
    13                                  kernel:
    14                                          ;------------------------------------------
    15                                          ; フォントアドレスを取得
    16                                          ;------------------------------------------
    17 00000000 BE007E0000                      mov esi, BOOT_LOAD + SECT_SIZE
    18 00000005 0FB706                          movzx eax, word[esi + 0]
    19 00000008 0FB75E02                        movzx ebx, word[esi + 2]
    20 0000000C C1E004                          shl eax, 4
    21 0000000F 01D8                            add eax, ebx
    22 00000011 A3[50000000]                    mov [FONT_ADR], eax
    23                                  
    24                                          ;------------------------------------------
    25                                          ; フォントの一覧表示
    26                                          ;------------------------------------------
    27 00000016 6A0D6A3FE87E010000-             cdecl draw_font, 63, 13
    27 0000001F 6683C408           
    28                                  
    29                                          ;------------------------------------------
    30                                          ; 文字列を描画
    31                                          ;------------------------------------------
    32 00000023 68[3C000000]680F01-             cdecl draw_str, 25, 14, 0x010F, .s0
    32 0000002B 00006A0E6A19E8AC01-
    32 00000034 00006683C410       
    33                                  
    34                                          ;------------------------------------------
    35                                          ; 処理の終了
    36                                          ;------------------------------------------
    37 0000003A EBFE                            jmp $
    38                                  
    39 0000003C 2048656C6C6F2C206B-     .s0:    db " Hello, kernel! ", 0
    39 00000045 65726E656C212000   
    40                                  
    41 0000004D 00<rept>                ALIGN 4, db 0
    42 00000050 00000000                FONT_ADR: dd 0
    43                                  
    44                                  ;***********************************************************
    45                                  ;  モジュール
    46                                  ;***********************************************************
    47                                  %include "../modules/protect/vga.s"
     1                              <1> vga_set_read_plane:
     2                              <1>         ;-----------------------------------------
     3                              <1>         ; 【スタックフレームの構築】
     4                              <1>         ;-----------------------------------------
     5 00000054 55                  <1>         push ebp
     6 00000055 89E5                <1>         mov ebp, esp
     7                              <1> 
     8                              <1>         ;-----------------------------------------
     9                              <1>         ; 【レジスタの保存】
    10                              <1>         ;-----------------------------------------
    11 00000057 50                  <1>         push eax
    12 00000058 52                  <1>         push edx
    13                              <1> 
    14                              <1>         ;-----------------------------------------
    15                              <1>         ; 読み込みプレーンの選択
    16                              <1>         ;-----------------------------------------
    17 00000059 8A6508              <1>         mov ah, [ebp + 8]
    18 0000005C 80E403              <1>         and ah, 0x03
    19 0000005F B004                <1>         mov al, 0x04
    20 00000061 66BACE03            <1>         mov dx, 0x03CE
    21 00000065 66EF                <1>         out dx, ax
    22                              <1> 
    23                              <1>         ;-----------------------------------------
    24                              <1>         ; 【レジスタの復帰】
    25                              <1>         ;-----------------------------------------
    26 00000067 5A                  <1>         pop edx
    27 00000068 58                  <1>         pop eax
    28                              <1> 
    29                              <1>         ;-----------------------------------------
    30                              <1>         ; 【スタックフレームの破棄】
    31                              <1>         ;-----------------------------------------
    32 00000069 89EC                <1>         mov esp, ebp
    33 0000006B 5D                  <1>         pop ebp
    34                              <1> 
    35 0000006C C3                  <1>         ret
    36                              <1> 
    37                              <1> vga_set_write_plane:
    38                              <1>         ;-----------------------------------------
    39                              <1>         ; 【スタックフレームの構築】
    40                              <1>         ;-----------------------------------------
    41 0000006D 55                  <1>         push ebp
    42 0000006E 89E5                <1>         mov ebp, esp
    43                              <1> 
    44                              <1>         ;-----------------------------------------
    45                              <1>         ; 【レジスタの保存】
    46                              <1>         ;-----------------------------------------
    47 00000070 50                  <1>         push eax
    48 00000071 52                  <1>         push edx
    49                              <1> 
    50                              <1>         ;-----------------------------------------
    51                              <1>         ; 書き込みプレーンの選択
    52                              <1>         ;-----------------------------------------
    53 00000072 8A6508              <1>         mov ah, [ebp + 8]
    54 00000075 80E40F              <1>         and ah, 0x0F
    55 00000078 B002                <1>         mov al, 0x02
    56 0000007A 66BAC403            <1>         mov dx, 0x03C4
    57 0000007E 66EF                <1>         out dx, ax
    58                              <1> 
    59                              <1>         ;-----------------------------------------
    60                              <1>         ; 【レジスタの復帰】
    61                              <1>         ;-----------------------------------------
    62 00000080 5A                  <1>         pop edx
    63 00000081 58                  <1>         pop eax
    64                              <1> 
    65                              <1>         ;-----------------------------------------
    66                              <1>         ; 【スタックフレームの破棄】
    67                              <1>         ;-----------------------------------------
    68 00000082 89EC                <1>         mov esp, ebp
    69 00000084 5D                  <1>         pop ebp
    70                              <1> 
    71 00000085 C3                  <1>         ret
    72                              <1> 
    73                              <1> vram_font_copy:
    74                              <1>         ;-----------------------------------------
    75                              <1>         ; 【スタックフレームの構築】
    76                              <1>         ;-----------------------------------------
    77 00000086 55                  <1>         push ebp
    78 00000087 89E5                <1>         mov ebp, esp
    79                              <1> 
    80                              <1>         ;-----------------------------------------
    81                              <1>         ; 【レジスタの保存】
    82                              <1>         ;-----------------------------------------
    83 00000089 50                  <1>         push eax
    84 0000008A 53                  <1>         push ebx
    85 0000008B 51                  <1>         push ecx
    86 0000008C 52                  <1>         push edx
    87 0000008D 56                  <1>         push esi
    88 0000008E 57                  <1>         push edi
    89                              <1> 
    90                              <1>         ;-----------------------------------------
    91                              <1>         ; マスクデータの作成
    92                              <1>         ;-----------------------------------------
    93 0000008F 8B7508              <1>         mov esi, [ebp + 8]
    94 00000092 8B7D0C              <1>         mov edi, [ebp + 12]
    95 00000095 0FB64510            <1>         movzx eax, byte [ebp + 16]
    96 00000099 0FB75D14            <1>         movzx ebx, word [ebp + 20]
    97                              <1> 
    98 0000009D 84C7                <1>         test bh, al
    99 0000009F 0F94C6              <1>         setz dh
   100 000000A2 FECE                <1>         dec dh
   101                              <1> 
   102 000000A4 84C3                <1>         test bl, al
   103 000000A6 0F94C2              <1>         setz dl
   104 000000A9 FECA                <1>         dec dl
   105                              <1> 
   106                              <1>         ;-----------------------------------------
   107                              <1>         ; 16ドットフォントのコピー
   108                              <1>         ;-----------------------------------------
   109 000000AB FC                  <1>         cld
   110                              <1> 
   111 000000AC B910000000          <1>         mov ecx, 16
   112                              <1> .10L:
   113                              <1>         ;-----------------------------------------
   114                              <1>         ; フォントマスクの作成
   115                              <1>         ;-----------------------------------------
   116 000000B1 AC                  <1>         lodsb
   117 000000B2 88C4                <1>         mov ah, al
   118 000000B4 F6D4                <1>         not ah
   119                              <1> 
   120                              <1>         ;-----------------------------------------
   121                              <1>         ; 前景色
   122                              <1>         ;-----------------------------------------
   123 000000B6 20D0                <1>         and al, dl
   124                              <1> 
   125                              <1>         ;-----------------------------------------
   126                              <1>         ; 背景色
   127                              <1>         ;-----------------------------------------
   128 000000B8 F7C310000000        <1>         test ebx, 0x0010
   129 000000BE 7404                <1>         jz .11F
   130 000000C0 2227                <1>         and ah, [edi]
   131 000000C2 EB02                <1>         jmp .11E
   132                              <1> .11F:
   133 000000C4 20F4                <1>         and ah, dh
   134                              <1> .11E:
   135                              <1>         ;-----------------------------------------
   136                              <1>         ; 前景色と背景色をコピー
   137                              <1>         ;-----------------------------------------
   138 000000C6 08E0                <1>         or al, ah
   139                              <1> 
   140                              <1>         ;-----------------------------------------
   141                              <1>         ; 新しい値を出力
   142                              <1>         ;-----------------------------------------
   143 000000C8 8807                <1>         mov [edi], al
   144                              <1> 
   145 000000CA 83C750              <1>         add edi, 80
   146 000000CD E2E2                <1>         loop .10L
   147                              <1> .10E:
   148                              <1> 
   149                              <1>         ;-----------------------------------------
   150                              <1>         ; 【レジスタの復帰】
   151                              <1>         ;-----------------------------------------
   152 000000CF 5F                  <1>         pop edi
   153 000000D0 5E                  <1>         pop esi
   154 000000D1 5A                  <1>         pop edx
   155 000000D2 59                  <1>         pop ecx
   156 000000D3 5B                  <1>         pop ebx
   157 000000D4 58                  <1>         pop eax
   158                              <1> 
   159                              <1>         ;-----------------------------------------
   160                              <1>         ; 【スタックフレームの破棄】
   161                              <1>         ;-----------------------------------------
   162 000000D5 89EC                <1>         mov esp, ebp
   163 000000D7 5D                  <1>         pop ebp
   164                              <1> 
   165 000000D8 C3                  <1>         ret
    48                                  %include "../modules/protect/draw_char.s"
     1                              <1> draw_char:
     2                              <1>         ;-----------------------------------------
     3                              <1>         ; 【スタックフレームの構築】
     4                              <1>         ;-----------------------------------------
     5 000000D9 55                  <1>         push ebp
     6 000000DA 89E5                <1>         mov ebp, esp
     7                              <1> 
     8                              <1>         ;-----------------------------------------
     9                              <1>         ; 【レジスタの保存】
    10                              <1>         ;-----------------------------------------
    11 000000DC 50                  <1>         push	eax
    12 000000DD 53                  <1>         push	ebx
    13 000000DE 51                  <1>         push	ecx
    14 000000DF 52                  <1>         push	edx
    15 000000E0 56                  <1>         push	esi
    16 000000E1 57                  <1>         push	edi
    17                              <1> 
    18                              <1>         ;-----------------------------------------
    19                              <1>         ; コピー元フォントアドレスを設定
    20                              <1>         ;-----------------------------------------
    21 000000E2 0FB67514            <1>         movzx esi, byte [ebp + 20]
    22 000000E6 C1E604              <1>         shl esi, 4
    23 000000E9 0335[50000000]      <1>         add esi, [FONT_ADR]
    24                              <1> 
    25                              <1>         ;-----------------------------------------
    26                              <1>         ; コピー先アドレスを取得
    27                              <1>         ; Adr = 0xA0000 + (640 / 8 * 16) * y + x
    28                              <1>         ;-----------------------------------------
    29 000000EF 8B7D0C              <1>         mov edi, [ebp + 12]
    30 000000F2 C1E708              <1>         shl edi, 8
    31 000000F5 8DBCBF00000A00      <1>         lea edi, [edi * 4 + edi + 0xA0000]
    32 000000FC 037D08              <1>         add edi, [ebp + 8]
    33                              <1> 
    34                              <1>         ;-----------------------------------------
    35                              <1>         ; 1文字分のフォントを出力
    36                              <1>         ;-----------------------------------------
    37 000000FF 0FB75D10            <1>         movzx ebx, word[ebp + 16]
    38                              <1> 
    39 00000103 6A03E84AFFFFFF6683- <1>         cdecl	vga_set_read_plane, 0x03
    39 0000010C C404                <1>
    40 0000010E 6A08E858FFFFFF6683- <1>         cdecl	vga_set_write_plane, 0x08
    40 00000117 C404                <1>
    41 00000119 536A085756E863FFFF- <1>         cdecl	vram_font_copy, esi, edi, 0x08, ebx
    41 00000122 FF6683C410          <1>
    42                              <1> 
    43 00000127 6A02E826FFFFFF6683- <1>         cdecl	vga_set_read_plane, 0x02
    43 00000130 C404                <1>
    44 00000132 6A04E834FFFFFF6683- <1>         cdecl	vga_set_write_plane, 0x04
    44 0000013B C404                <1>
    45 0000013D 536A045756E83FFFFF- <1>         cdecl	vram_font_copy, esi, edi, 0x04, ebx
    45 00000146 FF6683C410          <1>
    46                              <1> 
    47 0000014B 6A01E802FFFFFF6683- <1>         cdecl	vga_set_read_plane, 0x01
    47 00000154 C404                <1>
    48 00000156 6A02E810FFFFFF6683- <1>         cdecl	vga_set_write_plane, 0x02
    48 0000015F C404                <1>
    49 00000161 536A025756E81BFFFF- <1>         cdecl	vram_font_copy, esi, edi, 0x02, ebx
    49 0000016A FF6683C410          <1>
    50                              <1> 
    51 0000016F 6A00E8DEFEFFFF6683- <1>         cdecl	vga_set_read_plane, 0x00
    51 00000178 C404                <1>
    52 0000017A 6A01E8ECFEFFFF6683- <1>         cdecl	vga_set_write_plane, 0x01
    52 00000183 C404                <1>
    53 00000185 536A015756E8F7FEFF- <1>         cdecl	vram_font_copy, esi, edi, 0x01, ebx
    53 0000018E FF6683C410          <1>
    54                              <1> 
    55                              <1>         ;-----------------------------------------
    56                              <1>         ; 【レジスタの復帰】
    57                              <1>         ;-----------------------------------------
    58 00000193 5F                  <1>         pop edi
    59 00000194 5E                  <1>         pop esi
    60 00000195 5A                  <1>         pop edx
    61 00000196 59                  <1>         pop ecx
    62 00000197 5B                  <1>         pop ebx
    63 00000198 58                  <1>         pop eax
    64                              <1> 
    65                              <1>         ;-----------------------------------------
    66                              <1>         ; 【スタックフレームの破棄】
    67                              <1>         ;-----------------------------------------
    68 00000199 89EC                <1>         mov esp, ebp
    69 0000019B 5D                  <1>         pop ebp
    70                              <1> 
    71 0000019C C3                  <1>         ret
    49                                  %include "../modules/protect/draw_font.s"
     1                              <1> draw_font:
     2                              <1>         ;-----------------------------------------
     3                              <1>         ; 【スタックフレームの構築】
     4                              <1>         ;-----------------------------------------
     5 0000019D 55                  <1>         push ebp
     6 0000019E 89E5                <1>         mov ebp, esp
     7                              <1> 
     8                              <1>         ;-----------------------------------------
     9                              <1>         ; 【レジスタの保存】
    10                              <1>         ;-----------------------------------------
    11 000001A0 50                  <1>         push	eax
    12 000001A1 53                  <1>         push	ebx
    13 000001A2 51                  <1>         push	ecx
    14 000001A3 52                  <1>         push	edx
    15 000001A4 56                  <1>         push	esi
    16 000001A5 57                  <1>         push	edi
    17                              <1> 
    18                              <1>         ;-----------------------------------------
    19                              <1>         ; 基準となる位置をレジスタに保存
    20                              <1>         ;-----------------------------------------
    21 000001A6 8B7508              <1>         mov esi, [ebp + 8]
    22 000001A9 8B7D0C              <1>         mov edi, [ebp + 12]
    23                              <1> 
    24                              <1>         ;-----------------------------------------
    25                              <1>         ; フォントを一覧表示する
    26                              <1>         ;-----------------------------------------
    27 000001AC B900000000          <1>         mov ecx, 0
    28                              <1> .10L:
    29 000001B1 81F900010000        <1>         cmp ecx, 256
    30 000001B7 731F                <1>         jae .10E
    31                              <1> 
    32 000001B9 89C8                <1>         mov eax, ecx
    33 000001BB 83E00F              <1>         and eax, 0x0F
    34 000001BE 01F0                <1>         add eax, esi
    35                              <1> 
    36 000001C0 89CB                <1>         mov ebx, ecx
    37 000001C2 C1EB04              <1>         shr ebx, 4
    38 000001C5 01FB                <1>         add ebx, edi
    39                              <1> 
    40 000001C7 516A075350E808FFFF- <1>         cdecl draw_char, eax, ebx, 0x07, ecx
    40 000001D0 FF6683C410          <1>
    41                              <1> 
    42 000001D5 41                  <1>         inc ecx
    43 000001D6 EBD9                <1>         jmp .10L
    44                              <1> .10E:
    45                              <1> 
    46                              <1>         ;-----------------------------------------
    47                              <1>         ; 【レジスタの復帰】
    48                              <1>         ;-----------------------------------------
    49 000001D8 5F                  <1>         pop edi
    50 000001D9 5E                  <1>         pop esi
    51 000001DA 5A                  <1>         pop edx
    52 000001DB 59                  <1>         pop ecx
    53 000001DC 5B                  <1>         pop ebx
    54 000001DD 58                  <1>         pop eax
    55                              <1> 
    56                              <1>         ;-----------------------------------------
    57                              <1>         ; 【スタックフレームの破棄】
    58                              <1>         ;-----------------------------------------
    59 000001DE 89EC                <1>         mov esp, ebp
    60 000001E0 5D                  <1>         pop ebp
    61                              <1> 
    62 000001E1 C3                  <1>         ret
    50                                  %include "../modules/protect/draw_str.s"
     1                              <1> draw_str:
     2                              <1>         ;-----------------------------------------
     3                              <1>         ; 【スタックフレームの構築】
     4                              <1>         ;-----------------------------------------
     5 000001E2 55                  <1>         push ebp
     6 000001E3 89E5                <1>         mov ebp, esp
     7                              <1> 
     8                              <1>         ;-----------------------------------------
     9                              <1>         ; 【レジスタの保存】
    10                              <1>         ;-----------------------------------------
    11 000001E5 50                  <1>         push	eax
    12 000001E6 53                  <1>         push	ebx
    13 000001E7 51                  <1>         push	ecx
    14 000001E8 52                  <1>         push	edx
    15 000001E9 56                  <1>         push	esi
    16                              <1> 
    17                              <1>         ;-----------------------------------------
    18                              <1>         ; 基準となる位置をレジスタに保存
    19                              <1>         ;-----------------------------------------
    20 000001EA 8B7508              <1>         mov esi, [ebp + 8]
    21 000001ED 8B7D0C              <1>         mov edi, [ebp + 12]
    22                              <1> 
    23                              <1>         ;-----------------------------------------
    24                              <1>         ; 文字列を描画する
    25                              <1>         ;-----------------------------------------
    26 000001F0 8B4D08              <1>         mov ecx, [ebp + 8]
    27 000001F3 8B550C              <1>         mov edx, [ebp + 12]
    28 000001F6 0FB75D10            <1>         movzx ebx, word [ebp + 16]
    29 000001FA 8B7514              <1>         mov esi, [ebp + 20]
    30                              <1> 
    31 000001FD FC                  <1>         cld
    32                              <1> .10L:
    33 000001FE AC                  <1>         lodsb
    34 000001FF 3C00                <1>         cmp al, 0
    35 00000201 7425                <1>         je .10E
    36                              <1> 
    37 00000203 50535251E8CDFEFFFF- <1>         cdecl draw_char, ecx, edx, ebx, eax
    37 0000020C 6683C410            <1>
    38                              <1> 
    39 00000210 41                  <1>         inc ecx
    40 00000211 83F950              <1>         cmp ecx, 80
    41 00000214 7C10                <1>         jl .12E
    42 00000216 B900000000          <1>         mov ecx, 0
    43 0000021B 42                  <1>         inc edx
    44 0000021C 83FA1E              <1>         cmp edx, 30
    45 0000021F 7C05                <1>         jl .12E
    46 00000221 BA00000000          <1>         mov edx, 0
    47                              <1> .12E:
    48 00000226 EBD6                <1>         jmp .10L
    49                              <1> .10E:
    50                              <1> 
    51                              <1>         ;-----------------------------------------
    52                              <1>         ; 【レジスタの復帰】
    53                              <1>         ;-----------------------------------------
    54 00000228 5E                  <1>         pop esi
    55 00000229 5A                  <1>         pop edx
    56 0000022A 59                  <1>         pop ecx
    57 0000022B 5B                  <1>         pop ebx
    58 0000022C 58                  <1>         pop eax
    59                              <1> 
    60                              <1>         ;-----------------------------------------
    61                              <1>         ; 【スタックフレームの破棄】
    62                              <1>         ;-----------------------------------------
    63 0000022D 89EC                <1>         mov esp, ebp
    64 0000022F 5D                  <1>         pop ebp
    65                              <1> 
    66 00000230 C3                  <1>         ret
    51                                  
    52                                  ;***********************************************************
    53                                  ;  パディング
    54                                  ;***********************************************************
    55 00000231 00<rept>                        times KERNEL_SIZE - ($ - $$) db 0
