     1                                  ;***********************************************************
     2                                  ;  マクロ
     3                                  ;***********************************************************
     4                                  %include "../include/define.s"
     1                              <1> BOOT_LOAD equ 0x7C00                    ; ブートプログラムのロード位置
     2                              <1> 
     3                              <1> BOOT_SIZE equ (1024 * 8)                ; ブートコードサイズ
     4                              <1> SECT_SIZE equ (512)                     ; セクタサイズ
     5                              <1> BOOT_SECT equ (BOOT_SIZE / SECT_SIZE)   ; ブートプログラムのセクタ数
     5                                  %include "../include/macro.s"
     1                              <1> %macro cdecl 1-*.nolist
     2                              <1>     %rep %0 - 1
     3                              <1>         push %{-1:-1}
     4                              <1>         %rotate -1
     5                              <1>     %endrep
     6                              <1>     %rotate -1
     7                              <1> 
     8                              <1>     call %1
     9                              <1> 
    10                              <1>     %if 1 < %0
    11                              <1>         add sp, (__BITS__ >> 3) * (%0 - 1)
    12                              <1>     %endif
    13                              <1> %endmacro
    14                              <1> 
    15                              <1> struc drive
    16 00000000 <res 00000002>      <1>     .no resw 1      ; ドライブ番号
    17 00000002 <res 00000002>      <1>     .cyln resw 1    ; シリンダ
    18 00000004 <res 00000002>      <1>     .head resw 1    ; ヘッド
    19 00000006 <res 00000002>      <1>     .sect resw 1    ; セクタ
    20                              <1> endstruc
     6                                  
     7                                          ORG BOOT_LOAD
     8                                  
     9                                  ;***********************************************************
    10                                  ;  エントリポイント
    11                                  ;***********************************************************
    12                                  entry:
    13                                          ;---------------------------------------
    14                                          ; BPB(BIOS Parameter Block)
    15                                          ;---------------------------------------
    16 00000000 EB58                            jmp ipl
    17 00000002 90<rept>                        times 90 - ($ - $$) db 0x90
    18                                  
    19                                          ;---------------------------------------
    20                                          ; IPL(Initial Program Loader)
    21                                          ;---------------------------------------
    22                                  ipl:
    23 0000005A FA                              cli
    24                                  
    25 0000005B B80000                          mov ax, 0x0000
    26 0000005E 8ED8                            mov ds, ax
    27 00000060 8EC0                            mov es, ax
    28 00000062 8ED0                            mov ss, ax
    29 00000064 BC007C                          mov sp, BOOT_LOAD
    30                                  
    31 00000067 FB                              sti
    32                                  
    33 00000068 8816[B800]                      mov [BOOT + drive.no], dl
    34                                  
    35                                          ;---------------------------------------
    36                                          ; 文字列を表示
    37                                          ;---------------------------------------
    38 0000006C 68[9900]E84E0083C4-             cdecl puts, .s0
    38 00000074 02                 
    39                                  
    40                                          ;---------------------------------------
    41                                          ; 残りのセクタをすべて読み込む
    42                                          ;---------------------------------------
    43 00000075 BB0F00                          mov bx, BOOT_SECT - 1
    44 00000078 B9007E                          mov cx, BOOT_LOAD + SECT_SIZE
    45                                  
    46 0000007B 515368[B800]E89B00-             cdecl read_chs, BOOT, bx, cx
    46 00000083 83C406             
    47                                  
    48 00000086 39D8                            cmp ax, bx
    49                                  .10Q:
    50 00000088 740C                            jz .10E
    51                                  .10T:
    52 0000008A 68[A600]E8300083C4-             cdecl puts, .e0
    52 00000092 02                 
    53 00000093 E84900                          call reboot
    54                                  .10E:
    55                                  
    56                                          ;---------------------------------------
    57                                          ; 次のステージへ移行
    58                                          ;---------------------------------------
    59 00000096 E96701                          jmp stage_2
    60                                  
    61                                          ;---------------------------------------
    62                                          ; データ
    63                                          ;---------------------------------------
    64 00000099 426F6F74696E672E2E-     .s0     db "Booting...", 0x0A, 0x0D, 0
    64 000000A2 2E0A0D00           
    65 000000A6 4572726F723A736563-     .e0     db "Error:sector read", 0
    65 000000AF 746F72207265616400 
    66                                  
    67                                  ;***********************************************************
    68                                  ;  ブートドライブに関する情報
    69                                  ;***********************************************************
    70                                  ALIGN 2, db 0
    71                                  BOOT:
    72                                          istruc drive
    73 000000B8 0000                                at drive.no, dw 0
    74 000000BA 0000                                at drive.cyln, dw 0
    75 000000BC 0000                                at drive.head, dw 0
    76 000000BE 0200                                at drive.sect, dw 2
    77                                          iend
    78                                  
    79                                  ;***********************************************************
    80                                  ;  モジュール
    81                                  ;***********************************************************
    82                                  %include "../modules/real/puts.s"
     1                              <1> puts:
     2                              <1>         ;---------------------------------------
     3                              <1>         ; 【スタックフレームの構築】
     4                              <1>         ;---------------------------------------
     5 000000C0 55                  <1>         push bp
     6 000000C1 89E5                <1>         mov bp, sp
     7                              <1> 
     8                              <1>         ;---------------------------------------
     9                              <1>         ; 【レジスタの保存】
    10                              <1>         ;---------------------------------------
    11 000000C3 50                  <1>         push ax
    12 000000C4 53                  <1>         push bx
    13 000000C5 56                  <1>         push si
    14                              <1> 
    15                              <1>         ;---------------------------------------
    16                              <1>         ; 引数を取得
    17                              <1>         ;---------------------------------------
    18 000000C6 8B7604              <1>         mov si, [bp + 4]
    19                              <1> 
    20                              <1>         ;---------------------------------------
    21                              <1>         ; 【処理の開始】
    22                              <1>         ;---------------------------------------
    23 000000C9 B40E                <1>         mov ah, 0x0E
    24 000000CB BB0000              <1>         mov bx, 0x0000
    25 000000CE FC                  <1>         cld
    26                              <1> .10L:
    27 000000CF AC                  <1>         lodsb
    28 000000D0 3C00                <1>         cmp al, 0
    29 000000D2 7404                <1>         je .10E
    30 000000D4 CD10                <1>         int 0x10
    31 000000D6 EBF7                <1>         jmp .10L
    32                              <1> .10E:
    33                              <1> 
    34                              <1>         ;---------------------------------------
    35                              <1>         ; 【レジスタの復帰】
    36                              <1>         ;---------------------------------------
    37 000000D8 5E                  <1>         pop si
    38 000000D9 5B                  <1>         pop bx
    39 000000DA 58                  <1>         pop ax
    40                              <1> 
    41                              <1>         ;---------------------------------------
    42                              <1>         ; 【スタックフレームの破棄】
    43                              <1>         ;---------------------------------------
    44 000000DB 89EC                <1>         mov sp, bp
    45 000000DD 5D                  <1>         pop bp
    46                              <1> 
    47 000000DE C3                  <1>         ret
    83                                  %include "../modules/real/reboot.s"
     1                              <1> reboot:
     2                              <1>         ;---------------------------------------
     3                              <1>         ; メッセージを表示
     4                              <1>         ;---------------------------------------
     5 000000DF 68[FB00]E8DBFF83C4- <1>         cdecl puts, .s0
     5 000000E7 02                  <1>
     6                              <1> 
     7                              <1>         ;---------------------------------------
     8                              <1>         ; キー入力待ち
     9                              <1>         ;---------------------------------------
    10                              <1> .10L:
    11 000000E8 B410                <1>         mov ah, 0x10
    12 000000EA CD16                <1>         int 0x16
    13                              <1> 
    14 000000EC 3C20                <1>         cmp al, ' '
    15 000000EE 75F8                <1>         jne .10L
    16                              <1> 
    17                              <1>         ;---------------------------------------
    18                              <1>         ; 改行を出力
    19                              <1>         ;---------------------------------------
    20 000000F0 68[1901]E8CAFF83C4- <1>         cdecl puts, .s1
    20 000000F8 02                  <1>
    21                              <1> 
    22                              <1>         ;---------------------------------------
    23                              <1>         ; 再起動
    24                              <1>         ;---------------------------------------
    25 000000F9 CD19                <1>         int 0x19
    26                              <1> 
    27                              <1>         ;---------------------------------------
    28                              <1>         ; 文字列データ
    29                              <1>         ;---------------------------------------
    30 000000FB 0A0D50757368205350- <1> .s0     db 0x0A, 0x0D, "Push SPACE key to reboot...", 0
    30 00000104 414345206B65792074- <1>
    30 0000010D 6F207265626F6F742E- <1>
    30 00000116 2E2E00              <1>
    31 00000119 0A0D0A0D00          <1> .s1     db 0x0A, 0x0D, 0x0A, 0x0D, 0
    84                                  %include "../modules/real/read_chs.s"
     1                              <1> read_chs:
     2                              <1>         ;-----------------------------------------
     3                              <1>         ; 【スタックフレームの構築】
     4                              <1>         ;-----------------------------------------
     5 0000011E 55                  <1>         push bp
     6 0000011F 89E5                <1>         mov bp, sp
     7 00000121 6A03                <1>         push 3
     8 00000123 6A00                <1>         push 0
     9                              <1> 
    10                              <1>         ;-----------------------------------------
    11                              <1>         ; 【レジスタの保存】
    12                              <1>         ;-----------------------------------------
    13 00000125 53                  <1>         push bx
    14 00000126 51                  <1>         push cx
    15 00000127 52                  <1>         push dx
    16 00000128 06                  <1>         push es
    17 00000129 56                  <1>         push si
    18                              <1> 
    19                              <1>         ;-----------------------------------------
    20                              <1>         ; 【処理の開始】
    21                              <1>         ;-----------------------------------------
    22 0000012A 8B7604              <1>         mov si, [bp + 4]                          ; SI = SRCバッファ
    23                              <1> 
    24                              <1>         ;-----------------------------------------
    25                              <1>         ; CXレジスタの設定
    26                              <1>         ; (BIOSコールの呼び出しに適した形に変換)
    27                              <1>         ;-----------------------------------------
    28 0000012D 8A6C02              <1>         mov ch, [si + drive.cyln + 0]
    29 00000130 8A4C03              <1>         mov cl, [si + drive.cyln + 1]
    30 00000133 C0E106              <1>         shl cl, 6
    31 00000136 8A4C06              <1>         mov cl, [si + drive.sect]
    32                              <1> 
    33                              <1>         ;-----------------------------------------
    34                              <1>         ; セクタ読み込み
    35                              <1>         ;-----------------------------------------
    36 00000139 8A6C04              <1>         mov ch, [si + drive.head]
    37 0000013C 8A14                <1>         mov dl, [si + 0]
    38 0000013E B80000              <1>         mov ax, 0x0000
    39 00000141 8EC0                <1>         mov es, ax
    40 00000143 8B5E08              <1>         mov bx, [bp + 8]
    41                              <1> .10L:
    42 00000146 B402                <1>         mov ah, 0x02
    43 00000148 8A4606              <1>         mov al, [bp + 6]
    44 0000014B CD13                <1>         int 0x13
    45 0000014D 7304                <1>         jnc .11E
    46 0000014F B000                <1>         mov al, 0
    47 00000151 EB0C                <1>         jmp .10E
    48                              <1> .11E:
    49 00000153 3C00                <1>         cmp al, 0
    50 00000155 7508                <1>         jne .10E
    51 00000157 B80000              <1>         mov ax, 0
    52 0000015A FF4EFE              <1>         dec word[bp - 2]
    53 0000015D 75E7                <1>         jnz .10L
    54                              <1> .10E:
    55 0000015F B400                <1>         mov ah, 0
    56                              <1> 
    57                              <1>         ;-----------------------------------------
    58                              <1>         ; 【レジスタの復帰】
    59                              <1>         ;-----------------------------------------
    60 00000161 5E                  <1>         pop si
    61 00000162 07                  <1>         pop es
    62 00000163 5A                  <1>         pop dx
    63 00000164 59                  <1>         pop cx
    64 00000165 5B                  <1>         pop bx
    65                              <1> 
    66                              <1>         ;-----------------------------------------
    67                              <1>         ; 【スタックフレームの破棄】
    68                              <1>         ;-----------------------------------------
    69 00000166 89EC                <1>         mov sp, bp
    70 00000168 5D                  <1>         pop bp
    71                              <1> 
    72 00000169 C3                  <1>         ret
    85                                  
    86                                  ;***********************************************************
    87                                  ;  ブートフラグ(先頭512バイトの終了)
    88                                  ;***********************************************************
    89 0000016A 00<rept>                        times 510 - ($ - $$) db 0x00
    90 000001FE 55AA                            db 0x55, 0xAA
    91                                  
    92                                  ;***********************************************************
    93                                  ;  ブート処理の第2ステージ
    94                                  ;***********************************************************
    95                                  stage_2:
    96                                          ;---------------------------------------
    97                                          ; 文字列を表示
    98                                          ;---------------------------------------
    99 00000200 68[0B02]E8BAFE83C4-             cdecl puts, .s0
    99 00000208 02                 
   100                                  
   101                                          ;---------------------------------------
   102                                          ; 処理の終了
   103                                          ;---------------------------------------
   104 00000209 EBFE                            jmp $
   105                                  
   106                                          ;---------------------------------------
   107                                          ; データ
   108                                          ;---------------------------------------
   109 0000020B 326E64207374616765-     .s0     db "2nd stage...", 0x0A, 0x0D, 0
   109 00000214 2E2E2E0A0D00       
   110                                  
   111                                  ;***********************************************************
   112                                  ;  パディング（このファイルは8Kバイトとする）
   113                                  ;***********************************************************
   114 0000021A 00<rept>                        times BOOT_SIZE - ($ - $$) db 0
