     1                                  ;***********************************************************
     2                                  ;  マクロ
     3                                  ;***********************************************************
     4                                  %include "../include/define.s"
     1                              <1> BOOT_SIZE equ (1024 * 8)
     2                              <1> KERNEL_SIZE equ (1024 * 8)
     3                              <1> 
     4                              <1> BOOT_LOAD equ 0x7C00
     5                              <1> BOOT_END equ (BOOT_LOAD + BOOT_SIZE)
     6                              <1> 
     7                              <1> KERNEL_LOAD equ 0x0010_1000
     8                              <1> 
     9                              <1> SECT_SIZE equ (512)
    10                              <1> 
    11                              <1> BOOT_SECT equ (BOOT_SIZE / SECT_SIZE)
    12                              <1> KERNEL_SECT equ (KERNEL_SIZE / SECT_SIZE)
    13                              <1> 
    14                              <1> E820_RECORD_SIZE equ 20
     5                                  %include "../include/macro.s"
     1                              <1> %macro cdecl 1-*.nolist
     2                              <1>     %rep %0 - 1
     3                              <1>         push %{-1:-1}
     4                              <1>         %rotate -1
     5                              <1>     %endrep
     6                              <1>     %rotate -1
     7                              <1> 
     8                              <1>     call %1
     9                              <1> 
    10                              <1>     %if 1 < %0
    11                              <1>         add sp, (__BITS__ >> 3) * (%0 - 1)
    12                              <1>     %endif
    13                              <1> %endmacro
    14                              <1> 
    15                              <1> struc drive
    16 00000000 <res 00000002>      <1>     .no resw 1      ; ドライブ番号
    17 00000002 <res 00000002>      <1>     .cyln resw 1    ; シリンダ
    18 00000004 <res 00000002>      <1>     .head resw 1    ; ヘッド
    19 00000006 <res 00000002>      <1>     .sect resw 1    ; セクタ
    20                              <1> endstruc
     6                                  
     7                                          ORG KERNEL_LOAD
     8                                  
     9                                  [BITS 32]
    10                                  ;***********************************************************
    11                                  ;  エントリポイント
    12                                  ;***********************************************************
    13                                  kernel:
    14                                          ;------------------------------------------
    15                                          ; フォントアドレスを取得
    16                                          ;------------------------------------------
    17 00000000 BE007E0000                      mov esi, BOOT_LOAD + SECT_SIZE
    18 00000005 0FB706                          movzx eax, word[esi + 0]
    19 00000008 0FB75E02                        movzx ebx, word[esi + 2]
    20 0000000C C1E004                          shl eax, 4
    21 0000000F 01D8                            add eax, ebx
    22 00000011 A3[28000000]                    mov [FONT_ADR], eax
    23                                  
    24                                          ;------------------------------------------
    25                                          ; フォントの一覧表示
    26                                          ;------------------------------------------
    27 00000016 6A0D6A3FE856010000-             cdecl draw_font, 63, 13
    27 0000001F 6683C408           
    28                                  
    29                                          ;------------------------------------------
    30                                          ; 処理の終了
    31                                          ;------------------------------------------
    32 00000023 EBFE                            jmp $
    33                                  
    34 00000025 00<rept>                ALIGN 4, db 0
    35 00000028 00000000                FONT_ADR: dd 0
    36                                  
    37                                  ;***********************************************************
    38                                  ;  モジュール
    39                                  ;***********************************************************
    40                                  %include "../modules/protect/vga.s"
     1                              <1> vga_set_read_plane:
     2                              <1>         ;-----------------------------------------
     3                              <1>         ; 【スタックフレームの構築】
     4                              <1>         ;-----------------------------------------
     5 0000002C 55                  <1>         push ebp
     6 0000002D 89E5                <1>         mov ebp, esp
     7                              <1> 
     8                              <1>         ;-----------------------------------------
     9                              <1>         ; 【レジスタの保存】
    10                              <1>         ;-----------------------------------------
    11 0000002F 50                  <1>         push eax
    12 00000030 52                  <1>         push edx
    13                              <1> 
    14                              <1>         ;-----------------------------------------
    15                              <1>         ; 読み込みプレーンの選択
    16                              <1>         ;-----------------------------------------
    17 00000031 8A6508              <1>         mov ah, [ebp + 8]
    18 00000034 80E403              <1>         and ah, 0x03
    19 00000037 B004                <1>         mov al, 0x04
    20 00000039 66BACE03            <1>         mov dx, 0x03CE
    21 0000003D 66EF                <1>         out dx, ax
    22                              <1> 
    23                              <1>         ;-----------------------------------------
    24                              <1>         ; 【レジスタの復帰】
    25                              <1>         ;-----------------------------------------
    26 0000003F 5A                  <1>         pop edx
    27 00000040 58                  <1>         pop eax
    28                              <1> 
    29                              <1>         ;-----------------------------------------
    30                              <1>         ; 【スタックフレームの破棄】
    31                              <1>         ;-----------------------------------------
    32 00000041 89EC                <1>         mov esp, ebp
    33 00000043 5D                  <1>         pop ebp
    34                              <1> 
    35 00000044 C3                  <1>         ret
    36                              <1> 
    37                              <1> vga_set_write_plane:
    38                              <1>         ;-----------------------------------------
    39                              <1>         ; 【スタックフレームの構築】
    40                              <1>         ;-----------------------------------------
    41 00000045 55                  <1>         push ebp
    42 00000046 89E5                <1>         mov ebp, esp
    43                              <1> 
    44                              <1>         ;-----------------------------------------
    45                              <1>         ; 【レジスタの保存】
    46                              <1>         ;-----------------------------------------
    47 00000048 50                  <1>         push eax
    48 00000049 52                  <1>         push edx
    49                              <1> 
    50                              <1>         ;-----------------------------------------
    51                              <1>         ; 書き込みプレーンの選択
    52                              <1>         ;-----------------------------------------
    53 0000004A 8A6508              <1>         mov ah, [ebp + 8]
    54 0000004D 80E40F              <1>         and ah, 0x0F
    55 00000050 B002                <1>         mov al, 0x02
    56 00000052 66BAC403            <1>         mov dx, 0x03C4
    57 00000056 66EF                <1>         out dx, ax
    58                              <1> 
    59                              <1>         ;-----------------------------------------
    60                              <1>         ; 【レジスタの復帰】
    61                              <1>         ;-----------------------------------------
    62 00000058 5A                  <1>         pop edx
    63 00000059 58                  <1>         pop eax
    64                              <1> 
    65                              <1>         ;-----------------------------------------
    66                              <1>         ; 【スタックフレームの破棄】
    67                              <1>         ;-----------------------------------------
    68 0000005A 89EC                <1>         mov esp, ebp
    69 0000005C 5D                  <1>         pop ebp
    70                              <1> 
    71 0000005D C3                  <1>         ret
    72                              <1> 
    73                              <1> vram_font_copy:
    74                              <1>         ;-----------------------------------------
    75                              <1>         ; 【スタックフレームの構築】
    76                              <1>         ;-----------------------------------------
    77 0000005E 55                  <1>         push ebp
    78 0000005F 89E5                <1>         mov ebp, esp
    79                              <1> 
    80                              <1>         ;-----------------------------------------
    81                              <1>         ; 【レジスタの保存】
    82                              <1>         ;-----------------------------------------
    83 00000061 50                  <1>         push eax
    84 00000062 53                  <1>         push ebx
    85 00000063 51                  <1>         push ecx
    86 00000064 52                  <1>         push edx
    87 00000065 56                  <1>         push esi
    88 00000066 57                  <1>         push edi
    89                              <1> 
    90                              <1>         ;-----------------------------------------
    91                              <1>         ; マスクデータの作成
    92                              <1>         ;-----------------------------------------
    93 00000067 8B7508              <1>         mov esi, [ebp + 8]
    94 0000006A 8B7D0C              <1>         mov edi, [ebp + 12]
    95 0000006D 0FB64510            <1>         movzx eax, byte [ebp + 16]
    96 00000071 0FB75D14            <1>         movzx ebx, word [ebp + 20]
    97                              <1> 
    98 00000075 84C7                <1>         test bh, al
    99 00000077 0F94C6              <1>         setz dh
   100 0000007A FECE                <1>         dec dh
   101                              <1> 
   102 0000007C 84C3                <1>         test bl, al
   103 0000007E 0F94C2              <1>         setz dl
   104 00000081 FECA                <1>         dec dl
   105                              <1> 
   106                              <1>         ;-----------------------------------------
   107                              <1>         ; 16ドットフォントのコピー
   108                              <1>         ;-----------------------------------------
   109 00000083 FC                  <1>         cld
   110                              <1> 
   111 00000084 B910000000          <1>         mov ecx, 16
   112                              <1> .10L:
   113                              <1>         ;-----------------------------------------
   114                              <1>         ; フォントマスクの作成
   115                              <1>         ;-----------------------------------------
   116 00000089 AC                  <1>         lodsb
   117 0000008A 88C4                <1>         mov ah, al
   118 0000008C F6D4                <1>         not ah
   119                              <1> 
   120                              <1>         ;-----------------------------------------
   121                              <1>         ; 前景色
   122                              <1>         ;-----------------------------------------
   123 0000008E 20D0                <1>         and al, dl
   124                              <1> 
   125                              <1>         ;-----------------------------------------
   126                              <1>         ; 背景色
   127                              <1>         ;-----------------------------------------
   128 00000090 F7C310000000        <1>         test ebx, 0x0010
   129 00000096 7404                <1>         jz .11F
   130 00000098 2227                <1>         and ah, [edi]
   131 0000009A EB02                <1>         jmp .11E
   132                              <1> .11F:
   133 0000009C 20F4                <1>         and ah, dh
   134                              <1> .11E:
   135                              <1>         ;-----------------------------------------
   136                              <1>         ; 前景色と背景色をコピー
   137                              <1>         ;-----------------------------------------
   138 0000009E 08E0                <1>         or al, ah
   139                              <1> 
   140                              <1>         ;-----------------------------------------
   141                              <1>         ; 新しい値を出力
   142                              <1>         ;-----------------------------------------
   143 000000A0 8807                <1>         mov [edi], al
   144                              <1> 
   145 000000A2 83C750              <1>         add edi, 80
   146 000000A5 E2E2                <1>         loop .10L
   147                              <1> .10E:
   148                              <1> 
   149                              <1>         ;-----------------------------------------
   150                              <1>         ; 【レジスタの復帰】
   151                              <1>         ;-----------------------------------------
   152 000000A7 5F                  <1>         pop edi
   153 000000A8 5E                  <1>         pop esi
   154 000000A9 5A                  <1>         pop edx
   155 000000AA 59                  <1>         pop ecx
   156 000000AB 5B                  <1>         pop ebx
   157 000000AC 58                  <1>         pop eax
   158                              <1> 
   159                              <1>         ;-----------------------------------------
   160                              <1>         ; 【スタックフレームの破棄】
   161                              <1>         ;-----------------------------------------
   162 000000AD 89EC                <1>         mov esp, ebp
   163 000000AF 5D                  <1>         pop ebp
   164                              <1> 
   165 000000B0 C3                  <1>         ret
    41                                  %include "../modules/protect/draw_char.s"
     1                              <1> draw_char:
     2                              <1>         ;-----------------------------------------
     3                              <1>         ; 【スタックフレームの構築】
     4                              <1>         ;-----------------------------------------
     5 000000B1 55                  <1>         push ebp
     6 000000B2 89E5                <1>         mov ebp, esp
     7                              <1> 
     8                              <1>         ;-----------------------------------------
     9                              <1>         ; 【レジスタの保存】
    10                              <1>         ;-----------------------------------------
    11 000000B4 50                  <1>         push	eax
    12 000000B5 53                  <1>         push	ebx
    13 000000B6 51                  <1>         push	ecx
    14 000000B7 52                  <1>         push	edx
    15 000000B8 56                  <1>         push	esi
    16 000000B9 57                  <1>         push	edi
    17                              <1> 
    18                              <1>         ;-----------------------------------------
    19                              <1>         ; コピー元フォントアドレスを設定
    20                              <1>         ;-----------------------------------------
    21 000000BA 0FB67514            <1>         movzx esi, byte [ebp + 20]
    22 000000BE C1E604              <1>         shl esi, 4
    23 000000C1 0335[28000000]      <1>         add esi, [FONT_ADR]
    24                              <1> 
    25                              <1>         ;-----------------------------------------
    26                              <1>         ; コピー先アドレスを取得
    27                              <1>         ; Adr = 0xA0000 + (640 / 8 * 16) * y + x
    28                              <1>         ;-----------------------------------------
    29 000000C7 8B7D0C              <1>         mov edi, [ebp + 12]
    30 000000CA C1E708              <1>         shl edi, 8
    31 000000CD 8DBCBF00000A00      <1>         lea edi, [edi * 4 + edi + 0xA0000]
    32 000000D4 037D08              <1>         add edi, [ebp + 8]
    33                              <1> 
    34                              <1>         ;-----------------------------------------
    35                              <1>         ; 1文字分のフォントを出力
    36                              <1>         ;-----------------------------------------
    37 000000D7 0FB75D10            <1>         movzx ebx, word[ebp + 16]
    38                              <1> 
    39 000000DB 6A03E84AFFFFFF6683- <1>         cdecl	vga_set_read_plane, 0x03
    39 000000E4 C404                <1>
    40 000000E6 6A08E858FFFFFF6683- <1>         cdecl	vga_set_write_plane, 0x08
    40 000000EF C404                <1>
    41 000000F1 536A085756E863FFFF- <1>         cdecl	vram_font_copy, esi, edi, 0x08, ebx
    41 000000FA FF6683C410          <1>
    42                              <1> 
    43 000000FF 6A02E826FFFFFF6683- <1>         cdecl	vga_set_read_plane, 0x02
    43 00000108 C404                <1>
    44 0000010A 6A04E834FFFFFF6683- <1>         cdecl	vga_set_write_plane, 0x04
    44 00000113 C404                <1>
    45 00000115 536A045756E83FFFFF- <1>         cdecl	vram_font_copy, esi, edi, 0x04, ebx
    45 0000011E FF6683C410          <1>
    46                              <1> 
    47 00000123 6A01E802FFFFFF6683- <1>         cdecl	vga_set_read_plane, 0x01
    47 0000012C C404                <1>
    48 0000012E 6A02E810FFFFFF6683- <1>         cdecl	vga_set_write_plane, 0x02
    48 00000137 C404                <1>
    49 00000139 536A025756E81BFFFF- <1>         cdecl	vram_font_copy, esi, edi, 0x02, ebx
    49 00000142 FF6683C410          <1>
    50                              <1> 
    51 00000147 6A00E8DEFEFFFF6683- <1>         cdecl	vga_set_read_plane, 0x00
    51 00000150 C404                <1>
    52 00000152 6A01E8ECFEFFFF6683- <1>         cdecl	vga_set_write_plane, 0x01
    52 0000015B C404                <1>
    53 0000015D 536A015756E8F7FEFF- <1>         cdecl	vram_font_copy, esi, edi, 0x01, ebx
    53 00000166 FF6683C410          <1>
    54                              <1> 
    55                              <1>         ;-----------------------------------------
    56                              <1>         ; 【レジスタの復帰】
    57                              <1>         ;-----------------------------------------
    58 0000016B 5F                  <1>         pop edi
    59 0000016C 5E                  <1>         pop esi
    60 0000016D 5A                  <1>         pop edx
    61 0000016E 59                  <1>         pop ecx
    62 0000016F 5B                  <1>         pop ebx
    63 00000170 58                  <1>         pop eax
    64                              <1> 
    65                              <1>         ;-----------------------------------------
    66                              <1>         ; 【スタックフレームの破棄】
    67                              <1>         ;-----------------------------------------
    68 00000171 89EC                <1>         mov esp, ebp
    69 00000173 5D                  <1>         pop ebp
    70                              <1> 
    71 00000174 C3                  <1>         ret
    42                                  %include "../modules/protect/draw_font.s"
     1                              <1> draw_font:
     2                              <1>         ;-----------------------------------------
     3                              <1>         ; 【スタックフレームの構築】
     4                              <1>         ;-----------------------------------------
     5 00000175 55                  <1>         push ebp
     6 00000176 89E5                <1>         mov ebp, esp
     7                              <1> 
     8                              <1>         ;-----------------------------------------
     9                              <1>         ; 【レジスタの保存】
    10                              <1>         ;-----------------------------------------
    11 00000178 50                  <1>         push	eax
    12 00000179 53                  <1>         push	ebx
    13 0000017A 51                  <1>         push	ecx
    14 0000017B 52                  <1>         push	edx
    15 0000017C 56                  <1>         push	esi
    16 0000017D 57                  <1>         push	edi
    17                              <1> 
    18                              <1>         ;-----------------------------------------
    19                              <1>         ; 基準となる位置をレジスタに保存
    20                              <1>         ;-----------------------------------------
    21 0000017E 8B7508              <1>         mov esi, [ebp + 8]
    22 00000181 8B7D0C              <1>         mov edi, [ebp + 12]
    23                              <1> 
    24                              <1>         ;-----------------------------------------
    25                              <1>         ; フォントを一覧表示する
    26                              <1>         ;-----------------------------------------
    27 00000184 B900000000          <1>         mov ecx, 0
    28                              <1> .10L:
    29 00000189 81F900010000        <1>         cmp ecx, 256
    30 0000018F 731F                <1>         jae .10E
    31                              <1> 
    32 00000191 89C8                <1>         mov eax, ecx
    33 00000193 83E00F              <1>         and eax, 0x0F
    34 00000196 01F0                <1>         add eax, esi
    35                              <1> 
    36 00000198 89CB                <1>         mov ebx, ecx
    37 0000019A C1EB04              <1>         shr ebx, 4
    38 0000019D 01FB                <1>         add ebx, edi
    39                              <1> 
    40 0000019F 516A075350E808FFFF- <1>         cdecl draw_char, eax, ebx, 0x07, ecx
    40 000001A8 FF6683C410          <1>
    41                              <1> 
    42 000001AD 41                  <1>         inc ecx
    43 000001AE EBD9                <1>         jmp .10L
    44                              <1> .10E:
    45                              <1> 
    46                              <1>         ;-----------------------------------------
    47                              <1>         ; 【レジスタの復帰】
    48                              <1>         ;-----------------------------------------
    49 000001B0 5F                  <1>         pop edi
    50 000001B1 5E                  <1>         pop esi
    51 000001B2 5A                  <1>         pop edx
    52 000001B3 59                  <1>         pop ecx
    53 000001B4 5B                  <1>         pop ebx
    54 000001B5 58                  <1>         pop eax
    55                              <1> 
    56                              <1>         ;-----------------------------------------
    57                              <1>         ; 【スタックフレームの破棄】
    58                              <1>         ;-----------------------------------------
    59 000001B6 89EC                <1>         mov esp, ebp
    60 000001B8 5D                  <1>         pop ebp
    61                              <1> 
    62 000001B9 C3                  <1>         ret
    43                                  
    44                                  ;***********************************************************
    45                                  ;  パディング
    46                                  ;***********************************************************
    47 000001BA 00<rept>                        times KERNEL_SIZE - ($ - $$) db 0
