     1                                  ;***********************************************************
     2                                  ;  マクロ
     3                                  ;***********************************************************
     4                                  %include "../include/define.s"
     1                              <1> BOOT_SIZE equ (1024 * 8)
     2                              <1> KERNEL_SIZE equ (1024 * 8)
     3                              <1> 
     4                              <1> BOOT_LOAD equ 0x7C00
     5                              <1> BOOT_END equ (BOOT_LOAD + BOOT_SIZE)
     6                              <1> 
     7                              <1> KERNEL_LOAD equ 0x0010_1000
     8                              <1> 
     9                              <1> SECT_SIZE equ (512)
    10                              <1> 
    11                              <1> BOOT_SECT equ (BOOT_SIZE / SECT_SIZE)
    12                              <1> KERNEL_SECT equ (KERNEL_SIZE / SECT_SIZE)
    13                              <1> 
    14                              <1> E820_RECORD_SIZE equ 20
     5                                  %include "../include/macro.s"
     1                              <1> %macro cdecl 1-*.nolist
     2                              <1>     %rep %0 - 1
     3                              <1>         push %{-1:-1}
     4                              <1>         %rotate -1
     5                              <1>     %endrep
     6                              <1>     %rotate -1
     7                              <1> 
     8                              <1>     call %1
     9                              <1> 
    10                              <1>     %if 1 < %0
    11                              <1>         add sp, (__BITS__ >> 3) * (%0 - 1)
    12                              <1>     %endif
    13                              <1> %endmacro
    14                              <1> 
    15                              <1> struc drive
    16 00000000 <res 00000002>      <1>     .no resw 1      ; ドライブ番号
    17 00000002 <res 00000002>      <1>     .cyln resw 1    ; シリンダ
    18 00000004 <res 00000002>      <1>     .head resw 1    ; ヘッド
    19 00000006 <res 00000002>      <1>     .sect resw 1    ; セクタ
    20                              <1> endstruc
     6                                  
     7                                          ORG KERNEL_LOAD
     8                                  
     9                                  [BITS 32]
    10                                  ;***********************************************************
    11                                  ;  エントリポイント
    12                                  ;***********************************************************
    13                                  kernel:
    14                                          ;------------------------------------------
    15                                          ; フォントアドレスを取得
    16                                          ;------------------------------------------
    17 00000000 BE007E0000                      mov esi, BOOT_LOAD + SECT_SIZE
    18 00000005 0FB706                          movzx eax, word[esi + 0]
    19 00000008 0FB75E02                        movzx ebx, word[esi + 2]
    20 0000000C C1E004                          shl eax, 4
    21 0000000F 01D8                            add eax, ebx
    22 00000011 A3[5C000000]                    mov [FONT_ADR], eax
    23                                  
    24                                          ;------------------------------------------
    25                                          ; フォントの一覧表示
    26                                          ;------------------------------------------
    27 00000016 6A0D6A3FE88A010000-             cdecl draw_font, 63, 13
    27 0000001F 6683C408           
    28 00000023 6A046A3FE80B020000-             cdecl draw_color_bar, 63, 4
    28 0000002C 6683C408           
    29                                  
    30                                          ;------------------------------------------
    31                                          ; 文字列を描画
    32                                          ;------------------------------------------
    33 00000030 68[49000000]680F01-             cdecl draw_str, 25, 14, 0x010F, .s0
    33 00000038 00006A0E6A19E8AB01-
    33 00000041 00006683C410       
    34                                  
    35                                          ;------------------------------------------
    36                                          ; 処理の終了
    37                                          ;------------------------------------------
    38 00000047 EBFE                            jmp $
    39                                  
    40 00000049 2048656C6C6F2C206B-     .s0:    db " Hello, kernel! ", 0
    40 00000052 65726E656C212000   
    41                                  
    42 0000005A 00<rept>                ALIGN 4, db 0
    43 0000005C 00000000                FONT_ADR: dd 0
    44                                  
    45                                  ;***********************************************************
    46                                  ;  モジュール
    47                                  ;***********************************************************
    48                                  %include "../modules/protect/vga.s"
     1                              <1> vga_set_read_plane:
     2                              <1>         ;-----------------------------------------
     3                              <1>         ; 【スタックフレームの構築】
     4                              <1>         ;-----------------------------------------
     5 00000060 55                  <1>         push ebp
     6 00000061 89E5                <1>         mov ebp, esp
     7                              <1> 
     8                              <1>         ;-----------------------------------------
     9                              <1>         ; 【レジスタの保存】
    10                              <1>         ;-----------------------------------------
    11 00000063 50                  <1>         push eax
    12 00000064 52                  <1>         push edx
    13                              <1> 
    14                              <1>         ;-----------------------------------------
    15                              <1>         ; 読み込みプレーンの選択
    16                              <1>         ;-----------------------------------------
    17 00000065 8A6508              <1>         mov ah, [ebp + 8]
    18 00000068 80E403              <1>         and ah, 0x03
    19 0000006B B004                <1>         mov al, 0x04
    20 0000006D 66BACE03            <1>         mov dx, 0x03CE
    21 00000071 66EF                <1>         out dx, ax
    22                              <1> 
    23                              <1>         ;-----------------------------------------
    24                              <1>         ; 【レジスタの復帰】
    25                              <1>         ;-----------------------------------------
    26 00000073 5A                  <1>         pop edx
    27 00000074 58                  <1>         pop eax
    28                              <1> 
    29                              <1>         ;-----------------------------------------
    30                              <1>         ; 【スタックフレームの破棄】
    31                              <1>         ;-----------------------------------------
    32 00000075 89EC                <1>         mov esp, ebp
    33 00000077 5D                  <1>         pop ebp
    34                              <1> 
    35 00000078 C3                  <1>         ret
    36                              <1> 
    37                              <1> vga_set_write_plane:
    38                              <1>         ;-----------------------------------------
    39                              <1>         ; 【スタックフレームの構築】
    40                              <1>         ;-----------------------------------------
    41 00000079 55                  <1>         push ebp
    42 0000007A 89E5                <1>         mov ebp, esp
    43                              <1> 
    44                              <1>         ;-----------------------------------------
    45                              <1>         ; 【レジスタの保存】
    46                              <1>         ;-----------------------------------------
    47 0000007C 50                  <1>         push eax
    48 0000007D 52                  <1>         push edx
    49                              <1> 
    50                              <1>         ;-----------------------------------------
    51                              <1>         ; 書き込みプレーンの選択
    52                              <1>         ;-----------------------------------------
    53 0000007E 8A6508              <1>         mov ah, [ebp + 8]
    54 00000081 80E40F              <1>         and ah, 0x0F
    55 00000084 B002                <1>         mov al, 0x02
    56 00000086 66BAC403            <1>         mov dx, 0x03C4
    57 0000008A 66EF                <1>         out dx, ax
    58                              <1> 
    59                              <1>         ;-----------------------------------------
    60                              <1>         ; 【レジスタの復帰】
    61                              <1>         ;-----------------------------------------
    62 0000008C 5A                  <1>         pop edx
    63 0000008D 58                  <1>         pop eax
    64                              <1> 
    65                              <1>         ;-----------------------------------------
    66                              <1>         ; 【スタックフレームの破棄】
    67                              <1>         ;-----------------------------------------
    68 0000008E 89EC                <1>         mov esp, ebp
    69 00000090 5D                  <1>         pop ebp
    70                              <1> 
    71 00000091 C3                  <1>         ret
    72                              <1> 
    73                              <1> vram_font_copy:
    74                              <1>         ;-----------------------------------------
    75                              <1>         ; 【スタックフレームの構築】
    76                              <1>         ;-----------------------------------------
    77 00000092 55                  <1>         push ebp
    78 00000093 89E5                <1>         mov ebp, esp
    79                              <1> 
    80                              <1>         ;-----------------------------------------
    81                              <1>         ; 【レジスタの保存】
    82                              <1>         ;-----------------------------------------
    83 00000095 50                  <1>         push eax
    84 00000096 53                  <1>         push ebx
    85 00000097 51                  <1>         push ecx
    86 00000098 52                  <1>         push edx
    87 00000099 56                  <1>         push esi
    88 0000009A 57                  <1>         push edi
    89                              <1> 
    90                              <1>         ;-----------------------------------------
    91                              <1>         ; マスクデータの作成
    92                              <1>         ;-----------------------------------------
    93 0000009B 8B7508              <1>         mov esi, [ebp + 8]
    94 0000009E 8B7D0C              <1>         mov edi, [ebp + 12]
    95 000000A1 0FB64510            <1>         movzx eax, byte [ebp + 16]
    96 000000A5 0FB75D14            <1>         movzx ebx, word [ebp + 20]
    97                              <1> 
    98 000000A9 84C7                <1>         test bh, al
    99 000000AB 0F94C6              <1>         setz dh
   100 000000AE FECE                <1>         dec dh
   101                              <1> 
   102 000000B0 84C3                <1>         test bl, al
   103 000000B2 0F94C2              <1>         setz dl
   104 000000B5 FECA                <1>         dec dl
   105                              <1> 
   106                              <1>         ;-----------------------------------------
   107                              <1>         ; 16ドットフォントのコピー
   108                              <1>         ;-----------------------------------------
   109 000000B7 FC                  <1>         cld
   110                              <1> 
   111 000000B8 B910000000          <1>         mov ecx, 16
   112                              <1> .10L:
   113                              <1>         ;-----------------------------------------
   114                              <1>         ; フォントマスクの作成
   115                              <1>         ;-----------------------------------------
   116 000000BD AC                  <1>         lodsb
   117 000000BE 88C4                <1>         mov ah, al
   118 000000C0 F6D4                <1>         not ah
   119                              <1> 
   120                              <1>         ;-----------------------------------------
   121                              <1>         ; 前景色
   122                              <1>         ;-----------------------------------------
   123 000000C2 20D0                <1>         and al, dl
   124                              <1> 
   125                              <1>         ;-----------------------------------------
   126                              <1>         ; 背景色
   127                              <1>         ;-----------------------------------------
   128 000000C4 F7C310000000        <1>         test ebx, 0x0010
   129 000000CA 7404                <1>         jz .11F
   130 000000CC 2227                <1>         and ah, [edi]
   131 000000CE EB02                <1>         jmp .11E
   132                              <1> .11F:
   133 000000D0 20F4                <1>         and ah, dh
   134                              <1> .11E:
   135                              <1>         ;-----------------------------------------
   136                              <1>         ; 前景色と背景色をコピー
   137                              <1>         ;-----------------------------------------
   138 000000D2 08E0                <1>         or al, ah
   139                              <1> 
   140                              <1>         ;-----------------------------------------
   141                              <1>         ; 新しい値を出力
   142                              <1>         ;-----------------------------------------
   143 000000D4 8807                <1>         mov [edi], al
   144                              <1> 
   145 000000D6 83C750              <1>         add edi, 80
   146 000000D9 E2E2                <1>         loop .10L
   147                              <1> .10E:
   148                              <1> 
   149                              <1>         ;-----------------------------------------
   150                              <1>         ; 【レジスタの復帰】
   151                              <1>         ;-----------------------------------------
   152 000000DB 5F                  <1>         pop edi
   153 000000DC 5E                  <1>         pop esi
   154 000000DD 5A                  <1>         pop edx
   155 000000DE 59                  <1>         pop ecx
   156 000000DF 5B                  <1>         pop ebx
   157 000000E0 58                  <1>         pop eax
   158                              <1> 
   159                              <1>         ;-----------------------------------------
   160                              <1>         ; 【スタックフレームの破棄】
   161                              <1>         ;-----------------------------------------
   162 000000E1 89EC                <1>         mov esp, ebp
   163 000000E3 5D                  <1>         pop ebp
   164                              <1> 
   165 000000E4 C3                  <1>         ret
    49                                  %include "../modules/protect/draw_char.s"
     1                              <1> draw_char:
     2                              <1>         ;-----------------------------------------
     3                              <1>         ; 【スタックフレームの構築】
     4                              <1>         ;-----------------------------------------
     5 000000E5 55                  <1>         push ebp
     6 000000E6 89E5                <1>         mov ebp, esp
     7                              <1> 
     8                              <1>         ;-----------------------------------------
     9                              <1>         ; 【レジスタの保存】
    10                              <1>         ;-----------------------------------------
    11 000000E8 50                  <1>         push	eax
    12 000000E9 53                  <1>         push	ebx
    13 000000EA 51                  <1>         push	ecx
    14 000000EB 52                  <1>         push	edx
    15 000000EC 56                  <1>         push	esi
    16 000000ED 57                  <1>         push	edi
    17                              <1> 
    18                              <1>         ;-----------------------------------------
    19                              <1>         ; コピー元フォントアドレスを設定
    20                              <1>         ;-----------------------------------------
    21 000000EE 0FB67514            <1>         movzx esi, byte [ebp + 20]
    22 000000F2 C1E604              <1>         shl esi, 4
    23 000000F5 0335[5C000000]      <1>         add esi, [FONT_ADR]
    24                              <1> 
    25                              <1>         ;-----------------------------------------
    26                              <1>         ; コピー先アドレスを取得
    27                              <1>         ; Adr = 0xA0000 + (640 / 8 * 16) * y + x
    28                              <1>         ;-----------------------------------------
    29 000000FB 8B7D0C              <1>         mov edi, [ebp + 12]
    30 000000FE C1E708              <1>         shl edi, 8
    31 00000101 8DBCBF00000A00      <1>         lea edi, [edi * 4 + edi + 0xA0000]
    32 00000108 037D08              <1>         add edi, [ebp + 8]
    33                              <1> 
    34                              <1>         ;-----------------------------------------
    35                              <1>         ; 1文字分のフォントを出力
    36                              <1>         ;-----------------------------------------
    37 0000010B 0FB75D10            <1>         movzx ebx, word[ebp + 16]
    38                              <1> 
    39 0000010F 6A03E84AFFFFFF6683- <1>         cdecl	vga_set_read_plane, 0x03
    39 00000118 C404                <1>
    40 0000011A 6A08E858FFFFFF6683- <1>         cdecl	vga_set_write_plane, 0x08
    40 00000123 C404                <1>
    41 00000125 536A085756E863FFFF- <1>         cdecl	vram_font_copy, esi, edi, 0x08, ebx
    41 0000012E FF6683C410          <1>
    42                              <1> 
    43 00000133 6A02E826FFFFFF6683- <1>         cdecl	vga_set_read_plane, 0x02
    43 0000013C C404                <1>
    44 0000013E 6A04E834FFFFFF6683- <1>         cdecl	vga_set_write_plane, 0x04
    44 00000147 C404                <1>
    45 00000149 536A045756E83FFFFF- <1>         cdecl	vram_font_copy, esi, edi, 0x04, ebx
    45 00000152 FF6683C410          <1>
    46                              <1> 
    47 00000157 6A01E802FFFFFF6683- <1>         cdecl	vga_set_read_plane, 0x01
    47 00000160 C404                <1>
    48 00000162 6A02E810FFFFFF6683- <1>         cdecl	vga_set_write_plane, 0x02
    48 0000016B C404                <1>
    49 0000016D 536A025756E81BFFFF- <1>         cdecl	vram_font_copy, esi, edi, 0x02, ebx
    49 00000176 FF6683C410          <1>
    50                              <1> 
    51 0000017B 6A00E8DEFEFFFF6683- <1>         cdecl	vga_set_read_plane, 0x00
    51 00000184 C404                <1>
    52 00000186 6A01E8ECFEFFFF6683- <1>         cdecl	vga_set_write_plane, 0x01
    52 0000018F C404                <1>
    53 00000191 536A015756E8F7FEFF- <1>         cdecl	vram_font_copy, esi, edi, 0x01, ebx
    53 0000019A FF6683C410          <1>
    54                              <1> 
    55                              <1>         ;-----------------------------------------
    56                              <1>         ; 【レジスタの復帰】
    57                              <1>         ;-----------------------------------------
    58 0000019F 5F                  <1>         pop edi
    59 000001A0 5E                  <1>         pop esi
    60 000001A1 5A                  <1>         pop edx
    61 000001A2 59                  <1>         pop ecx
    62 000001A3 5B                  <1>         pop ebx
    63 000001A4 58                  <1>         pop eax
    64                              <1> 
    65                              <1>         ;-----------------------------------------
    66                              <1>         ; 【スタックフレームの破棄】
    67                              <1>         ;-----------------------------------------
    68 000001A5 89EC                <1>         mov esp, ebp
    69 000001A7 5D                  <1>         pop ebp
    70                              <1> 
    71 000001A8 C3                  <1>         ret
    50                                  %include "../modules/protect/draw_font.s"
     1                              <1> draw_font:
     2                              <1>         ;-----------------------------------------
     3                              <1>         ; 【スタックフレームの構築】
     4                              <1>         ;-----------------------------------------
     5 000001A9 55                  <1>         push ebp
     6 000001AA 89E5                <1>         mov ebp, esp
     7                              <1> 
     8                              <1>         ;-----------------------------------------
     9                              <1>         ; 【レジスタの保存】
    10                              <1>         ;-----------------------------------------
    11 000001AC 50                  <1>         push	eax
    12 000001AD 53                  <1>         push	ebx
    13 000001AE 51                  <1>         push	ecx
    14 000001AF 52                  <1>         push	edx
    15 000001B0 56                  <1>         push	esi
    16 000001B1 57                  <1>         push	edi
    17                              <1> 
    18                              <1>         ;-----------------------------------------
    19                              <1>         ; 基準となる位置をレジスタに保存
    20                              <1>         ;-----------------------------------------
    21 000001B2 8B7508              <1>         mov esi, [ebp + 8]
    22 000001B5 8B7D0C              <1>         mov edi, [ebp + 12]
    23                              <1> 
    24                              <1>         ;-----------------------------------------
    25                              <1>         ; フォントを一覧表示する
    26                              <1>         ;-----------------------------------------
    27 000001B8 B900000000          <1>         mov ecx, 0
    28                              <1> .10L:
    29 000001BD 81F900010000        <1>         cmp ecx, 256
    30 000001C3 731F                <1>         jae .10E
    31                              <1> 
    32 000001C5 89C8                <1>         mov eax, ecx
    33 000001C7 83E00F              <1>         and eax, 0x0F
    34 000001CA 01F0                <1>         add eax, esi
    35                              <1> 
    36 000001CC 89CB                <1>         mov ebx, ecx
    37 000001CE C1EB04              <1>         shr ebx, 4
    38 000001D1 01FB                <1>         add ebx, edi
    39                              <1> 
    40 000001D3 516A075350E808FFFF- <1>         cdecl draw_char, eax, ebx, 0x07, ecx
    40 000001DC FF6683C410          <1>
    41                              <1> 
    42 000001E1 41                  <1>         inc ecx
    43 000001E2 EBD9                <1>         jmp .10L
    44                              <1> .10E:
    45                              <1> 
    46                              <1>         ;-----------------------------------------
    47                              <1>         ; 【レジスタの復帰】
    48                              <1>         ;-----------------------------------------
    49 000001E4 5F                  <1>         pop edi
    50 000001E5 5E                  <1>         pop esi
    51 000001E6 5A                  <1>         pop edx
    52 000001E7 59                  <1>         pop ecx
    53 000001E8 5B                  <1>         pop ebx
    54 000001E9 58                  <1>         pop eax
    55                              <1> 
    56                              <1>         ;-----------------------------------------
    57                              <1>         ; 【スタックフレームの破棄】
    58                              <1>         ;-----------------------------------------
    59 000001EA 89EC                <1>         mov esp, ebp
    60 000001EC 5D                  <1>         pop ebp
    61                              <1> 
    62 000001ED C3                  <1>         ret
    51                                  %include "../modules/protect/draw_str.s"
     1                              <1> draw_str:
     2                              <1>         ;-----------------------------------------
     3                              <1>         ; 【スタックフレームの構築】
     4                              <1>         ;-----------------------------------------
     5 000001EE 55                  <1>         push ebp
     6 000001EF 89E5                <1>         mov ebp, esp
     7                              <1> 
     8                              <1>         ;-----------------------------------------
     9                              <1>         ; 【レジスタの保存】
    10                              <1>         ;-----------------------------------------
    11 000001F1 50                  <1>         push	eax
    12 000001F2 53                  <1>         push	ebx
    13 000001F3 51                  <1>         push	ecx
    14 000001F4 52                  <1>         push	edx
    15 000001F5 56                  <1>         push	esi
    16                              <1> 
    17                              <1>         ;-----------------------------------------
    18                              <1>         ; 文字列を描画する
    19                              <1>         ;-----------------------------------------
    20 000001F6 8B4D08              <1>         mov ecx, [ebp + 8]
    21 000001F9 8B550C              <1>         mov edx, [ebp + 12]
    22 000001FC 0FB75D10            <1>         movzx ebx, word [ebp + 16]
    23 00000200 8B7514              <1>         mov esi, [ebp + 20]
    24                              <1> 
    25 00000203 FC                  <1>         cld
    26                              <1> .10L:
    27 00000204 AC                  <1>         lodsb
    28 00000205 3C00                <1>         cmp al, 0
    29 00000207 7425                <1>         je .10E
    30                              <1> 
    31 00000209 50535251E8D3FEFFFF- <1>         cdecl draw_char, ecx, edx, ebx, eax
    31 00000212 6683C410            <1>
    32                              <1> 
    33 00000216 41                  <1>         inc ecx
    34 00000217 83F950              <1>         cmp ecx, 80
    35 0000021A 7C10                <1>         jl .12E
    36 0000021C B900000000          <1>         mov ecx, 0
    37 00000221 42                  <1>         inc edx
    38 00000222 83FA1E              <1>         cmp edx, 30
    39 00000225 7C05                <1>         jl .12E
    40 00000227 BA00000000          <1>         mov edx, 0
    41                              <1> .12E:
    42 0000022C EBD6                <1>         jmp .10L
    43                              <1> .10E:
    44                              <1> 
    45                              <1>         ;-----------------------------------------
    46                              <1>         ; 【レジスタの復帰】
    47                              <1>         ;-----------------------------------------
    48 0000022E 5E                  <1>         pop esi
    49 0000022F 5A                  <1>         pop edx
    50 00000230 59                  <1>         pop ecx
    51 00000231 5B                  <1>         pop ebx
    52 00000232 58                  <1>         pop eax
    53                              <1> 
    54                              <1>         ;-----------------------------------------
    55                              <1>         ; 【スタックフレームの破棄】
    56                              <1>         ;-----------------------------------------
    57 00000233 89EC                <1>         mov esp, ebp
    58 00000235 5D                  <1>         pop ebp
    59                              <1> 
    60 00000236 C3                  <1>         ret
    52                                  %include "../modules/protect/draw_color_bar.s"
     1                              <1> draw_color_bar:
     2                              <1>         ;-----------------------------------------
     3                              <1>         ; 【スタックフレームの構築】
     4                              <1>         ;-----------------------------------------
     5 00000237 55                  <1>         push ebp
     6 00000238 89E5                <1>         mov ebp, esp
     7                              <1> 
     8                              <1>         ;-----------------------------------------
     9                              <1>         ; 【レジスタの保存】
    10                              <1>         ;-----------------------------------------
    11 0000023A 50                  <1>         push	eax
    12 0000023B 53                  <1>         push	ebx
    13 0000023C 51                  <1>         push	ecx
    14 0000023D 52                  <1>         push	edx
    15 0000023E 56                  <1>         push	esi
    16 0000023F 57                  <1>         push	edi
    17                              <1> 
    18                              <1>         ;-----------------------------------------
    19                              <1>         ; 基準となる位置をレジスタに保存
    20                              <1>         ;-----------------------------------------
    21 00000240 8B7508              <1>         mov esi, [ebp + 8]
    22 00000243 8B7D0C              <1>         mov edi, [ebp + 12]
    23                              <1> 
    24                              <1>         ;-----------------------------------------
    25                              <1>         ; カラーバーを表示
    26                              <1>         ;-----------------------------------------
    27 00000246 B900000000          <1>         mov ecx, 0
    28                              <1> .10L:
    29 0000024B 83F910              <1>         cmp ecx, 16
    30 0000024E 732E                <1>         jae .10E
    31                              <1> 
    32 00000250 89C8                <1>         mov eax, ecx
    33 00000252 83E001              <1>         and eax, 0x01
    34 00000255 C1E003              <1>         shl eax, 3
    35 00000258 01F0                <1>         add eax, esi
    36                              <1> 
    37 0000025A 89CB                <1>         mov ebx, ecx
    38 0000025C D1EB                <1>         shr ebx, 1
    39 0000025E 01FB                <1>         add ebx, edi
    40                              <1> 
    41 00000260 89CA                <1>         mov edx, ecx
    42 00000262 D1E2                <1>         shl edx, 1
    43 00000264 8B92[91020000]      <1>         mov edx, [.t0 + edx]
    44                              <1> 
    45 0000026A 68[88020000]525350- <1>         cdecl draw_str, eax, ebx, edx, .s0
    45 00000272 E877FFFFFF6683C410  <1>
    46                              <1> 
    47 0000027B 41                  <1>         inc ecx
    48 0000027C EBCD                <1>         jmp .10L
    49                              <1> .10E:
    50                              <1> 
    51                              <1>         ;-----------------------------------------
    52                              <1>         ; 【レジスタの復帰】
    53                              <1>         ;-----------------------------------------
    54 0000027E 5F                  <1>         pop edi
    55 0000027F 5E                  <1>         pop esi
    56 00000280 5A                  <1>         pop edx
    57 00000281 59                  <1>         pop ecx
    58 00000282 5B                  <1>         pop ebx
    59 00000283 58                  <1>         pop eax
    60                              <1> 
    61                              <1>         ;-----------------------------------------
    62                              <1>         ; 【スタックフレームの破棄】
    63                              <1>         ;-----------------------------------------
    64 00000284 89EC                <1>         mov esp, ebp
    65 00000286 5D                  <1>         pop ebp
    66                              <1> 
    67 00000287 C3                  <1>         ret
    68                              <1> 
    69 00000288 202020202020202000  <1> .s0:    db '        ', 0
    70 00000291 00000008            <1> .t0:    dw 0x0000, 0x0800
    71 00000295 00010009            <1>         dw 0x0100, 0x0900
    72 00000299 0002000A            <1>         dw 0x0200, 0x0A00
    73 0000029D 0003000B            <1>         dw 0x0300, 0x0B00
    74 000002A1 0004000C            <1>         dw 0x0400, 0x0C00
    75 000002A5 0005000D            <1>         dw 0x0500, 0x0D00
    76 000002A9 0006000E            <1>         dw 0x0600, 0x0E00
    77 000002AD 0007000F            <1>         dw 0x0700, 0x0F00
    53                                  
    54                                  ;***********************************************************
    55                                  ;  パディング
    56                                  ;***********************************************************
    57 000002B1 00<rept>                        times KERNEL_SIZE - ($ - $$) db 0
